[2026-07-24T20:18:00.391+0000] {local_task_job_runner.py:123} INFO - ::group::Pre task execution logs
[2026-07-24T20:18:00.403+0000] {taskinstance.py:2614} INFO - Dependencies all met for dep_context=non-requeueable deps ti=<TaskInstance: raw_from_s3_to_pg.get_and_transfer_raw_data_to_ods_pg scheduled__2026-07-23T02:00:00+00:00 [queued]>
[2026-07-24T20:18:00.408+0000] {taskinstance.py:2614} INFO - Dependencies all met for dep_context=requeueable deps ti=<TaskInstance: raw_from_s3_to_pg.get_and_transfer_raw_data_to_ods_pg scheduled__2026-07-23T02:00:00+00:00 [queued]>
[2026-07-24T20:18:00.409+0000] {taskinstance.py:2867} INFO - Starting attempt 1 of 4
[2026-07-24T20:18:00.416+0000] {taskinstance.py:2890} INFO - Executing <Task(PythonOperator): get_and_transfer_raw_data_to_ods_pg> on 2026-07-23 02:00:00+00:00
[2026-07-24T20:18:00.421+0000] {warnings.py:112} WARNING - /home/***/.local/lib/python3.12/site-packages/***/task/task_runner/standard_task_runner.py:70: DeprecationWarning: This process (pid=11208) is multi-threaded, use of fork() may lead to deadlocks in the child.
  pid = os.fork()

[2026-07-24T20:18:00.421+0000] {standard_task_runner.py:72} INFO - Started process 11224 to run task
[2026-07-24T20:18:00.422+0000] {standard_task_runner.py:104} INFO - Running: ['***', 'tasks', 'run', 'raw_from_s3_to_pg', 'get_and_transfer_raw_data_to_ods_pg', 'scheduled__2026-07-23T02:00:00+00:00', '--job-id', '57', '--raw', '--subdir', 'DAGS_FOLDER/raw_from_s3_to_pg.py', '--cfg-path', '/tmp/tmp_ogcb628']
[2026-07-24T20:18:00.423+0000] {standard_task_runner.py:105} INFO - Job 57: Subtask get_and_transfer_raw_data_to_ods_pg
[2026-07-24T20:18:00.451+0000] {task_command.py:467} INFO - Running <TaskInstance: raw_from_s3_to_pg.get_and_transfer_raw_data_to_ods_pg scheduled__2026-07-23T02:00:00+00:00 [running]> on host e9d1c282f90e
[2026-07-24T20:18:00.494+0000] {taskinstance.py:3134} INFO - Exporting env vars: AIRFLOW_CTX_DAG_OWNER='e.alekseev' AIRFLOW_CTX_DAG_ID='raw_from_s3_to_pg' AIRFLOW_CTX_TASK_ID='get_and_transfer_raw_data_to_ods_pg' AIRFLOW_CTX_EXECUTION_DATE='2026-07-23T02:00:00+00:00' AIRFLOW_CTX_TRY_NUMBER='1' AIRFLOW_CTX_DAG_RUN_ID='scheduled__2026-07-23T02:00:00+00:00'
[2026-07-24T20:18:00.494+0000] {taskinstance.py:732} INFO - ::endgroup::
[2026-07-24T20:18:00.501+0000] {raw_from_s3_to_pg.py:55} INFO - 💻 Start load for dates: 2026-07-23/2026-07-24
[2026-07-24T20:18:00.572+0000] {raw_from_s3_to_pg.py:133} INFO - ✅ Download for date success: 2026-07-23
[2026-07-24T20:18:00.572+0000] {python.py:240} INFO - Done. Returned value was: None
[2026-07-24T20:18:00.579+0000] {taskinstance.py:341} INFO - ::group::Post task execution logs
[2026-07-24T20:18:00.579+0000] {taskinstance.py:353} INFO - Marking task as SUCCESS. dag_id=raw_from_s3_to_pg, task_id=get_and_transfer_raw_data_to_ods_pg, run_id=scheduled__2026-07-23T02:00:00+00:00, execution_date=20260723T020000, start_date=20260724T201800, end_date=20260724T201800
[2026-07-24T20:18:00.635+0000] {local_task_job_runner.py:266} INFO - Task exited with return code 0
[2026-07-24T20:18:00.651+0000] {taskinstance.py:3901} INFO - 0 downstream tasks scheduled from follow-on schedule check
[2026-07-24T20:18:00.652+0000] {local_task_job_runner.py:245} INFO - ::endgroup::
