[2026-07-25T16:58:43.280+0000] {local_task_job_runner.py:123} INFO - ::group::Pre task execution logs
[2026-07-25T16:58:43.291+0000] {taskinstance.py:2614} INFO - Dependencies all met for dep_context=non-requeueable deps ti=<TaskInstance: fct_avg_day_earthquake.sensor_on_raw_layer scheduled__2026-07-24T02:00:00+00:00 [queued]>
[2026-07-25T16:58:43.296+0000] {taskinstance.py:2614} INFO - Dependencies all met for dep_context=requeueable deps ti=<TaskInstance: fct_avg_day_earthquake.sensor_on_raw_layer scheduled__2026-07-24T02:00:00+00:00 [queued]>
[2026-07-25T16:58:43.297+0000] {taskinstance.py:2867} INFO - Starting attempt 1 of 4
[2026-07-25T16:58:43.304+0000] {taskinstance.py:2890} INFO - Executing <Task(ExternalTaskSensor): sensor_on_raw_layer> on 2026-07-24 02:00:00+00:00
[2026-07-25T16:58:43.307+0000] {warnings.py:112} WARNING - /home/***/.local/lib/python3.12/site-packages/***/task/task_runner/standard_task_runner.py:70: DeprecationWarning: This process (pid=14138) is multi-threaded, use of fork() may lead to deadlocks in the child.
  pid = os.fork()

[2026-07-25T16:58:43.308+0000] {standard_task_runner.py:72} INFO - Started process 14139 to run task
[2026-07-25T16:58:43.309+0000] {standard_task_runner.py:104} INFO - Running: ['***', 'tasks', 'run', 'fct_avg_day_earthquake', 'sensor_on_raw_layer', 'scheduled__2026-07-24T02:00:00+00:00', '--job-id', '264', '--raw', '--subdir', 'DAGS_FOLDER/fct_avg_day_earthquake.py', '--cfg-path', '/tmp/tmpl9hhvgxx']
[2026-07-25T16:58:43.310+0000] {standard_task_runner.py:105} INFO - Job 264: Subtask sensor_on_raw_layer
[2026-07-25T16:58:43.340+0000] {task_command.py:467} INFO - Running <TaskInstance: fct_avg_day_earthquake.sensor_on_raw_layer scheduled__2026-07-24T02:00:00+00:00 [running]> on host e9d1c282f90e
[2026-07-25T16:58:43.398+0000] {taskinstance.py:3134} INFO - Exporting env vars: AIRFLOW_CTX_DAG_OWNER='e.alekseev' AIRFLOW_CTX_DAG_ID='fct_avg_day_earthquake' AIRFLOW_CTX_TASK_ID='sensor_on_raw_layer' AIRFLOW_CTX_EXECUTION_DATE='2026-07-24T02:00:00+00:00' AIRFLOW_CTX_TRY_NUMBER='1' AIRFLOW_CTX_DAG_RUN_ID='scheduled__2026-07-24T02:00:00+00:00'
[2026-07-25T16:58:43.398+0000] {taskinstance.py:732} INFO - ::endgroup::
[2026-07-25T16:58:43.405+0000] {baseoperator.py:423} WARNING - ExternalTaskSensor.execute cannot be called outside TaskInstance!
[2026-07-25T16:58:43.411+0000] {external_task.py:274} INFO - Poking for DAG 'raw_from_s3_to_pg' on 2026-07-24T02:00:00+00:00 ... 
[2026-07-25T16:58:43.411+0000] {warnings.py:112} WARNING - /home/***/.local/lib/python3.12/site-packages/***/utils/session.py:97: DeprecationWarning: This method is deprecated and will be removed in future.
  return func(*args, session=session, **kwargs)

[2026-07-25T16:58:43.416+0000] {base.py:339} INFO - Success criteria met. Exiting.
[2026-07-25T16:58:43.423+0000] {taskinstance.py:341} INFO - ::group::Post task execution logs
[2026-07-25T16:58:43.423+0000] {taskinstance.py:353} INFO - Marking task as SUCCESS. dag_id=fct_avg_day_earthquake, task_id=sensor_on_raw_layer, run_id=scheduled__2026-07-24T02:00:00+00:00, execution_date=20260724T020000, start_date=20260725T165843, end_date=20260725T165843
[2026-07-25T16:58:43.482+0000] {local_task_job_runner.py:266} INFO - Task exited with return code 0
[2026-07-25T16:58:43.523+0000] {taskinstance.py:3901} INFO - 1 downstream tasks scheduled from follow-on schedule check
[2026-07-25T16:58:43.528+0000] {local_task_job_runner.py:245} INFO - ::endgroup::
