[2026-07-24T20:17:51.162+0000] {local_task_job_runner.py:123} INFO - ::group::Pre task execution logs
[2026-07-24T20:17:51.182+0000] {taskinstance.py:2614} INFO - Dependencies all met for dep_context=non-requeueable deps ti=<TaskInstance: raw_from_s3_to_pg.get_and_transfer_raw_data_to_ods_pg scheduled__2026-07-21T02:00:00+00:00 [queued]>
[2026-07-24T20:17:51.187+0000] {taskinstance.py:2614} INFO - Dependencies all met for dep_context=requeueable deps ti=<TaskInstance: raw_from_s3_to_pg.get_and_transfer_raw_data_to_ods_pg scheduled__2026-07-21T02:00:00+00:00 [queued]>
[2026-07-24T20:17:51.188+0000] {taskinstance.py:2867} INFO - Starting attempt 1 of 4
[2026-07-24T20:17:51.195+0000] {taskinstance.py:2890} INFO - Executing <Task(PythonOperator): get_and_transfer_raw_data_to_ods_pg> on 2026-07-21 02:00:00+00:00
[2026-07-24T20:17:51.200+0000] {warnings.py:112} WARNING - /home/***/.local/lib/python3.12/site-packages/***/task/task_runner/standard_task_runner.py:70: DeprecationWarning: This process (pid=10978) is multi-threaded, use of fork() may lead to deadlocks in the child.
  pid = os.fork()

[2026-07-24T20:17:51.201+0000] {standard_task_runner.py:72} INFO - Started process 10994 to run task
[2026-07-24T20:17:51.201+0000] {standard_task_runner.py:104} INFO - Running: ['***', 'tasks', 'run', 'raw_from_s3_to_pg', 'get_and_transfer_raw_data_to_ods_pg', 'scheduled__2026-07-21T02:00:00+00:00', '--job-id', '53', '--raw', '--subdir', 'DAGS_FOLDER/raw_from_s3_to_pg.py', '--cfg-path', '/tmp/tmpgjke9id_']
[2026-07-24T20:17:51.202+0000] {standard_task_runner.py:105} INFO - Job 53: Subtask get_and_transfer_raw_data_to_ods_pg
[2026-07-24T20:17:51.231+0000] {task_command.py:467} INFO - Running <TaskInstance: raw_from_s3_to_pg.get_and_transfer_raw_data_to_ods_pg scheduled__2026-07-21T02:00:00+00:00 [running]> on host e9d1c282f90e
[2026-07-24T20:17:51.280+0000] {taskinstance.py:3134} INFO - Exporting env vars: AIRFLOW_CTX_DAG_OWNER='e.alekseev' AIRFLOW_CTX_DAG_ID='raw_from_s3_to_pg' AIRFLOW_CTX_TASK_ID='get_and_transfer_raw_data_to_ods_pg' AIRFLOW_CTX_EXECUTION_DATE='2026-07-21T02:00:00+00:00' AIRFLOW_CTX_TRY_NUMBER='1' AIRFLOW_CTX_DAG_RUN_ID='scheduled__2026-07-21T02:00:00+00:00'
[2026-07-24T20:17:51.281+0000] {taskinstance.py:732} INFO - ::endgroup::
[2026-07-24T20:17:51.288+0000] {raw_from_s3_to_pg.py:55} INFO - 💻 Start load for dates: 2026-07-21/2026-07-22
[2026-07-24T20:17:51.369+0000] {raw_from_s3_to_pg.py:133} INFO - ✅ Download for date success: 2026-07-21
[2026-07-24T20:17:51.369+0000] {python.py:240} INFO - Done. Returned value was: None
[2026-07-24T20:17:51.376+0000] {taskinstance.py:341} INFO - ::group::Post task execution logs
[2026-07-24T20:17:51.376+0000] {taskinstance.py:353} INFO - Marking task as SUCCESS. dag_id=raw_from_s3_to_pg, task_id=get_and_transfer_raw_data_to_ods_pg, run_id=scheduled__2026-07-21T02:00:00+00:00, execution_date=20260721T020000, start_date=20260724T201751, end_date=20260724T201751
[2026-07-24T20:17:51.415+0000] {local_task_job_runner.py:266} INFO - Task exited with return code 0
[2026-07-24T20:17:51.433+0000] {taskinstance.py:3901} INFO - 0 downstream tasks scheduled from follow-on schedule check
[2026-07-24T20:17:51.435+0000] {local_task_job_runner.py:245} INFO - ::endgroup::
