[2026-07-23T21:09:43.891+0000] {processor.py:186} INFO - Started process (PID=198) to work on /opt/airflow/dags/row_from_api_to_s3.py
[2026-07-23T21:09:43.891+0000] {processor.py:914} INFO - Processing file /opt/airflow/dags/row_from_api_to_s3.py for tasks to queue
[2026-07-23T21:09:43.892+0000] {logging_mixin.py:190} INFO - [2026-07-23T21:09:43.892+0000] {dagbag.py:588} INFO - Filling up the DagBag from /opt/airflow/dags/row_from_api_to_s3.py
[2026-07-23T21:09:43.963+0000] {logging_mixin.py:190} INFO - [2026-07-23T21:09:43.960+0000] {dagbag.py:387} ERROR - Failed to import: /opt/airflow/dags/row_from_api_to_s3.py
Traceback (most recent call last):
  File "/home/airflow/.local/lib/python3.12/site-packages/airflow/models/dagbag.py", line 383, in parse
    loader.exec_module(new_module)
  File "<frozen importlib._bootstrap_external>", line 999, in exec_module
  File "<frozen importlib._bootstrap>", line 488, in _call_with_frames_removed
  File "/opt/airflow/dags/row_from_api_to_s3.py", line 19, in <module>
    ACCESS_KEY = Variable.get("access_key")
                 ^^^^^^^^^^^^^^^^^^^^^^^^^^
  File "/home/airflow/.local/lib/python3.12/site-packages/airflow/models/variable.py", line 145, in get
    raise KeyError(f"Variable {key} does not exist")
KeyError: 'Variable access_key does not exist'
[2026-07-23T21:09:43.964+0000] {processor.py:927} WARNING - No viable dags retrieved from /opt/airflow/dags/row_from_api_to_s3.py
[2026-07-23T21:09:43.973+0000] {processor.py:208} INFO - Processing /opt/airflow/dags/row_from_api_to_s3.py took 0.085 seconds
[2026-07-23T21:10:14.274+0000] {processor.py:186} INFO - Started process (PID=220) to work on /opt/airflow/dags/row_from_api_to_s3.py
[2026-07-23T21:10:14.275+0000] {processor.py:914} INFO - Processing file /opt/airflow/dags/row_from_api_to_s3.py for tasks to queue
[2026-07-23T21:10:14.276+0000] {logging_mixin.py:190} INFO - [2026-07-23T21:10:14.276+0000] {dagbag.py:588} INFO - Filling up the DagBag from /opt/airflow/dags/row_from_api_to_s3.py
[2026-07-23T21:10:14.308+0000] {logging_mixin.py:190} INFO - [2026-07-23T21:10:14.307+0000] {dagbag.py:387} ERROR - Failed to import: /opt/airflow/dags/row_from_api_to_s3.py
Traceback (most recent call last):
  File "/home/airflow/.local/lib/python3.12/site-packages/airflow/models/dagbag.py", line 383, in parse
    loader.exec_module(new_module)
  File "<frozen importlib._bootstrap_external>", line 999, in exec_module
  File "<frozen importlib._bootstrap>", line 488, in _call_with_frames_removed
  File "/opt/airflow/dags/row_from_api_to_s3.py", line 19, in <module>
    ACCESS_KEY = Variable.get("access_key")
                 ^^^^^^^^^^^^^^^^^^^^^^^^^^
  File "/home/airflow/.local/lib/python3.12/site-packages/airflow/models/variable.py", line 145, in get
    raise KeyError(f"Variable {key} does not exist")
KeyError: 'Variable access_key does not exist'
[2026-07-23T21:10:14.308+0000] {processor.py:927} WARNING - No viable dags retrieved from /opt/airflow/dags/row_from_api_to_s3.py
[2026-07-23T21:10:14.314+0000] {processor.py:208} INFO - Processing /opt/airflow/dags/row_from_api_to_s3.py took 0.044 seconds
[2026-07-23T21:10:44.777+0000] {processor.py:186} INFO - Started process (PID=242) to work on /opt/airflow/dags/row_from_api_to_s3.py
[2026-07-23T21:10:44.781+0000] {processor.py:914} INFO - Processing file /opt/airflow/dags/row_from_api_to_s3.py for tasks to queue
[2026-07-23T21:10:44.782+0000] {logging_mixin.py:190} INFO - [2026-07-23T21:10:44.782+0000] {dagbag.py:588} INFO - Filling up the DagBag from /opt/airflow/dags/row_from_api_to_s3.py
[2026-07-23T21:10:44.813+0000] {logging_mixin.py:190} INFO - [2026-07-23T21:10:44.812+0000] {dagbag.py:387} ERROR - Failed to import: /opt/airflow/dags/row_from_api_to_s3.py
Traceback (most recent call last):
  File "/home/airflow/.local/lib/python3.12/site-packages/airflow/models/dagbag.py", line 383, in parse
    loader.exec_module(new_module)
  File "<frozen importlib._bootstrap_external>", line 999, in exec_module
  File "<frozen importlib._bootstrap>", line 488, in _call_with_frames_removed
  File "/opt/airflow/dags/row_from_api_to_s3.py", line 19, in <module>
    ACCESS_KEY = Variable.get("access_key")
                 ^^^^^^^^^^^^^^^^^^^^^^^^^^
  File "/home/airflow/.local/lib/python3.12/site-packages/airflow/models/variable.py", line 145, in get
    raise KeyError(f"Variable {key} does not exist")
KeyError: 'Variable access_key does not exist'
[2026-07-23T21:10:44.813+0000] {processor.py:927} WARNING - No viable dags retrieved from /opt/airflow/dags/row_from_api_to_s3.py
[2026-07-23T21:10:44.820+0000] {processor.py:208} INFO - Processing /opt/airflow/dags/row_from_api_to_s3.py took 0.046 seconds
[2026-07-23T21:11:15.191+0000] {processor.py:186} INFO - Started process (PID=264) to work on /opt/airflow/dags/row_from_api_to_s3.py
[2026-07-23T21:11:15.192+0000] {processor.py:914} INFO - Processing file /opt/airflow/dags/row_from_api_to_s3.py for tasks to queue
[2026-07-23T21:11:15.193+0000] {logging_mixin.py:190} INFO - [2026-07-23T21:11:15.193+0000] {dagbag.py:588} INFO - Filling up the DagBag from /opt/airflow/dags/row_from_api_to_s3.py
[2026-07-23T21:11:15.226+0000] {logging_mixin.py:190} INFO - [2026-07-23T21:11:15.225+0000] {dagbag.py:387} ERROR - Failed to import: /opt/airflow/dags/row_from_api_to_s3.py
Traceback (most recent call last):
  File "/home/airflow/.local/lib/python3.12/site-packages/airflow/models/dagbag.py", line 383, in parse
    loader.exec_module(new_module)
  File "<frozen importlib._bootstrap_external>", line 999, in exec_module
  File "<frozen importlib._bootstrap>", line 488, in _call_with_frames_removed
  File "/opt/airflow/dags/row_from_api_to_s3.py", line 19, in <module>
    ACCESS_KEY = Variable.get("access_key")
                 ^^^^^^^^^^^^^^^^^^^^^^^^^^
  File "/home/airflow/.local/lib/python3.12/site-packages/airflow/models/variable.py", line 145, in get
    raise KeyError(f"Variable {key} does not exist")
KeyError: 'Variable access_key does not exist'
[2026-07-23T21:11:15.227+0000] {processor.py:927} WARNING - No viable dags retrieved from /opt/airflow/dags/row_from_api_to_s3.py
[2026-07-23T21:11:15.234+0000] {processor.py:208} INFO - Processing /opt/airflow/dags/row_from_api_to_s3.py took 0.046 seconds
[2026-07-23T21:11:45.556+0000] {processor.py:186} INFO - Started process (PID=286) to work on /opt/airflow/dags/row_from_api_to_s3.py
[2026-07-23T21:11:45.557+0000] {processor.py:914} INFO - Processing file /opt/airflow/dags/row_from_api_to_s3.py for tasks to queue
[2026-07-23T21:11:45.559+0000] {logging_mixin.py:190} INFO - [2026-07-23T21:11:45.559+0000] {dagbag.py:588} INFO - Filling up the DagBag from /opt/airflow/dags/row_from_api_to_s3.py
[2026-07-23T21:11:45.592+0000] {logging_mixin.py:190} INFO - [2026-07-23T21:11:45.591+0000] {dagbag.py:387} ERROR - Failed to import: /opt/airflow/dags/row_from_api_to_s3.py
Traceback (most recent call last):
  File "/home/airflow/.local/lib/python3.12/site-packages/airflow/models/dagbag.py", line 383, in parse
    loader.exec_module(new_module)
  File "<frozen importlib._bootstrap_external>", line 999, in exec_module
  File "<frozen importlib._bootstrap>", line 488, in _call_with_frames_removed
  File "/opt/airflow/dags/row_from_api_to_s3.py", line 19, in <module>
    ACCESS_KEY = Variable.get("access_key")
                 ^^^^^^^^^^^^^^^^^^^^^^^^^^
  File "/home/airflow/.local/lib/python3.12/site-packages/airflow/models/variable.py", line 145, in get
    raise KeyError(f"Variable {key} does not exist")
KeyError: 'Variable access_key does not exist'
[2026-07-23T21:11:45.592+0000] {processor.py:927} WARNING - No viable dags retrieved from /opt/airflow/dags/row_from_api_to_s3.py
[2026-07-23T21:11:45.598+0000] {processor.py:208} INFO - Processing /opt/airflow/dags/row_from_api_to_s3.py took 0.046 seconds
[2026-07-23T21:12:15.909+0000] {processor.py:186} INFO - Started process (PID=308) to work on /opt/airflow/dags/row_from_api_to_s3.py
[2026-07-23T21:12:15.910+0000] {processor.py:914} INFO - Processing file /opt/airflow/dags/row_from_api_to_s3.py for tasks to queue
[2026-07-23T21:12:15.911+0000] {logging_mixin.py:190} INFO - [2026-07-23T21:12:15.911+0000] {dagbag.py:588} INFO - Filling up the DagBag from /opt/airflow/dags/row_from_api_to_s3.py
[2026-07-23T21:12:15.946+0000] {logging_mixin.py:190} INFO - [2026-07-23T21:12:15.945+0000] {dagbag.py:387} ERROR - Failed to import: /opt/airflow/dags/row_from_api_to_s3.py
Traceback (most recent call last):
  File "/home/airflow/.local/lib/python3.12/site-packages/airflow/models/dagbag.py", line 383, in parse
    loader.exec_module(new_module)
  File "<frozen importlib._bootstrap_external>", line 999, in exec_module
  File "<frozen importlib._bootstrap>", line 488, in _call_with_frames_removed
  File "/opt/airflow/dags/row_from_api_to_s3.py", line 19, in <module>
    ACCESS_KEY = Variable.get("access_key")
                 ^^^^^^^^^^^^^^^^^^^^^^^^^^
  File "/home/airflow/.local/lib/python3.12/site-packages/airflow/models/variable.py", line 145, in get
    raise KeyError(f"Variable {key} does not exist")
KeyError: 'Variable access_key does not exist'
[2026-07-23T21:12:15.946+0000] {processor.py:927} WARNING - No viable dags retrieved from /opt/airflow/dags/row_from_api_to_s3.py
[2026-07-23T21:12:15.953+0000] {processor.py:208} INFO - Processing /opt/airflow/dags/row_from_api_to_s3.py took 0.048 seconds
[2026-07-23T21:12:46.295+0000] {processor.py:186} INFO - Started process (PID=330) to work on /opt/airflow/dags/row_from_api_to_s3.py
[2026-07-23T21:12:46.298+0000] {processor.py:914} INFO - Processing file /opt/airflow/dags/row_from_api_to_s3.py for tasks to queue
[2026-07-23T21:12:46.300+0000] {logging_mixin.py:190} INFO - [2026-07-23T21:12:46.299+0000] {dagbag.py:588} INFO - Filling up the DagBag from /opt/airflow/dags/row_from_api_to_s3.py
[2026-07-23T21:12:46.330+0000] {logging_mixin.py:190} INFO - [2026-07-23T21:12:46.330+0000] {dagbag.py:387} ERROR - Failed to import: /opt/airflow/dags/row_from_api_to_s3.py
Traceback (most recent call last):
  File "/home/airflow/.local/lib/python3.12/site-packages/airflow/models/dagbag.py", line 383, in parse
    loader.exec_module(new_module)
  File "<frozen importlib._bootstrap_external>", line 999, in exec_module
  File "<frozen importlib._bootstrap>", line 488, in _call_with_frames_removed
  File "/opt/airflow/dags/row_from_api_to_s3.py", line 19, in <module>
    ACCESS_KEY = Variable.get("access_key")
                 ^^^^^^^^^^^^^^^^^^^^^^^^^^
  File "/home/airflow/.local/lib/python3.12/site-packages/airflow/models/variable.py", line 145, in get
    raise KeyError(f"Variable {key} does not exist")
KeyError: 'Variable access_key does not exist'
[2026-07-23T21:12:46.330+0000] {processor.py:927} WARNING - No viable dags retrieved from /opt/airflow/dags/row_from_api_to_s3.py
[2026-07-23T21:12:46.336+0000] {processor.py:208} INFO - Processing /opt/airflow/dags/row_from_api_to_s3.py took 0.046 seconds
[2026-07-23T21:13:16.682+0000] {processor.py:186} INFO - Started process (PID=352) to work on /opt/airflow/dags/row_from_api_to_s3.py
[2026-07-23T21:13:16.682+0000] {processor.py:914} INFO - Processing file /opt/airflow/dags/row_from_api_to_s3.py for tasks to queue
[2026-07-23T21:13:16.683+0000] {logging_mixin.py:190} INFO - [2026-07-23T21:13:16.683+0000] {dagbag.py:588} INFO - Filling up the DagBag from /opt/airflow/dags/row_from_api_to_s3.py
[2026-07-23T21:13:16.716+0000] {logging_mixin.py:190} INFO - [2026-07-23T21:13:16.715+0000] {dagbag.py:387} ERROR - Failed to import: /opt/airflow/dags/row_from_api_to_s3.py
Traceback (most recent call last):
  File "/home/airflow/.local/lib/python3.12/site-packages/airflow/models/dagbag.py", line 383, in parse
    loader.exec_module(new_module)
  File "<frozen importlib._bootstrap_external>", line 999, in exec_module
  File "<frozen importlib._bootstrap>", line 488, in _call_with_frames_removed
  File "/opt/airflow/dags/row_from_api_to_s3.py", line 19, in <module>
    ACCESS_KEY = Variable.get("access_key")
                 ^^^^^^^^^^^^^^^^^^^^^^^^^^
  File "/home/airflow/.local/lib/python3.12/site-packages/airflow/models/variable.py", line 145, in get
    raise KeyError(f"Variable {key} does not exist")
KeyError: 'Variable access_key does not exist'
[2026-07-23T21:13:16.716+0000] {processor.py:927} WARNING - No viable dags retrieved from /opt/airflow/dags/row_from_api_to_s3.py
[2026-07-23T21:13:16.725+0000] {processor.py:208} INFO - Processing /opt/airflow/dags/row_from_api_to_s3.py took 0.046 seconds
[2026-07-23T21:13:47.078+0000] {processor.py:186} INFO - Started process (PID=374) to work on /opt/airflow/dags/row_from_api_to_s3.py
[2026-07-23T21:13:47.081+0000] {processor.py:914} INFO - Processing file /opt/airflow/dags/row_from_api_to_s3.py for tasks to queue
[2026-07-23T21:13:47.082+0000] {logging_mixin.py:190} INFO - [2026-07-23T21:13:47.082+0000] {dagbag.py:588} INFO - Filling up the DagBag from /opt/airflow/dags/row_from_api_to_s3.py
[2026-07-23T21:13:47.113+0000] {logging_mixin.py:190} INFO - [2026-07-23T21:13:47.113+0000] {dagbag.py:387} ERROR - Failed to import: /opt/airflow/dags/row_from_api_to_s3.py
Traceback (most recent call last):
  File "/home/airflow/.local/lib/python3.12/site-packages/airflow/models/dagbag.py", line 383, in parse
    loader.exec_module(new_module)
  File "<frozen importlib._bootstrap_external>", line 999, in exec_module
  File "<frozen importlib._bootstrap>", line 488, in _call_with_frames_removed
  File "/opt/airflow/dags/row_from_api_to_s3.py", line 19, in <module>
    ACCESS_KEY = Variable.get("access_key")
                 ^^^^^^^^^^^^^^^^^^^^^^^^^^
  File "/home/airflow/.local/lib/python3.12/site-packages/airflow/models/variable.py", line 145, in get
    raise KeyError(f"Variable {key} does not exist")
KeyError: 'Variable access_key does not exist'
[2026-07-23T21:13:47.114+0000] {processor.py:927} WARNING - No viable dags retrieved from /opt/airflow/dags/row_from_api_to_s3.py
[2026-07-23T21:13:47.119+0000] {processor.py:208} INFO - Processing /opt/airflow/dags/row_from_api_to_s3.py took 0.044 seconds
[2026-07-23T21:14:17.441+0000] {processor.py:186} INFO - Started process (PID=396) to work on /opt/airflow/dags/row_from_api_to_s3.py
[2026-07-23T21:14:17.441+0000] {processor.py:914} INFO - Processing file /opt/airflow/dags/row_from_api_to_s3.py for tasks to queue
[2026-07-23T21:14:17.442+0000] {logging_mixin.py:190} INFO - [2026-07-23T21:14:17.442+0000] {dagbag.py:588} INFO - Filling up the DagBag from /opt/airflow/dags/row_from_api_to_s3.py
[2026-07-23T21:14:17.473+0000] {logging_mixin.py:190} INFO - [2026-07-23T21:14:17.472+0000] {dagbag.py:387} ERROR - Failed to import: /opt/airflow/dags/row_from_api_to_s3.py
Traceback (most recent call last):
  File "/home/airflow/.local/lib/python3.12/site-packages/airflow/models/dagbag.py", line 383, in parse
    loader.exec_module(new_module)
  File "<frozen importlib._bootstrap_external>", line 999, in exec_module
  File "<frozen importlib._bootstrap>", line 488, in _call_with_frames_removed
  File "/opt/airflow/dags/row_from_api_to_s3.py", line 19, in <module>
    ACCESS_KEY = Variable.get("access_key")
                 ^^^^^^^^^^^^^^^^^^^^^^^^^^
  File "/home/airflow/.local/lib/python3.12/site-packages/airflow/models/variable.py", line 145, in get
    raise KeyError(f"Variable {key} does not exist")
KeyError: 'Variable access_key does not exist'
[2026-07-23T21:14:17.473+0000] {processor.py:927} WARNING - No viable dags retrieved from /opt/airflow/dags/row_from_api_to_s3.py
[2026-07-23T21:14:17.479+0000] {processor.py:208} INFO - Processing /opt/airflow/dags/row_from_api_to_s3.py took 0.045 seconds
[2026-07-23T21:14:47.887+0000] {processor.py:186} INFO - Started process (PID=418) to work on /opt/airflow/dags/row_from_api_to_s3.py
[2026-07-23T21:14:47.890+0000] {processor.py:914} INFO - Processing file /opt/airflow/dags/row_from_api_to_s3.py for tasks to queue
[2026-07-23T21:14:47.891+0000] {logging_mixin.py:190} INFO - [2026-07-23T21:14:47.891+0000] {dagbag.py:588} INFO - Filling up the DagBag from /opt/airflow/dags/row_from_api_to_s3.py
[2026-07-23T21:14:47.924+0000] {logging_mixin.py:190} INFO - [2026-07-23T21:14:47.924+0000] {dagbag.py:387} ERROR - Failed to import: /opt/airflow/dags/row_from_api_to_s3.py
Traceback (most recent call last):
  File "/home/airflow/.local/lib/python3.12/site-packages/airflow/models/dagbag.py", line 383, in parse
    loader.exec_module(new_module)
  File "<frozen importlib._bootstrap_external>", line 999, in exec_module
  File "<frozen importlib._bootstrap>", line 488, in _call_with_frames_removed
  File "/opt/airflow/dags/row_from_api_to_s3.py", line 19, in <module>
    ACCESS_KEY = Variable.get("access_key")
                 ^^^^^^^^^^^^^^^^^^^^^^^^^^
  File "/home/airflow/.local/lib/python3.12/site-packages/airflow/models/variable.py", line 145, in get
    raise KeyError(f"Variable {key} does not exist")
KeyError: 'Variable access_key does not exist'
[2026-07-23T21:14:47.924+0000] {processor.py:927} WARNING - No viable dags retrieved from /opt/airflow/dags/row_from_api_to_s3.py
[2026-07-23T21:14:47.931+0000] {processor.py:208} INFO - Processing /opt/airflow/dags/row_from_api_to_s3.py took 0.047 seconds
[2026-07-23T21:15:18.240+0000] {processor.py:186} INFO - Started process (PID=441) to work on /opt/airflow/dags/row_from_api_to_s3.py
[2026-07-23T21:15:18.241+0000] {processor.py:914} INFO - Processing file /opt/airflow/dags/row_from_api_to_s3.py for tasks to queue
[2026-07-23T21:15:18.242+0000] {logging_mixin.py:190} INFO - [2026-07-23T21:15:18.242+0000] {dagbag.py:588} INFO - Filling up the DagBag from /opt/airflow/dags/row_from_api_to_s3.py
[2026-07-23T21:15:18.274+0000] {logging_mixin.py:190} INFO - [2026-07-23T21:15:18.274+0000] {dagbag.py:387} ERROR - Failed to import: /opt/airflow/dags/row_from_api_to_s3.py
Traceback (most recent call last):
  File "/home/airflow/.local/lib/python3.12/site-packages/airflow/models/dagbag.py", line 383, in parse
    loader.exec_module(new_module)
  File "<frozen importlib._bootstrap_external>", line 999, in exec_module
  File "<frozen importlib._bootstrap>", line 488, in _call_with_frames_removed
  File "/opt/airflow/dags/row_from_api_to_s3.py", line 19, in <module>
    ACCESS_KEY = Variable.get("access_key")
                 ^^^^^^^^^^^^^^^^^^^^^^^^^^
  File "/home/airflow/.local/lib/python3.12/site-packages/airflow/models/variable.py", line 145, in get
    raise KeyError(f"Variable {key} does not exist")
KeyError: 'Variable access_key does not exist'
[2026-07-23T21:15:18.275+0000] {processor.py:927} WARNING - No viable dags retrieved from /opt/airflow/dags/row_from_api_to_s3.py
[2026-07-23T21:15:18.281+0000] {processor.py:208} INFO - Processing /opt/airflow/dags/row_from_api_to_s3.py took 0.046 seconds
[2026-07-23T21:15:48.610+0000] {processor.py:186} INFO - Started process (PID=468) to work on /opt/airflow/dags/row_from_api_to_s3.py
[2026-07-23T21:15:48.613+0000] {processor.py:914} INFO - Processing file /opt/airflow/dags/row_from_api_to_s3.py for tasks to queue
[2026-07-23T21:15:48.615+0000] {logging_mixin.py:190} INFO - [2026-07-23T21:15:48.615+0000] {dagbag.py:588} INFO - Filling up the DagBag from /opt/airflow/dags/row_from_api_to_s3.py
[2026-07-23T21:15:48.646+0000] {logging_mixin.py:190} INFO - [2026-07-23T21:15:48.645+0000] {dagbag.py:387} ERROR - Failed to import: /opt/airflow/dags/row_from_api_to_s3.py
Traceback (most recent call last):
  File "/home/airflow/.local/lib/python3.12/site-packages/airflow/models/dagbag.py", line 383, in parse
    loader.exec_module(new_module)
  File "<frozen importlib._bootstrap_external>", line 999, in exec_module
  File "<frozen importlib._bootstrap>", line 488, in _call_with_frames_removed
  File "/opt/airflow/dags/row_from_api_to_s3.py", line 19, in <module>
    ACCESS_KEY = Variable.get("access_key")
                 ^^^^^^^^^^^^^^^^^^^^^^^^^^
  File "/home/airflow/.local/lib/python3.12/site-packages/airflow/models/variable.py", line 145, in get
    raise KeyError(f"Variable {key} does not exist")
KeyError: 'Variable access_key does not exist'
[2026-07-23T21:15:48.646+0000] {processor.py:927} WARNING - No viable dags retrieved from /opt/airflow/dags/row_from_api_to_s3.py
[2026-07-23T21:15:48.653+0000] {processor.py:208} INFO - Processing /opt/airflow/dags/row_from_api_to_s3.py took 0.048 seconds
[2026-07-23T21:16:19.030+0000] {processor.py:186} INFO - Started process (PID=490) to work on /opt/airflow/dags/row_from_api_to_s3.py
[2026-07-23T21:16:19.033+0000] {processor.py:914} INFO - Processing file /opt/airflow/dags/row_from_api_to_s3.py for tasks to queue
[2026-07-23T21:16:19.034+0000] {logging_mixin.py:190} INFO - [2026-07-23T21:16:19.034+0000] {dagbag.py:588} INFO - Filling up the DagBag from /opt/airflow/dags/row_from_api_to_s3.py
[2026-07-23T21:16:19.067+0000] {logging_mixin.py:190} INFO - [2026-07-23T21:16:19.066+0000] {dagbag.py:387} ERROR - Failed to import: /opt/airflow/dags/row_from_api_to_s3.py
Traceback (most recent call last):
  File "/home/airflow/.local/lib/python3.12/site-packages/airflow/models/dagbag.py", line 383, in parse
    loader.exec_module(new_module)
  File "<frozen importlib._bootstrap_external>", line 999, in exec_module
  File "<frozen importlib._bootstrap>", line 488, in _call_with_frames_removed
  File "/opt/airflow/dags/row_from_api_to_s3.py", line 19, in <module>
    ACCESS_KEY = Variable.get("access_key")
                 ^^^^^^^^^^^^^^^^^^^^^^^^^^
  File "/home/airflow/.local/lib/python3.12/site-packages/airflow/models/variable.py", line 145, in get
    raise KeyError(f"Variable {key} does not exist")
KeyError: 'Variable access_key does not exist'
[2026-07-23T21:16:19.068+0000] {processor.py:927} WARNING - No viable dags retrieved from /opt/airflow/dags/row_from_api_to_s3.py
[2026-07-23T21:16:19.075+0000] {processor.py:208} INFO - Processing /opt/airflow/dags/row_from_api_to_s3.py took 0.048 seconds
[2026-07-23T21:16:49.406+0000] {processor.py:186} INFO - Started process (PID=513) to work on /opt/airflow/dags/row_from_api_to_s3.py
[2026-07-23T21:16:49.407+0000] {processor.py:914} INFO - Processing file /opt/airflow/dags/row_from_api_to_s3.py for tasks to queue
[2026-07-23T21:16:49.408+0000] {logging_mixin.py:190} INFO - [2026-07-23T21:16:49.408+0000] {dagbag.py:588} INFO - Filling up the DagBag from /opt/airflow/dags/row_from_api_to_s3.py
[2026-07-23T21:16:49.442+0000] {logging_mixin.py:190} INFO - [2026-07-23T21:16:49.440+0000] {dagbag.py:387} ERROR - Failed to import: /opt/airflow/dags/row_from_api_to_s3.py
Traceback (most recent call last):
  File "/home/airflow/.local/lib/python3.12/site-packages/airflow/models/dagbag.py", line 383, in parse
    loader.exec_module(new_module)
  File "<frozen importlib._bootstrap_external>", line 999, in exec_module
  File "<frozen importlib._bootstrap>", line 488, in _call_with_frames_removed
  File "/opt/airflow/dags/row_from_api_to_s3.py", line 19, in <module>
    ACCESS_KEY = Variable.get("access_key")
                 ^^^^^^^^^^^^^^^^^^^^^^^^^^
  File "/home/airflow/.local/lib/python3.12/site-packages/airflow/models/variable.py", line 145, in get
    raise KeyError(f"Variable {key} does not exist")
KeyError: 'Variable access_key does not exist'
[2026-07-23T21:16:49.442+0000] {processor.py:927} WARNING - No viable dags retrieved from /opt/airflow/dags/row_from_api_to_s3.py
[2026-07-23T21:16:49.450+0000] {processor.py:208} INFO - Processing /opt/airflow/dags/row_from_api_to_s3.py took 0.048 seconds
[2026-07-23T21:17:19.753+0000] {processor.py:186} INFO - Started process (PID=535) to work on /opt/airflow/dags/row_from_api_to_s3.py
[2026-07-23T21:17:19.756+0000] {processor.py:914} INFO - Processing file /opt/airflow/dags/row_from_api_to_s3.py for tasks to queue
[2026-07-23T21:17:19.757+0000] {logging_mixin.py:190} INFO - [2026-07-23T21:17:19.757+0000] {dagbag.py:588} INFO - Filling up the DagBag from /opt/airflow/dags/row_from_api_to_s3.py
[2026-07-23T21:17:19.788+0000] {logging_mixin.py:190} INFO - [2026-07-23T21:17:19.787+0000] {dagbag.py:387} ERROR - Failed to import: /opt/airflow/dags/row_from_api_to_s3.py
Traceback (most recent call last):
  File "/home/airflow/.local/lib/python3.12/site-packages/airflow/models/dagbag.py", line 383, in parse
    loader.exec_module(new_module)
  File "<frozen importlib._bootstrap_external>", line 999, in exec_module
  File "<frozen importlib._bootstrap>", line 488, in _call_with_frames_removed
  File "/opt/airflow/dags/row_from_api_to_s3.py", line 19, in <module>
    ACCESS_KEY = Variable.get("access_key")
                 ^^^^^^^^^^^^^^^^^^^^^^^^^^
  File "/home/airflow/.local/lib/python3.12/site-packages/airflow/models/variable.py", line 145, in get
    raise KeyError(f"Variable {key} does not exist")
KeyError: 'Variable access_key does not exist'
[2026-07-23T21:17:19.788+0000] {processor.py:927} WARNING - No viable dags retrieved from /opt/airflow/dags/row_from_api_to_s3.py
[2026-07-23T21:17:19.793+0000] {processor.py:208} INFO - Processing /opt/airflow/dags/row_from_api_to_s3.py took 0.044 seconds
[2026-07-23T21:17:50.139+0000] {processor.py:186} INFO - Started process (PID=557) to work on /opt/airflow/dags/row_from_api_to_s3.py
[2026-07-23T21:17:50.140+0000] {processor.py:914} INFO - Processing file /opt/airflow/dags/row_from_api_to_s3.py for tasks to queue
[2026-07-23T21:17:50.141+0000] {logging_mixin.py:190} INFO - [2026-07-23T21:17:50.141+0000] {dagbag.py:588} INFO - Filling up the DagBag from /opt/airflow/dags/row_from_api_to_s3.py
[2026-07-23T21:17:50.172+0000] {logging_mixin.py:190} INFO - [2026-07-23T21:17:50.171+0000] {dagbag.py:387} ERROR - Failed to import: /opt/airflow/dags/row_from_api_to_s3.py
Traceback (most recent call last):
  File "/home/airflow/.local/lib/python3.12/site-packages/airflow/models/dagbag.py", line 383, in parse
    loader.exec_module(new_module)
  File "<frozen importlib._bootstrap_external>", line 999, in exec_module
  File "<frozen importlib._bootstrap>", line 488, in _call_with_frames_removed
  File "/opt/airflow/dags/row_from_api_to_s3.py", line 19, in <module>
    ACCESS_KEY = Variable.get("access_key")
                 ^^^^^^^^^^^^^^^^^^^^^^^^^^
  File "/home/airflow/.local/lib/python3.12/site-packages/airflow/models/variable.py", line 145, in get
    raise KeyError(f"Variable {key} does not exist")
KeyError: 'Variable access_key does not exist'
[2026-07-23T21:17:50.172+0000] {processor.py:927} WARNING - No viable dags retrieved from /opt/airflow/dags/row_from_api_to_s3.py
[2026-07-23T21:17:50.178+0000] {processor.py:208} INFO - Processing /opt/airflow/dags/row_from_api_to_s3.py took 0.041 seconds
[2026-07-23T21:18:20.593+0000] {processor.py:186} INFO - Started process (PID=579) to work on /opt/airflow/dags/row_from_api_to_s3.py
[2026-07-23T21:18:20.596+0000] {processor.py:914} INFO - Processing file /opt/airflow/dags/row_from_api_to_s3.py for tasks to queue
[2026-07-23T21:18:20.598+0000] {logging_mixin.py:190} INFO - [2026-07-23T21:18:20.597+0000] {dagbag.py:588} INFO - Filling up the DagBag from /opt/airflow/dags/row_from_api_to_s3.py
[2026-07-23T21:18:20.629+0000] {logging_mixin.py:190} INFO - [2026-07-23T21:18:20.628+0000] {dagbag.py:387} ERROR - Failed to import: /opt/airflow/dags/row_from_api_to_s3.py
Traceback (most recent call last):
  File "/home/airflow/.local/lib/python3.12/site-packages/airflow/models/dagbag.py", line 383, in parse
    loader.exec_module(new_module)
  File "<frozen importlib._bootstrap_external>", line 999, in exec_module
  File "<frozen importlib._bootstrap>", line 488, in _call_with_frames_removed
  File "/opt/airflow/dags/row_from_api_to_s3.py", line 19, in <module>
    ACCESS_KEY = Variable.get("access_key")
                 ^^^^^^^^^^^^^^^^^^^^^^^^^^
  File "/home/airflow/.local/lib/python3.12/site-packages/airflow/models/variable.py", line 145, in get
    raise KeyError(f"Variable {key} does not exist")
KeyError: 'Variable access_key does not exist'
[2026-07-23T21:18:20.629+0000] {processor.py:927} WARNING - No viable dags retrieved from /opt/airflow/dags/row_from_api_to_s3.py
[2026-07-23T21:18:20.635+0000] {processor.py:208} INFO - Processing /opt/airflow/dags/row_from_api_to_s3.py took 0.045 seconds
[2026-07-23T21:18:51.007+0000] {processor.py:186} INFO - Started process (PID=601) to work on /opt/airflow/dags/row_from_api_to_s3.py
[2026-07-23T21:18:51.007+0000] {processor.py:914} INFO - Processing file /opt/airflow/dags/row_from_api_to_s3.py for tasks to queue
[2026-07-23T21:18:51.008+0000] {logging_mixin.py:190} INFO - [2026-07-23T21:18:51.008+0000] {dagbag.py:588} INFO - Filling up the DagBag from /opt/airflow/dags/row_from_api_to_s3.py
[2026-07-23T21:18:51.041+0000] {logging_mixin.py:190} INFO - [2026-07-23T21:18:51.040+0000] {dagbag.py:387} ERROR - Failed to import: /opt/airflow/dags/row_from_api_to_s3.py
Traceback (most recent call last):
  File "/home/airflow/.local/lib/python3.12/site-packages/airflow/models/dagbag.py", line 383, in parse
    loader.exec_module(new_module)
  File "<frozen importlib._bootstrap_external>", line 999, in exec_module
  File "<frozen importlib._bootstrap>", line 488, in _call_with_frames_removed
  File "/opt/airflow/dags/row_from_api_to_s3.py", line 19, in <module>
    ACCESS_KEY = Variable.get("access_key")
                 ^^^^^^^^^^^^^^^^^^^^^^^^^^
  File "/home/airflow/.local/lib/python3.12/site-packages/airflow/models/variable.py", line 145, in get
    raise KeyError(f"Variable {key} does not exist")
KeyError: 'Variable access_key does not exist'
[2026-07-23T21:18:51.042+0000] {processor.py:927} WARNING - No viable dags retrieved from /opt/airflow/dags/row_from_api_to_s3.py
[2026-07-23T21:18:51.048+0000] {processor.py:208} INFO - Processing /opt/airflow/dags/row_from_api_to_s3.py took 0.046 seconds
[2026-07-23T21:19:21.431+0000] {processor.py:186} INFO - Started process (PID=623) to work on /opt/airflow/dags/row_from_api_to_s3.py
[2026-07-23T21:19:21.435+0000] {processor.py:914} INFO - Processing file /opt/airflow/dags/row_from_api_to_s3.py for tasks to queue
[2026-07-23T21:19:21.436+0000] {logging_mixin.py:190} INFO - [2026-07-23T21:19:21.436+0000] {dagbag.py:588} INFO - Filling up the DagBag from /opt/airflow/dags/row_from_api_to_s3.py
[2026-07-23T21:19:21.469+0000] {logging_mixin.py:190} INFO - [2026-07-23T21:19:21.468+0000] {dagbag.py:387} ERROR - Failed to import: /opt/airflow/dags/row_from_api_to_s3.py
Traceback (most recent call last):
  File "/home/airflow/.local/lib/python3.12/site-packages/airflow/models/dagbag.py", line 383, in parse
    loader.exec_module(new_module)
  File "<frozen importlib._bootstrap_external>", line 999, in exec_module
  File "<frozen importlib._bootstrap>", line 488, in _call_with_frames_removed
  File "/opt/airflow/dags/row_from_api_to_s3.py", line 19, in <module>
    ACCESS_KEY = Variable.get("access_key")
                 ^^^^^^^^^^^^^^^^^^^^^^^^^^
  File "/home/airflow/.local/lib/python3.12/site-packages/airflow/models/variable.py", line 145, in get
    raise KeyError(f"Variable {key} does not exist")
KeyError: 'Variable access_key does not exist'
[2026-07-23T21:19:21.469+0000] {processor.py:927} WARNING - No viable dags retrieved from /opt/airflow/dags/row_from_api_to_s3.py
[2026-07-23T21:19:21.477+0000] {processor.py:208} INFO - Processing /opt/airflow/dags/row_from_api_to_s3.py took 0.050 seconds
[2026-07-23T21:19:51.857+0000] {processor.py:186} INFO - Started process (PID=645) to work on /opt/airflow/dags/row_from_api_to_s3.py
[2026-07-23T21:19:51.857+0000] {processor.py:914} INFO - Processing file /opt/airflow/dags/row_from_api_to_s3.py for tasks to queue
[2026-07-23T21:19:51.858+0000] {logging_mixin.py:190} INFO - [2026-07-23T21:19:51.858+0000] {dagbag.py:588} INFO - Filling up the DagBag from /opt/airflow/dags/row_from_api_to_s3.py
[2026-07-23T21:19:51.892+0000] {logging_mixin.py:190} INFO - [2026-07-23T21:19:51.892+0000] {dagbag.py:387} ERROR - Failed to import: /opt/airflow/dags/row_from_api_to_s3.py
Traceback (most recent call last):
  File "/home/airflow/.local/lib/python3.12/site-packages/airflow/models/dagbag.py", line 383, in parse
    loader.exec_module(new_module)
  File "<frozen importlib._bootstrap_external>", line 999, in exec_module
  File "<frozen importlib._bootstrap>", line 488, in _call_with_frames_removed
  File "/opt/airflow/dags/row_from_api_to_s3.py", line 19, in <module>
    ACCESS_KEY = Variable.get("access_key")
                 ^^^^^^^^^^^^^^^^^^^^^^^^^^
  File "/home/airflow/.local/lib/python3.12/site-packages/airflow/models/variable.py", line 145, in get
    raise KeyError(f"Variable {key} does not exist")
KeyError: 'Variable access_key does not exist'
[2026-07-23T21:19:51.893+0000] {processor.py:927} WARNING - No viable dags retrieved from /opt/airflow/dags/row_from_api_to_s3.py
[2026-07-23T21:19:51.898+0000] {processor.py:208} INFO - Processing /opt/airflow/dags/row_from_api_to_s3.py took 0.047 seconds
[2026-07-23T21:20:22.264+0000] {processor.py:186} INFO - Started process (PID=667) to work on /opt/airflow/dags/row_from_api_to_s3.py
[2026-07-23T21:20:22.267+0000] {processor.py:914} INFO - Processing file /opt/airflow/dags/row_from_api_to_s3.py for tasks to queue
[2026-07-23T21:20:22.268+0000] {logging_mixin.py:190} INFO - [2026-07-23T21:20:22.268+0000] {dagbag.py:588} INFO - Filling up the DagBag from /opt/airflow/dags/row_from_api_to_s3.py
[2026-07-23T21:20:22.301+0000] {logging_mixin.py:190} INFO - [2026-07-23T21:20:22.300+0000] {dagbag.py:387} ERROR - Failed to import: /opt/airflow/dags/row_from_api_to_s3.py
Traceback (most recent call last):
  File "/home/airflow/.local/lib/python3.12/site-packages/airflow/models/dagbag.py", line 383, in parse
    loader.exec_module(new_module)
  File "<frozen importlib._bootstrap_external>", line 999, in exec_module
  File "<frozen importlib._bootstrap>", line 488, in _call_with_frames_removed
  File "/opt/airflow/dags/row_from_api_to_s3.py", line 19, in <module>
    ACCESS_KEY = Variable.get("access_key")
                 ^^^^^^^^^^^^^^^^^^^^^^^^^^
  File "/home/airflow/.local/lib/python3.12/site-packages/airflow/models/variable.py", line 145, in get
    raise KeyError(f"Variable {key} does not exist")
KeyError: 'Variable access_key does not exist'
[2026-07-23T21:20:22.301+0000] {processor.py:927} WARNING - No viable dags retrieved from /opt/airflow/dags/row_from_api_to_s3.py
[2026-07-23T21:20:22.308+0000] {processor.py:208} INFO - Processing /opt/airflow/dags/row_from_api_to_s3.py took 0.047 seconds
[2026-07-23T21:20:52.621+0000] {processor.py:186} INFO - Started process (PID=689) to work on /opt/airflow/dags/row_from_api_to_s3.py
[2026-07-23T21:20:52.622+0000] {processor.py:914} INFO - Processing file /opt/airflow/dags/row_from_api_to_s3.py for tasks to queue
[2026-07-23T21:20:52.623+0000] {logging_mixin.py:190} INFO - [2026-07-23T21:20:52.623+0000] {dagbag.py:588} INFO - Filling up the DagBag from /opt/airflow/dags/row_from_api_to_s3.py
[2026-07-23T21:20:52.662+0000] {logging_mixin.py:190} INFO - [2026-07-23T21:20:52.662+0000] {dagbag.py:387} ERROR - Failed to import: /opt/airflow/dags/row_from_api_to_s3.py
Traceback (most recent call last):
  File "/home/airflow/.local/lib/python3.12/site-packages/airflow/models/dagbag.py", line 383, in parse
    loader.exec_module(new_module)
  File "<frozen importlib._bootstrap_external>", line 999, in exec_module
  File "<frozen importlib._bootstrap>", line 488, in _call_with_frames_removed
  File "/opt/airflow/dags/row_from_api_to_s3.py", line 19, in <module>
    ACCESS_KEY = Variable.get("access_key")
                 ^^^^^^^^^^^^^^^^^^^^^^^^^^
  File "/home/airflow/.local/lib/python3.12/site-packages/airflow/models/variable.py", line 145, in get
    raise KeyError(f"Variable {key} does not exist")
KeyError: 'Variable access_key does not exist'
[2026-07-23T21:20:52.663+0000] {processor.py:927} WARNING - No viable dags retrieved from /opt/airflow/dags/row_from_api_to_s3.py
[2026-07-23T21:20:52.668+0000] {processor.py:208} INFO - Processing /opt/airflow/dags/row_from_api_to_s3.py took 0.054 seconds
[2026-07-23T21:21:22.886+0000] {processor.py:186} INFO - Started process (PID=711) to work on /opt/airflow/dags/row_from_api_to_s3.py
[2026-07-23T21:21:22.889+0000] {processor.py:914} INFO - Processing file /opt/airflow/dags/row_from_api_to_s3.py for tasks to queue
[2026-07-23T21:21:22.890+0000] {logging_mixin.py:190} INFO - [2026-07-23T21:21:22.890+0000] {dagbag.py:588} INFO - Filling up the DagBag from /opt/airflow/dags/row_from_api_to_s3.py
[2026-07-23T21:21:22.922+0000] {logging_mixin.py:190} INFO - [2026-07-23T21:21:22.921+0000] {dagbag.py:387} ERROR - Failed to import: /opt/airflow/dags/row_from_api_to_s3.py
Traceback (most recent call last):
  File "/home/airflow/.local/lib/python3.12/site-packages/airflow/models/dagbag.py", line 383, in parse
    loader.exec_module(new_module)
  File "<frozen importlib._bootstrap_external>", line 999, in exec_module
  File "<frozen importlib._bootstrap>", line 488, in _call_with_frames_removed
  File "/opt/airflow/dags/row_from_api_to_s3.py", line 19, in <module>
    ACCESS_KEY = Variable.get("access_key")
                 ^^^^^^^^^^^^^^^^^^^^^^^^^^
  File "/home/airflow/.local/lib/python3.12/site-packages/airflow/models/variable.py", line 145, in get
    raise KeyError(f"Variable {key} does not exist")
KeyError: 'Variable access_key does not exist'
[2026-07-23T21:21:22.922+0000] {processor.py:927} WARNING - No viable dags retrieved from /opt/airflow/dags/row_from_api_to_s3.py
[2026-07-23T21:21:22.928+0000] {processor.py:208} INFO - Processing /opt/airflow/dags/row_from_api_to_s3.py took 0.046 seconds
[2026-07-23T21:21:53.202+0000] {processor.py:186} INFO - Started process (PID=733) to work on /opt/airflow/dags/row_from_api_to_s3.py
[2026-07-23T21:21:53.202+0000] {processor.py:914} INFO - Processing file /opt/airflow/dags/row_from_api_to_s3.py for tasks to queue
[2026-07-23T21:21:53.203+0000] {logging_mixin.py:190} INFO - [2026-07-23T21:21:53.203+0000] {dagbag.py:588} INFO - Filling up the DagBag from /opt/airflow/dags/row_from_api_to_s3.py
[2026-07-23T21:21:53.235+0000] {logging_mixin.py:190} INFO - [2026-07-23T21:21:53.234+0000] {dagbag.py:387} ERROR - Failed to import: /opt/airflow/dags/row_from_api_to_s3.py
Traceback (most recent call last):
  File "/home/airflow/.local/lib/python3.12/site-packages/airflow/models/dagbag.py", line 383, in parse
    loader.exec_module(new_module)
  File "<frozen importlib._bootstrap_external>", line 999, in exec_module
  File "<frozen importlib._bootstrap>", line 488, in _call_with_frames_removed
  File "/opt/airflow/dags/row_from_api_to_s3.py", line 19, in <module>
    ACCESS_KEY = Variable.get("access_key")
                 ^^^^^^^^^^^^^^^^^^^^^^^^^^
  File "/home/airflow/.local/lib/python3.12/site-packages/airflow/models/variable.py", line 145, in get
    raise KeyError(f"Variable {key} does not exist")
KeyError: 'Variable access_key does not exist'
[2026-07-23T21:21:53.236+0000] {processor.py:927} WARNING - No viable dags retrieved from /opt/airflow/dags/row_from_api_to_s3.py
[2026-07-23T21:21:53.244+0000] {processor.py:208} INFO - Processing /opt/airflow/dags/row_from_api_to_s3.py took 0.046 seconds
[2026-07-23T21:22:23.496+0000] {processor.py:186} INFO - Started process (PID=755) to work on /opt/airflow/dags/row_from_api_to_s3.py
[2026-07-23T21:22:23.499+0000] {processor.py:914} INFO - Processing file /opt/airflow/dags/row_from_api_to_s3.py for tasks to queue
[2026-07-23T21:22:23.500+0000] {logging_mixin.py:190} INFO - [2026-07-23T21:22:23.500+0000] {dagbag.py:588} INFO - Filling up the DagBag from /opt/airflow/dags/row_from_api_to_s3.py
[2026-07-23T21:22:23.535+0000] {logging_mixin.py:190} INFO - [2026-07-23T21:22:23.534+0000] {dagbag.py:387} ERROR - Failed to import: /opt/airflow/dags/row_from_api_to_s3.py
Traceback (most recent call last):
  File "/home/airflow/.local/lib/python3.12/site-packages/airflow/models/dagbag.py", line 383, in parse
    loader.exec_module(new_module)
  File "<frozen importlib._bootstrap_external>", line 999, in exec_module
  File "<frozen importlib._bootstrap>", line 488, in _call_with_frames_removed
  File "/opt/airflow/dags/row_from_api_to_s3.py", line 19, in <module>
    ACCESS_KEY = Variable.get("access_key")
                 ^^^^^^^^^^^^^^^^^^^^^^^^^^
  File "/home/airflow/.local/lib/python3.12/site-packages/airflow/models/variable.py", line 145, in get
    raise KeyError(f"Variable {key} does not exist")
KeyError: 'Variable access_key does not exist'
[2026-07-23T21:22:23.535+0000] {processor.py:927} WARNING - No viable dags retrieved from /opt/airflow/dags/row_from_api_to_s3.py
[2026-07-23T21:22:23.541+0000] {processor.py:208} INFO - Processing /opt/airflow/dags/row_from_api_to_s3.py took 0.049 seconds
[2026-07-23T21:22:53.796+0000] {processor.py:186} INFO - Started process (PID=777) to work on /opt/airflow/dags/row_from_api_to_s3.py
[2026-07-23T21:22:53.796+0000] {processor.py:914} INFO - Processing file /opt/airflow/dags/row_from_api_to_s3.py for tasks to queue
[2026-07-23T21:22:53.797+0000] {logging_mixin.py:190} INFO - [2026-07-23T21:22:53.797+0000] {dagbag.py:588} INFO - Filling up the DagBag from /opt/airflow/dags/row_from_api_to_s3.py
[2026-07-23T21:22:53.831+0000] {logging_mixin.py:190} INFO - [2026-07-23T21:22:53.830+0000] {dagbag.py:387} ERROR - Failed to import: /opt/airflow/dags/row_from_api_to_s3.py
Traceback (most recent call last):
  File "/home/airflow/.local/lib/python3.12/site-packages/airflow/models/dagbag.py", line 383, in parse
    loader.exec_module(new_module)
  File "<frozen importlib._bootstrap_external>", line 999, in exec_module
  File "<frozen importlib._bootstrap>", line 488, in _call_with_frames_removed
  File "/opt/airflow/dags/row_from_api_to_s3.py", line 19, in <module>
    ACCESS_KEY = Variable.get("access_key")
                 ^^^^^^^^^^^^^^^^^^^^^^^^^^
  File "/home/airflow/.local/lib/python3.12/site-packages/airflow/models/variable.py", line 145, in get
    raise KeyError(f"Variable {key} does not exist")
KeyError: 'Variable access_key does not exist'
[2026-07-23T21:22:53.831+0000] {processor.py:927} WARNING - No viable dags retrieved from /opt/airflow/dags/row_from_api_to_s3.py
[2026-07-23T21:22:53.837+0000] {processor.py:208} INFO - Processing /opt/airflow/dags/row_from_api_to_s3.py took 0.045 seconds
[2026-07-23T21:23:24.170+0000] {processor.py:186} INFO - Started process (PID=799) to work on /opt/airflow/dags/row_from_api_to_s3.py
[2026-07-23T21:23:24.173+0000] {processor.py:914} INFO - Processing file /opt/airflow/dags/row_from_api_to_s3.py for tasks to queue
[2026-07-23T21:23:24.174+0000] {logging_mixin.py:190} INFO - [2026-07-23T21:23:24.174+0000] {dagbag.py:588} INFO - Filling up the DagBag from /opt/airflow/dags/row_from_api_to_s3.py
[2026-07-23T21:23:24.210+0000] {logging_mixin.py:190} INFO - [2026-07-23T21:23:24.209+0000] {dagbag.py:387} ERROR - Failed to import: /opt/airflow/dags/row_from_api_to_s3.py
Traceback (most recent call last):
  File "/home/airflow/.local/lib/python3.12/site-packages/airflow/models/dagbag.py", line 383, in parse
    loader.exec_module(new_module)
  File "<frozen importlib._bootstrap_external>", line 999, in exec_module
  File "<frozen importlib._bootstrap>", line 488, in _call_with_frames_removed
  File "/opt/airflow/dags/row_from_api_to_s3.py", line 19, in <module>
    ACCESS_KEY = Variable.get("access_key")
                 ^^^^^^^^^^^^^^^^^^^^^^^^^^
  File "/home/airflow/.local/lib/python3.12/site-packages/airflow/models/variable.py", line 145, in get
    raise KeyError(f"Variable {key} does not exist")
KeyError: 'Variable access_key does not exist'
[2026-07-23T21:23:24.210+0000] {processor.py:927} WARNING - No viable dags retrieved from /opt/airflow/dags/row_from_api_to_s3.py
[2026-07-23T21:23:24.219+0000] {processor.py:208} INFO - Processing /opt/airflow/dags/row_from_api_to_s3.py took 0.053 seconds
[2026-07-23T21:23:54.466+0000] {processor.py:186} INFO - Started process (PID=821) to work on /opt/airflow/dags/row_from_api_to_s3.py
[2026-07-23T21:23:54.467+0000] {processor.py:914} INFO - Processing file /opt/airflow/dags/row_from_api_to_s3.py for tasks to queue
[2026-07-23T21:23:54.468+0000] {logging_mixin.py:190} INFO - [2026-07-23T21:23:54.467+0000] {dagbag.py:588} INFO - Filling up the DagBag from /opt/airflow/dags/row_from_api_to_s3.py
[2026-07-23T21:23:54.501+0000] {logging_mixin.py:190} INFO - [2026-07-23T21:23:54.501+0000] {dagbag.py:387} ERROR - Failed to import: /opt/airflow/dags/row_from_api_to_s3.py
Traceback (most recent call last):
  File "/home/airflow/.local/lib/python3.12/site-packages/airflow/models/dagbag.py", line 383, in parse
    loader.exec_module(new_module)
  File "<frozen importlib._bootstrap_external>", line 999, in exec_module
  File "<frozen importlib._bootstrap>", line 488, in _call_with_frames_removed
  File "/opt/airflow/dags/row_from_api_to_s3.py", line 19, in <module>
    ACCESS_KEY = Variable.get("access_key")
                 ^^^^^^^^^^^^^^^^^^^^^^^^^^
  File "/home/airflow/.local/lib/python3.12/site-packages/airflow/models/variable.py", line 145, in get
    raise KeyError(f"Variable {key} does not exist")
KeyError: 'Variable access_key does not exist'
[2026-07-23T21:23:54.502+0000] {processor.py:927} WARNING - No viable dags retrieved from /opt/airflow/dags/row_from_api_to_s3.py
[2026-07-23T21:23:54.508+0000] {processor.py:208} INFO - Processing /opt/airflow/dags/row_from_api_to_s3.py took 0.045 seconds
[2026-07-23T21:24:24.729+0000] {processor.py:186} INFO - Started process (PID=843) to work on /opt/airflow/dags/row_from_api_to_s3.py
[2026-07-23T21:24:24.730+0000] {processor.py:914} INFO - Processing file /opt/airflow/dags/row_from_api_to_s3.py for tasks to queue
[2026-07-23T21:24:24.731+0000] {logging_mixin.py:190} INFO - [2026-07-23T21:24:24.731+0000] {dagbag.py:588} INFO - Filling up the DagBag from /opt/airflow/dags/row_from_api_to_s3.py
[2026-07-23T21:24:24.768+0000] {logging_mixin.py:190} INFO - [2026-07-23T21:24:24.767+0000] {dagbag.py:387} ERROR - Failed to import: /opt/airflow/dags/row_from_api_to_s3.py
Traceback (most recent call last):
  File "/home/airflow/.local/lib/python3.12/site-packages/airflow/models/dagbag.py", line 383, in parse
    loader.exec_module(new_module)
  File "<frozen importlib._bootstrap_external>", line 999, in exec_module
  File "<frozen importlib._bootstrap>", line 488, in _call_with_frames_removed
  File "/opt/airflow/dags/row_from_api_to_s3.py", line 19, in <module>
    ACCESS_KEY = Variable.get("access_key")
                 ^^^^^^^^^^^^^^^^^^^^^^^^^^
  File "/home/airflow/.local/lib/python3.12/site-packages/airflow/models/variable.py", line 145, in get
    raise KeyError(f"Variable {key} does not exist")
KeyError: 'Variable access_key does not exist'
[2026-07-23T21:24:24.768+0000] {processor.py:927} WARNING - No viable dags retrieved from /opt/airflow/dags/row_from_api_to_s3.py
[2026-07-23T21:24:24.774+0000] {processor.py:208} INFO - Processing /opt/airflow/dags/row_from_api_to_s3.py took 0.049 seconds
[2026-07-23T21:24:55.089+0000] {processor.py:186} INFO - Started process (PID=865) to work on /opt/airflow/dags/row_from_api_to_s3.py
[2026-07-23T21:24:55.090+0000] {processor.py:914} INFO - Processing file /opt/airflow/dags/row_from_api_to_s3.py for tasks to queue
[2026-07-23T21:24:55.091+0000] {logging_mixin.py:190} INFO - [2026-07-23T21:24:55.091+0000] {dagbag.py:588} INFO - Filling up the DagBag from /opt/airflow/dags/row_from_api_to_s3.py
[2026-07-23T21:24:55.126+0000] {logging_mixin.py:190} INFO - [2026-07-23T21:24:55.125+0000] {dagbag.py:387} ERROR - Failed to import: /opt/airflow/dags/row_from_api_to_s3.py
Traceback (most recent call last):
  File "/home/airflow/.local/lib/python3.12/site-packages/airflow/models/dagbag.py", line 383, in parse
    loader.exec_module(new_module)
  File "<frozen importlib._bootstrap_external>", line 999, in exec_module
  File "<frozen importlib._bootstrap>", line 488, in _call_with_frames_removed
  File "/opt/airflow/dags/row_from_api_to_s3.py", line 19, in <module>
    ACCESS_KEY = Variable.get("access_key")
                 ^^^^^^^^^^^^^^^^^^^^^^^^^^
  File "/home/airflow/.local/lib/python3.12/site-packages/airflow/models/variable.py", line 145, in get
    raise KeyError(f"Variable {key} does not exist")
KeyError: 'Variable access_key does not exist'
[2026-07-23T21:24:55.126+0000] {processor.py:927} WARNING - No viable dags retrieved from /opt/airflow/dags/row_from_api_to_s3.py
[2026-07-23T21:24:55.133+0000] {processor.py:208} INFO - Processing /opt/airflow/dags/row_from_api_to_s3.py took 0.047 seconds
[2026-07-23T21:25:25.390+0000] {processor.py:186} INFO - Started process (PID=887) to work on /opt/airflow/dags/row_from_api_to_s3.py
[2026-07-23T21:25:25.394+0000] {processor.py:914} INFO - Processing file /opt/airflow/dags/row_from_api_to_s3.py for tasks to queue
[2026-07-23T21:25:25.395+0000] {logging_mixin.py:190} INFO - [2026-07-23T21:25:25.394+0000] {dagbag.py:588} INFO - Filling up the DagBag from /opt/airflow/dags/row_from_api_to_s3.py
[2026-07-23T21:25:25.426+0000] {logging_mixin.py:190} INFO - [2026-07-23T21:25:25.425+0000] {dagbag.py:387} ERROR - Failed to import: /opt/airflow/dags/row_from_api_to_s3.py
Traceback (most recent call last):
  File "/home/airflow/.local/lib/python3.12/site-packages/airflow/models/dagbag.py", line 383, in parse
    loader.exec_module(new_module)
  File "<frozen importlib._bootstrap_external>", line 999, in exec_module
  File "<frozen importlib._bootstrap>", line 488, in _call_with_frames_removed
  File "/opt/airflow/dags/row_from_api_to_s3.py", line 19, in <module>
    ACCESS_KEY = Variable.get("access_key")
                 ^^^^^^^^^^^^^^^^^^^^^^^^^^
  File "/home/airflow/.local/lib/python3.12/site-packages/airflow/models/variable.py", line 145, in get
    raise KeyError(f"Variable {key} does not exist")
KeyError: 'Variable access_key does not exist'
[2026-07-23T21:25:25.426+0000] {processor.py:927} WARNING - No viable dags retrieved from /opt/airflow/dags/row_from_api_to_s3.py
[2026-07-23T21:25:25.432+0000] {processor.py:208} INFO - Processing /opt/airflow/dags/row_from_api_to_s3.py took 0.045 seconds
[2026-07-23T21:25:55.669+0000] {processor.py:186} INFO - Started process (PID=909) to work on /opt/airflow/dags/row_from_api_to_s3.py
[2026-07-23T21:25:55.669+0000] {processor.py:914} INFO - Processing file /opt/airflow/dags/row_from_api_to_s3.py for tasks to queue
[2026-07-23T21:25:55.671+0000] {logging_mixin.py:190} INFO - [2026-07-23T21:25:55.671+0000] {dagbag.py:588} INFO - Filling up the DagBag from /opt/airflow/dags/row_from_api_to_s3.py
[2026-07-23T21:25:55.705+0000] {logging_mixin.py:190} INFO - [2026-07-23T21:25:55.705+0000] {dagbag.py:387} ERROR - Failed to import: /opt/airflow/dags/row_from_api_to_s3.py
Traceback (most recent call last):
  File "/home/airflow/.local/lib/python3.12/site-packages/airflow/models/dagbag.py", line 383, in parse
    loader.exec_module(new_module)
  File "<frozen importlib._bootstrap_external>", line 999, in exec_module
  File "<frozen importlib._bootstrap>", line 488, in _call_with_frames_removed
  File "/opt/airflow/dags/row_from_api_to_s3.py", line 19, in <module>
    ACCESS_KEY = Variable.get("access_key")
                 ^^^^^^^^^^^^^^^^^^^^^^^^^^
  File "/home/airflow/.local/lib/python3.12/site-packages/airflow/models/variable.py", line 145, in get
    raise KeyError(f"Variable {key} does not exist")
KeyError: 'Variable access_key does not exist'
[2026-07-23T21:25:55.706+0000] {processor.py:927} WARNING - No viable dags retrieved from /opt/airflow/dags/row_from_api_to_s3.py
[2026-07-23T21:25:55.713+0000] {processor.py:208} INFO - Processing /opt/airflow/dags/row_from_api_to_s3.py took 0.050 seconds
[2026-07-23T21:26:25.978+0000] {processor.py:186} INFO - Started process (PID=931) to work on /opt/airflow/dags/row_from_api_to_s3.py
[2026-07-23T21:26:25.981+0000] {processor.py:914} INFO - Processing file /opt/airflow/dags/row_from_api_to_s3.py for tasks to queue
[2026-07-23T21:26:25.982+0000] {logging_mixin.py:190} INFO - [2026-07-23T21:26:25.982+0000] {dagbag.py:588} INFO - Filling up the DagBag from /opt/airflow/dags/row_from_api_to_s3.py
[2026-07-23T21:26:26.014+0000] {logging_mixin.py:190} INFO - [2026-07-23T21:26:26.013+0000] {dagbag.py:387} ERROR - Failed to import: /opt/airflow/dags/row_from_api_to_s3.py
Traceback (most recent call last):
  File "/home/airflow/.local/lib/python3.12/site-packages/airflow/models/dagbag.py", line 383, in parse
    loader.exec_module(new_module)
  File "<frozen importlib._bootstrap_external>", line 999, in exec_module
  File "<frozen importlib._bootstrap>", line 488, in _call_with_frames_removed
  File "/opt/airflow/dags/row_from_api_to_s3.py", line 19, in <module>
    ACCESS_KEY = Variable.get("access_key")
                 ^^^^^^^^^^^^^^^^^^^^^^^^^^
  File "/home/airflow/.local/lib/python3.12/site-packages/airflow/models/variable.py", line 145, in get
    raise KeyError(f"Variable {key} does not exist")
KeyError: 'Variable access_key does not exist'
[2026-07-23T21:26:26.014+0000] {processor.py:927} WARNING - No viable dags retrieved from /opt/airflow/dags/row_from_api_to_s3.py
[2026-07-23T21:26:26.020+0000] {processor.py:208} INFO - Processing /opt/airflow/dags/row_from_api_to_s3.py took 0.046 seconds
[2026-07-23T21:26:56.261+0000] {processor.py:186} INFO - Started process (PID=953) to work on /opt/airflow/dags/row_from_api_to_s3.py
[2026-07-23T21:26:56.261+0000] {processor.py:914} INFO - Processing file /opt/airflow/dags/row_from_api_to_s3.py for tasks to queue
[2026-07-23T21:26:56.263+0000] {logging_mixin.py:190} INFO - [2026-07-23T21:26:56.262+0000] {dagbag.py:588} INFO - Filling up the DagBag from /opt/airflow/dags/row_from_api_to_s3.py
[2026-07-23T21:26:56.299+0000] {logging_mixin.py:190} INFO - [2026-07-23T21:26:56.298+0000] {dagbag.py:387} ERROR - Failed to import: /opt/airflow/dags/row_from_api_to_s3.py
Traceback (most recent call last):
  File "/home/airflow/.local/lib/python3.12/site-packages/airflow/models/dagbag.py", line 383, in parse
    loader.exec_module(new_module)
  File "<frozen importlib._bootstrap_external>", line 999, in exec_module
  File "<frozen importlib._bootstrap>", line 488, in _call_with_frames_removed
  File "/opt/airflow/dags/row_from_api_to_s3.py", line 19, in <module>
    ACCESS_KEY = Variable.get("access_key")
                 ^^^^^^^^^^^^^^^^^^^^^^^^^^
  File "/home/airflow/.local/lib/python3.12/site-packages/airflow/models/variable.py", line 145, in get
    raise KeyError(f"Variable {key} does not exist")
KeyError: 'Variable access_key does not exist'
[2026-07-23T21:26:56.299+0000] {processor.py:927} WARNING - No viable dags retrieved from /opt/airflow/dags/row_from_api_to_s3.py
[2026-07-23T21:26:56.306+0000] {processor.py:208} INFO - Processing /opt/airflow/dags/row_from_api_to_s3.py took 0.050 seconds
[2026-07-23T21:27:26.600+0000] {processor.py:186} INFO - Started process (PID=975) to work on /opt/airflow/dags/row_from_api_to_s3.py
[2026-07-23T21:27:26.603+0000] {processor.py:914} INFO - Processing file /opt/airflow/dags/row_from_api_to_s3.py for tasks to queue
[2026-07-23T21:27:26.604+0000] {logging_mixin.py:190} INFO - [2026-07-23T21:27:26.604+0000] {dagbag.py:588} INFO - Filling up the DagBag from /opt/airflow/dags/row_from_api_to_s3.py
[2026-07-23T21:27:26.640+0000] {logging_mixin.py:190} INFO - [2026-07-23T21:27:26.639+0000] {dagbag.py:387} ERROR - Failed to import: /opt/airflow/dags/row_from_api_to_s3.py
Traceback (most recent call last):
  File "/home/airflow/.local/lib/python3.12/site-packages/airflow/models/dagbag.py", line 383, in parse
    loader.exec_module(new_module)
  File "<frozen importlib._bootstrap_external>", line 999, in exec_module
  File "<frozen importlib._bootstrap>", line 488, in _call_with_frames_removed
  File "/opt/airflow/dags/row_from_api_to_s3.py", line 19, in <module>
    ACCESS_KEY = Variable.get("access_key")
                 ^^^^^^^^^^^^^^^^^^^^^^^^^^
  File "/home/airflow/.local/lib/python3.12/site-packages/airflow/models/variable.py", line 145, in get
    raise KeyError(f"Variable {key} does not exist")
KeyError: 'Variable access_key does not exist'
[2026-07-23T21:27:26.640+0000] {processor.py:927} WARNING - No viable dags retrieved from /opt/airflow/dags/row_from_api_to_s3.py
[2026-07-23T21:27:26.648+0000] {processor.py:208} INFO - Processing /opt/airflow/dags/row_from_api_to_s3.py took 0.052 seconds
[2026-07-23T21:27:56.856+0000] {processor.py:186} INFO - Started process (PID=997) to work on /opt/airflow/dags/row_from_api_to_s3.py
[2026-07-23T21:27:56.856+0000] {processor.py:914} INFO - Processing file /opt/airflow/dags/row_from_api_to_s3.py for tasks to queue
[2026-07-23T21:27:56.858+0000] {logging_mixin.py:190} INFO - [2026-07-23T21:27:56.858+0000] {dagbag.py:588} INFO - Filling up the DagBag from /opt/airflow/dags/row_from_api_to_s3.py
[2026-07-23T21:27:56.892+0000] {logging_mixin.py:190} INFO - [2026-07-23T21:27:56.891+0000] {dagbag.py:387} ERROR - Failed to import: /opt/airflow/dags/row_from_api_to_s3.py
Traceback (most recent call last):
  File "/home/airflow/.local/lib/python3.12/site-packages/airflow/models/dagbag.py", line 383, in parse
    loader.exec_module(new_module)
  File "<frozen importlib._bootstrap_external>", line 999, in exec_module
  File "<frozen importlib._bootstrap>", line 488, in _call_with_frames_removed
  File "/opt/airflow/dags/row_from_api_to_s3.py", line 19, in <module>
    ACCESS_KEY = Variable.get("access_key")
                 ^^^^^^^^^^^^^^^^^^^^^^^^^^
  File "/home/airflow/.local/lib/python3.12/site-packages/airflow/models/variable.py", line 145, in get
    raise KeyError(f"Variable {key} does not exist")
KeyError: 'Variable access_key does not exist'
[2026-07-23T21:27:56.892+0000] {processor.py:927} WARNING - No viable dags retrieved from /opt/airflow/dags/row_from_api_to_s3.py
[2026-07-23T21:27:56.899+0000] {processor.py:208} INFO - Processing /opt/airflow/dags/row_from_api_to_s3.py took 0.048 seconds
[2026-07-23T21:28:27.121+0000] {processor.py:186} INFO - Started process (PID=1019) to work on /opt/airflow/dags/row_from_api_to_s3.py
[2026-07-23T21:28:27.123+0000] {processor.py:914} INFO - Processing file /opt/airflow/dags/row_from_api_to_s3.py for tasks to queue
[2026-07-23T21:28:27.125+0000] {logging_mixin.py:190} INFO - [2026-07-23T21:28:27.124+0000] {dagbag.py:588} INFO - Filling up the DagBag from /opt/airflow/dags/row_from_api_to_s3.py
[2026-07-23T21:28:27.157+0000] {logging_mixin.py:190} INFO - [2026-07-23T21:28:27.156+0000] {dagbag.py:387} ERROR - Failed to import: /opt/airflow/dags/row_from_api_to_s3.py
Traceback (most recent call last):
  File "/home/airflow/.local/lib/python3.12/site-packages/airflow/models/dagbag.py", line 383, in parse
    loader.exec_module(new_module)
  File "<frozen importlib._bootstrap_external>", line 999, in exec_module
  File "<frozen importlib._bootstrap>", line 488, in _call_with_frames_removed
  File "/opt/airflow/dags/row_from_api_to_s3.py", line 19, in <module>
    ACCESS_KEY = Variable.get("access_key")
                 ^^^^^^^^^^^^^^^^^^^^^^^^^^
  File "/home/airflow/.local/lib/python3.12/site-packages/airflow/models/variable.py", line 145, in get
    raise KeyError(f"Variable {key} does not exist")
KeyError: 'Variable access_key does not exist'
[2026-07-23T21:28:27.157+0000] {processor.py:927} WARNING - No viable dags retrieved from /opt/airflow/dags/row_from_api_to_s3.py
[2026-07-23T21:28:27.164+0000] {processor.py:208} INFO - Processing /opt/airflow/dags/row_from_api_to_s3.py took 0.046 seconds
[2026-07-23T21:28:57.410+0000] {processor.py:186} INFO - Started process (PID=1042) to work on /opt/airflow/dags/row_from_api_to_s3.py
[2026-07-23T21:28:57.410+0000] {processor.py:914} INFO - Processing file /opt/airflow/dags/row_from_api_to_s3.py for tasks to queue
[2026-07-23T21:28:57.411+0000] {logging_mixin.py:190} INFO - [2026-07-23T21:28:57.411+0000] {dagbag.py:588} INFO - Filling up the DagBag from /opt/airflow/dags/row_from_api_to_s3.py
[2026-07-23T21:28:57.443+0000] {logging_mixin.py:190} INFO - [2026-07-23T21:28:57.442+0000] {dagbag.py:387} ERROR - Failed to import: /opt/airflow/dags/row_from_api_to_s3.py
Traceback (most recent call last):
  File "/home/airflow/.local/lib/python3.12/site-packages/airflow/models/dagbag.py", line 383, in parse
    loader.exec_module(new_module)
  File "<frozen importlib._bootstrap_external>", line 999, in exec_module
  File "<frozen importlib._bootstrap>", line 488, in _call_with_frames_removed
  File "/opt/airflow/dags/row_from_api_to_s3.py", line 19, in <module>
    ACCESS_KEY = Variable.get("access_key")
                 ^^^^^^^^^^^^^^^^^^^^^^^^^^
  File "/home/airflow/.local/lib/python3.12/site-packages/airflow/models/variable.py", line 145, in get
    raise KeyError(f"Variable {key} does not exist")
KeyError: 'Variable access_key does not exist'
[2026-07-23T21:28:57.443+0000] {processor.py:927} WARNING - No viable dags retrieved from /opt/airflow/dags/row_from_api_to_s3.py
[2026-07-23T21:28:57.449+0000] {processor.py:208} INFO - Processing /opt/airflow/dags/row_from_api_to_s3.py took 0.043 seconds
[2026-07-23T21:29:27.689+0000] {processor.py:186} INFO - Started process (PID=1064) to work on /opt/airflow/dags/row_from_api_to_s3.py
[2026-07-23T21:29:27.692+0000] {processor.py:914} INFO - Processing file /opt/airflow/dags/row_from_api_to_s3.py for tasks to queue
[2026-07-23T21:29:27.693+0000] {logging_mixin.py:190} INFO - [2026-07-23T21:29:27.693+0000] {dagbag.py:588} INFO - Filling up the DagBag from /opt/airflow/dags/row_from_api_to_s3.py
[2026-07-23T21:29:27.727+0000] {logging_mixin.py:190} INFO - [2026-07-23T21:29:27.726+0000] {dagbag.py:387} ERROR - Failed to import: /opt/airflow/dags/row_from_api_to_s3.py
Traceback (most recent call last):
  File "/home/airflow/.local/lib/python3.12/site-packages/airflow/models/dagbag.py", line 383, in parse
    loader.exec_module(new_module)
  File "<frozen importlib._bootstrap_external>", line 999, in exec_module
  File "<frozen importlib._bootstrap>", line 488, in _call_with_frames_removed
  File "/opt/airflow/dags/row_from_api_to_s3.py", line 19, in <module>
    ACCESS_KEY = Variable.get("access_key")
                 ^^^^^^^^^^^^^^^^^^^^^^^^^^
  File "/home/airflow/.local/lib/python3.12/site-packages/airflow/models/variable.py", line 145, in get
    raise KeyError(f"Variable {key} does not exist")
KeyError: 'Variable access_key does not exist'
[2026-07-23T21:29:27.727+0000] {processor.py:927} WARNING - No viable dags retrieved from /opt/airflow/dags/row_from_api_to_s3.py
[2026-07-23T21:29:27.733+0000] {processor.py:208} INFO - Processing /opt/airflow/dags/row_from_api_to_s3.py took 0.048 seconds
[2026-07-23T21:29:57.995+0000] {processor.py:186} INFO - Started process (PID=1086) to work on /opt/airflow/dags/row_from_api_to_s3.py
[2026-07-23T21:29:57.995+0000] {processor.py:914} INFO - Processing file /opt/airflow/dags/row_from_api_to_s3.py for tasks to queue
[2026-07-23T21:29:57.996+0000] {logging_mixin.py:190} INFO - [2026-07-23T21:29:57.996+0000] {dagbag.py:588} INFO - Filling up the DagBag from /opt/airflow/dags/row_from_api_to_s3.py
[2026-07-23T21:29:58.030+0000] {logging_mixin.py:190} INFO - [2026-07-23T21:29:58.030+0000] {dagbag.py:387} ERROR - Failed to import: /opt/airflow/dags/row_from_api_to_s3.py
Traceback (most recent call last):
  File "/home/airflow/.local/lib/python3.12/site-packages/airflow/models/dagbag.py", line 383, in parse
    loader.exec_module(new_module)
  File "<frozen importlib._bootstrap_external>", line 999, in exec_module
  File "<frozen importlib._bootstrap>", line 488, in _call_with_frames_removed
  File "/opt/airflow/dags/row_from_api_to_s3.py", line 19, in <module>
    ACCESS_KEY = Variable.get("access_key")
                 ^^^^^^^^^^^^^^^^^^^^^^^^^^
  File "/home/airflow/.local/lib/python3.12/site-packages/airflow/models/variable.py", line 145, in get
    raise KeyError(f"Variable {key} does not exist")
KeyError: 'Variable access_key does not exist'
[2026-07-23T21:29:58.031+0000] {processor.py:927} WARNING - No viable dags retrieved from /opt/airflow/dags/row_from_api_to_s3.py
[2026-07-23T21:29:58.037+0000] {processor.py:208} INFO - Processing /opt/airflow/dags/row_from_api_to_s3.py took 0.046 seconds
[2026-07-23T21:30:28.292+0000] {processor.py:186} INFO - Started process (PID=1108) to work on /opt/airflow/dags/row_from_api_to_s3.py
[2026-07-23T21:30:28.295+0000] {processor.py:914} INFO - Processing file /opt/airflow/dags/row_from_api_to_s3.py for tasks to queue
[2026-07-23T21:30:28.296+0000] {logging_mixin.py:190} INFO - [2026-07-23T21:30:28.296+0000] {dagbag.py:588} INFO - Filling up the DagBag from /opt/airflow/dags/row_from_api_to_s3.py
[2026-07-23T21:30:28.328+0000] {logging_mixin.py:190} INFO - [2026-07-23T21:30:28.327+0000] {dagbag.py:387} ERROR - Failed to import: /opt/airflow/dags/row_from_api_to_s3.py
Traceback (most recent call last):
  File "/home/airflow/.local/lib/python3.12/site-packages/airflow/models/dagbag.py", line 383, in parse
    loader.exec_module(new_module)
  File "<frozen importlib._bootstrap_external>", line 999, in exec_module
  File "<frozen importlib._bootstrap>", line 488, in _call_with_frames_removed
  File "/opt/airflow/dags/row_from_api_to_s3.py", line 19, in <module>
    ACCESS_KEY = Variable.get("access_key")
                 ^^^^^^^^^^^^^^^^^^^^^^^^^^
  File "/home/airflow/.local/lib/python3.12/site-packages/airflow/models/variable.py", line 145, in get
    raise KeyError(f"Variable {key} does not exist")
KeyError: 'Variable access_key does not exist'
[2026-07-23T21:30:28.328+0000] {processor.py:927} WARNING - No viable dags retrieved from /opt/airflow/dags/row_from_api_to_s3.py
[2026-07-23T21:30:28.334+0000] {processor.py:208} INFO - Processing /opt/airflow/dags/row_from_api_to_s3.py took 0.046 seconds
[2026-07-23T21:30:58.625+0000] {processor.py:186} INFO - Started process (PID=1130) to work on /opt/airflow/dags/row_from_api_to_s3.py
[2026-07-23T21:30:58.625+0000] {processor.py:914} INFO - Processing file /opt/airflow/dags/row_from_api_to_s3.py for tasks to queue
[2026-07-23T21:30:58.627+0000] {logging_mixin.py:190} INFO - [2026-07-23T21:30:58.626+0000] {dagbag.py:588} INFO - Filling up the DagBag from /opt/airflow/dags/row_from_api_to_s3.py
[2026-07-23T21:30:58.660+0000] {logging_mixin.py:190} INFO - [2026-07-23T21:30:58.659+0000] {dagbag.py:387} ERROR - Failed to import: /opt/airflow/dags/row_from_api_to_s3.py
Traceback (most recent call last):
  File "/home/airflow/.local/lib/python3.12/site-packages/airflow/models/dagbag.py", line 383, in parse
    loader.exec_module(new_module)
  File "<frozen importlib._bootstrap_external>", line 999, in exec_module
  File "<frozen importlib._bootstrap>", line 488, in _call_with_frames_removed
  File "/opt/airflow/dags/row_from_api_to_s3.py", line 19, in <module>
    ACCESS_KEY = Variable.get("access_key")
                 ^^^^^^^^^^^^^^^^^^^^^^^^^^
  File "/home/airflow/.local/lib/python3.12/site-packages/airflow/models/variable.py", line 145, in get
    raise KeyError(f"Variable {key} does not exist")
KeyError: 'Variable access_key does not exist'
[2026-07-23T21:30:58.660+0000] {processor.py:927} WARNING - No viable dags retrieved from /opt/airflow/dags/row_from_api_to_s3.py
[2026-07-23T21:30:58.666+0000] {processor.py:208} INFO - Processing /opt/airflow/dags/row_from_api_to_s3.py took 0.045 seconds
[2026-07-23T21:31:28.915+0000] {processor.py:186} INFO - Started process (PID=1152) to work on /opt/airflow/dags/row_from_api_to_s3.py
[2026-07-23T21:31:28.916+0000] {processor.py:914} INFO - Processing file /opt/airflow/dags/row_from_api_to_s3.py for tasks to queue
[2026-07-23T21:31:28.917+0000] {logging_mixin.py:190} INFO - [2026-07-23T21:31:28.917+0000] {dagbag.py:588} INFO - Filling up the DagBag from /opt/airflow/dags/row_from_api_to_s3.py
[2026-07-23T21:31:28.954+0000] {logging_mixin.py:190} INFO - [2026-07-23T21:31:28.953+0000] {dagbag.py:387} ERROR - Failed to import: /opt/airflow/dags/row_from_api_to_s3.py
Traceback (most recent call last):
  File "/home/airflow/.local/lib/python3.12/site-packages/airflow/models/dagbag.py", line 383, in parse
    loader.exec_module(new_module)
  File "<frozen importlib._bootstrap_external>", line 999, in exec_module
  File "<frozen importlib._bootstrap>", line 488, in _call_with_frames_removed
  File "/opt/airflow/dags/row_from_api_to_s3.py", line 19, in <module>
    ACCESS_KEY = Variable.get("access_key")
                 ^^^^^^^^^^^^^^^^^^^^^^^^^^
  File "/home/airflow/.local/lib/python3.12/site-packages/airflow/models/variable.py", line 145, in get
    raise KeyError(f"Variable {key} does not exist")
KeyError: 'Variable access_key does not exist'
[2026-07-23T21:31:28.954+0000] {processor.py:927} WARNING - No viable dags retrieved from /opt/airflow/dags/row_from_api_to_s3.py
[2026-07-23T21:31:28.960+0000] {processor.py:208} INFO - Processing /opt/airflow/dags/row_from_api_to_s3.py took 0.048 seconds
[2026-07-23T21:31:59.201+0000] {processor.py:186} INFO - Started process (PID=1174) to work on /opt/airflow/dags/row_from_api_to_s3.py
[2026-07-23T21:31:59.202+0000] {processor.py:914} INFO - Processing file /opt/airflow/dags/row_from_api_to_s3.py for tasks to queue
[2026-07-23T21:31:59.203+0000] {logging_mixin.py:190} INFO - [2026-07-23T21:31:59.203+0000] {dagbag.py:588} INFO - Filling up the DagBag from /opt/airflow/dags/row_from_api_to_s3.py
[2026-07-23T21:31:59.236+0000] {logging_mixin.py:190} INFO - [2026-07-23T21:31:59.235+0000] {dagbag.py:387} ERROR - Failed to import: /opt/airflow/dags/row_from_api_to_s3.py
Traceback (most recent call last):
  File "/home/airflow/.local/lib/python3.12/site-packages/airflow/models/dagbag.py", line 383, in parse
    loader.exec_module(new_module)
  File "<frozen importlib._bootstrap_external>", line 999, in exec_module
  File "<frozen importlib._bootstrap>", line 488, in _call_with_frames_removed
  File "/opt/airflow/dags/row_from_api_to_s3.py", line 19, in <module>
    ACCESS_KEY = Variable.get("access_key")
                 ^^^^^^^^^^^^^^^^^^^^^^^^^^
  File "/home/airflow/.local/lib/python3.12/site-packages/airflow/models/variable.py", line 145, in get
    raise KeyError(f"Variable {key} does not exist")
KeyError: 'Variable access_key does not exist'
[2026-07-23T21:31:59.236+0000] {processor.py:927} WARNING - No viable dags retrieved from /opt/airflow/dags/row_from_api_to_s3.py
[2026-07-23T21:31:59.242+0000] {processor.py:208} INFO - Processing /opt/airflow/dags/row_from_api_to_s3.py took 0.045 seconds
[2026-07-23T21:32:29.527+0000] {processor.py:186} INFO - Started process (PID=1196) to work on /opt/airflow/dags/row_from_api_to_s3.py
[2026-07-23T21:32:29.530+0000] {processor.py:914} INFO - Processing file /opt/airflow/dags/row_from_api_to_s3.py for tasks to queue
[2026-07-23T21:32:29.531+0000] {logging_mixin.py:190} INFO - [2026-07-23T21:32:29.531+0000] {dagbag.py:588} INFO - Filling up the DagBag from /opt/airflow/dags/row_from_api_to_s3.py
[2026-07-23T21:32:29.566+0000] {logging_mixin.py:190} INFO - [2026-07-23T21:32:29.565+0000] {dagbag.py:387} ERROR - Failed to import: /opt/airflow/dags/row_from_api_to_s3.py
Traceback (most recent call last):
  File "/home/airflow/.local/lib/python3.12/site-packages/airflow/models/dagbag.py", line 383, in parse
    loader.exec_module(new_module)
  File "<frozen importlib._bootstrap_external>", line 999, in exec_module
  File "<frozen importlib._bootstrap>", line 488, in _call_with_frames_removed
  File "/opt/airflow/dags/row_from_api_to_s3.py", line 19, in <module>
    ACCESS_KEY = Variable.get("access_key")
                 ^^^^^^^^^^^^^^^^^^^^^^^^^^
  File "/home/airflow/.local/lib/python3.12/site-packages/airflow/models/variable.py", line 145, in get
    raise KeyError(f"Variable {key} does not exist")
KeyError: 'Variable access_key does not exist'
[2026-07-23T21:32:29.566+0000] {processor.py:927} WARNING - No viable dags retrieved from /opt/airflow/dags/row_from_api_to_s3.py
[2026-07-23T21:32:29.572+0000] {processor.py:208} INFO - Processing /opt/airflow/dags/row_from_api_to_s3.py took 0.048 seconds
[2026-07-23T21:32:59.835+0000] {processor.py:186} INFO - Started process (PID=1218) to work on /opt/airflow/dags/row_from_api_to_s3.py
[2026-07-23T21:32:59.836+0000] {processor.py:914} INFO - Processing file /opt/airflow/dags/row_from_api_to_s3.py for tasks to queue
[2026-07-23T21:32:59.837+0000] {logging_mixin.py:190} INFO - [2026-07-23T21:32:59.837+0000] {dagbag.py:588} INFO - Filling up the DagBag from /opt/airflow/dags/row_from_api_to_s3.py
[2026-07-23T21:32:59.871+0000] {logging_mixin.py:190} INFO - [2026-07-23T21:32:59.870+0000] {dagbag.py:387} ERROR - Failed to import: /opt/airflow/dags/row_from_api_to_s3.py
Traceback (most recent call last):
  File "/home/airflow/.local/lib/python3.12/site-packages/airflow/models/dagbag.py", line 383, in parse
    loader.exec_module(new_module)
  File "<frozen importlib._bootstrap_external>", line 999, in exec_module
  File "<frozen importlib._bootstrap>", line 488, in _call_with_frames_removed
  File "/opt/airflow/dags/row_from_api_to_s3.py", line 19, in <module>
    ACCESS_KEY = Variable.get("access_key")
                 ^^^^^^^^^^^^^^^^^^^^^^^^^^
  File "/home/airflow/.local/lib/python3.12/site-packages/airflow/models/variable.py", line 145, in get
    raise KeyError(f"Variable {key} does not exist")
KeyError: 'Variable access_key does not exist'
[2026-07-23T21:32:59.871+0000] {processor.py:927} WARNING - No viable dags retrieved from /opt/airflow/dags/row_from_api_to_s3.py
[2026-07-23T21:32:59.877+0000] {processor.py:208} INFO - Processing /opt/airflow/dags/row_from_api_to_s3.py took 0.058 seconds
[2026-07-23T21:33:30.193+0000] {processor.py:186} INFO - Started process (PID=1240) to work on /opt/airflow/dags/row_from_api_to_s3.py
[2026-07-23T21:33:30.196+0000] {processor.py:914} INFO - Processing file /opt/airflow/dags/row_from_api_to_s3.py for tasks to queue
[2026-07-23T21:33:30.197+0000] {logging_mixin.py:190} INFO - [2026-07-23T21:33:30.197+0000] {dagbag.py:588} INFO - Filling up the DagBag from /opt/airflow/dags/row_from_api_to_s3.py
[2026-07-23T21:33:30.231+0000] {logging_mixin.py:190} INFO - [2026-07-23T21:33:30.230+0000] {dagbag.py:387} ERROR - Failed to import: /opt/airflow/dags/row_from_api_to_s3.py
Traceback (most recent call last):
  File "/home/airflow/.local/lib/python3.12/site-packages/airflow/models/dagbag.py", line 383, in parse
    loader.exec_module(new_module)
  File "<frozen importlib._bootstrap_external>", line 999, in exec_module
  File "<frozen importlib._bootstrap>", line 488, in _call_with_frames_removed
  File "/opt/airflow/dags/row_from_api_to_s3.py", line 19, in <module>
    ACCESS_KEY = Variable.get("access_key")
                 ^^^^^^^^^^^^^^^^^^^^^^^^^^
  File "/home/airflow/.local/lib/python3.12/site-packages/airflow/models/variable.py", line 145, in get
    raise KeyError(f"Variable {key} does not exist")
KeyError: 'Variable access_key does not exist'
[2026-07-23T21:33:30.232+0000] {processor.py:927} WARNING - No viable dags retrieved from /opt/airflow/dags/row_from_api_to_s3.py
[2026-07-23T21:33:30.418+0000] {processor.py:208} INFO - Processing /opt/airflow/dags/row_from_api_to_s3.py took 0.229 seconds
[2026-07-23T21:34:00.459+0000] {processor.py:186} INFO - Started process (PID=1262) to work on /opt/airflow/dags/row_from_api_to_s3.py
[2026-07-23T21:34:00.460+0000] {processor.py:914} INFO - Processing file /opt/airflow/dags/row_from_api_to_s3.py for tasks to queue
[2026-07-23T21:34:00.461+0000] {logging_mixin.py:190} INFO - [2026-07-23T21:34:00.461+0000] {dagbag.py:588} INFO - Filling up the DagBag from /opt/airflow/dags/row_from_api_to_s3.py
[2026-07-23T21:34:00.495+0000] {logging_mixin.py:190} INFO - [2026-07-23T21:34:00.494+0000] {dagbag.py:387} ERROR - Failed to import: /opt/airflow/dags/row_from_api_to_s3.py
Traceback (most recent call last):
  File "/home/airflow/.local/lib/python3.12/site-packages/airflow/models/dagbag.py", line 383, in parse
    loader.exec_module(new_module)
  File "<frozen importlib._bootstrap_external>", line 999, in exec_module
  File "<frozen importlib._bootstrap>", line 488, in _call_with_frames_removed
  File "/opt/airflow/dags/row_from_api_to_s3.py", line 19, in <module>
    ACCESS_KEY = Variable.get("access_key")
                 ^^^^^^^^^^^^^^^^^^^^^^^^^^
  File "/home/airflow/.local/lib/python3.12/site-packages/airflow/models/variable.py", line 145, in get
    raise KeyError(f"Variable {key} does not exist")
KeyError: 'Variable access_key does not exist'
[2026-07-23T21:34:00.496+0000] {processor.py:927} WARNING - No viable dags retrieved from /opt/airflow/dags/row_from_api_to_s3.py
[2026-07-23T21:34:00.502+0000] {processor.py:208} INFO - Processing /opt/airflow/dags/row_from_api_to_s3.py took 0.047 seconds
[2026-07-23T21:34:30.757+0000] {processor.py:186} INFO - Started process (PID=1284) to work on /opt/airflow/dags/row_from_api_to_s3.py
[2026-07-23T21:34:30.759+0000] {processor.py:914} INFO - Processing file /opt/airflow/dags/row_from_api_to_s3.py for tasks to queue
[2026-07-23T21:34:30.761+0000] {logging_mixin.py:190} INFO - [2026-07-23T21:34:30.761+0000] {dagbag.py:588} INFO - Filling up the DagBag from /opt/airflow/dags/row_from_api_to_s3.py
[2026-07-23T21:34:30.794+0000] {logging_mixin.py:190} INFO - [2026-07-23T21:34:30.794+0000] {dagbag.py:387} ERROR - Failed to import: /opt/airflow/dags/row_from_api_to_s3.py
Traceback (most recent call last):
  File "/home/airflow/.local/lib/python3.12/site-packages/airflow/models/dagbag.py", line 383, in parse
    loader.exec_module(new_module)
  File "<frozen importlib._bootstrap_external>", line 999, in exec_module
  File "<frozen importlib._bootstrap>", line 488, in _call_with_frames_removed
  File "/opt/airflow/dags/row_from_api_to_s3.py", line 19, in <module>
    ACCESS_KEY = Variable.get("access_key")
                 ^^^^^^^^^^^^^^^^^^^^^^^^^^
  File "/home/airflow/.local/lib/python3.12/site-packages/airflow/models/variable.py", line 145, in get
    raise KeyError(f"Variable {key} does not exist")
KeyError: 'Variable access_key does not exist'
[2026-07-23T21:34:30.795+0000] {processor.py:927} WARNING - No viable dags retrieved from /opt/airflow/dags/row_from_api_to_s3.py
[2026-07-23T21:34:30.801+0000] {processor.py:208} INFO - Processing /opt/airflow/dags/row_from_api_to_s3.py took 0.048 seconds
[2026-07-23T21:35:01.032+0000] {processor.py:186} INFO - Started process (PID=1306) to work on /opt/airflow/dags/row_from_api_to_s3.py
[2026-07-23T21:35:01.032+0000] {processor.py:914} INFO - Processing file /opt/airflow/dags/row_from_api_to_s3.py for tasks to queue
[2026-07-23T21:35:01.033+0000] {logging_mixin.py:190} INFO - [2026-07-23T21:35:01.033+0000] {dagbag.py:588} INFO - Filling up the DagBag from /opt/airflow/dags/row_from_api_to_s3.py
[2026-07-23T21:35:01.068+0000] {logging_mixin.py:190} INFO - [2026-07-23T21:35:01.068+0000] {dagbag.py:387} ERROR - Failed to import: /opt/airflow/dags/row_from_api_to_s3.py
Traceback (most recent call last):
  File "/home/airflow/.local/lib/python3.12/site-packages/airflow/models/dagbag.py", line 383, in parse
    loader.exec_module(new_module)
  File "<frozen importlib._bootstrap_external>", line 999, in exec_module
  File "<frozen importlib._bootstrap>", line 488, in _call_with_frames_removed
  File "/opt/airflow/dags/row_from_api_to_s3.py", line 19, in <module>
    ACCESS_KEY = Variable.get("access_key")
                 ^^^^^^^^^^^^^^^^^^^^^^^^^^
  File "/home/airflow/.local/lib/python3.12/site-packages/airflow/models/variable.py", line 145, in get
    raise KeyError(f"Variable {key} does not exist")
KeyError: 'Variable access_key does not exist'
[2026-07-23T21:35:01.069+0000] {processor.py:927} WARNING - No viable dags retrieved from /opt/airflow/dags/row_from_api_to_s3.py
[2026-07-23T21:35:01.074+0000] {processor.py:208} INFO - Processing /opt/airflow/dags/row_from_api_to_s3.py took 0.048 seconds
[2026-07-23T21:35:31.316+0000] {processor.py:186} INFO - Started process (PID=1328) to work on /opt/airflow/dags/row_from_api_to_s3.py
[2026-07-23T21:35:31.319+0000] {processor.py:914} INFO - Processing file /opt/airflow/dags/row_from_api_to_s3.py for tasks to queue
[2026-07-23T21:35:31.321+0000] {logging_mixin.py:190} INFO - [2026-07-23T21:35:31.320+0000] {dagbag.py:588} INFO - Filling up the DagBag from /opt/airflow/dags/row_from_api_to_s3.py
[2026-07-23T21:35:31.355+0000] {logging_mixin.py:190} INFO - [2026-07-23T21:35:31.354+0000] {dagbag.py:387} ERROR - Failed to import: /opt/airflow/dags/row_from_api_to_s3.py
Traceback (most recent call last):
  File "/home/airflow/.local/lib/python3.12/site-packages/airflow/models/dagbag.py", line 383, in parse
    loader.exec_module(new_module)
  File "<frozen importlib._bootstrap_external>", line 999, in exec_module
  File "<frozen importlib._bootstrap>", line 488, in _call_with_frames_removed
  File "/opt/airflow/dags/row_from_api_to_s3.py", line 19, in <module>
    ACCESS_KEY = Variable.get("access_key")
                 ^^^^^^^^^^^^^^^^^^^^^^^^^^
  File "/home/airflow/.local/lib/python3.12/site-packages/airflow/models/variable.py", line 145, in get
    raise KeyError(f"Variable {key} does not exist")
KeyError: 'Variable access_key does not exist'
[2026-07-23T21:35:31.355+0000] {processor.py:927} WARNING - No viable dags retrieved from /opt/airflow/dags/row_from_api_to_s3.py
[2026-07-23T21:35:31.363+0000] {processor.py:208} INFO - Processing /opt/airflow/dags/row_from_api_to_s3.py took 0.051 seconds
[2026-07-23T21:36:01.623+0000] {processor.py:186} INFO - Started process (PID=1351) to work on /opt/airflow/dags/row_from_api_to_s3.py
[2026-07-23T21:36:01.623+0000] {processor.py:914} INFO - Processing file /opt/airflow/dags/row_from_api_to_s3.py for tasks to queue
[2026-07-23T21:36:01.624+0000] {logging_mixin.py:190} INFO - [2026-07-23T21:36:01.624+0000] {dagbag.py:588} INFO - Filling up the DagBag from /opt/airflow/dags/row_from_api_to_s3.py
[2026-07-23T21:36:01.660+0000] {logging_mixin.py:190} INFO - [2026-07-23T21:36:01.659+0000] {dagbag.py:387} ERROR - Failed to import: /opt/airflow/dags/row_from_api_to_s3.py
Traceback (most recent call last):
  File "/home/airflow/.local/lib/python3.12/site-packages/airflow/models/dagbag.py", line 383, in parse
    loader.exec_module(new_module)
  File "<frozen importlib._bootstrap_external>", line 999, in exec_module
  File "<frozen importlib._bootstrap>", line 488, in _call_with_frames_removed
  File "/opt/airflow/dags/row_from_api_to_s3.py", line 19, in <module>
    ACCESS_KEY = Variable.get("access_key")
                 ^^^^^^^^^^^^^^^^^^^^^^^^^^
  File "/home/airflow/.local/lib/python3.12/site-packages/airflow/models/variable.py", line 145, in get
    raise KeyError(f"Variable {key} does not exist")
KeyError: 'Variable access_key does not exist'
[2026-07-23T21:36:01.661+0000] {processor.py:927} WARNING - No viable dags retrieved from /opt/airflow/dags/row_from_api_to_s3.py
[2026-07-23T21:36:01.667+0000] {processor.py:208} INFO - Processing /opt/airflow/dags/row_from_api_to_s3.py took 0.049 seconds
[2026-07-23T21:36:31.901+0000] {processor.py:186} INFO - Started process (PID=1373) to work on /opt/airflow/dags/row_from_api_to_s3.py
[2026-07-23T21:36:31.904+0000] {processor.py:914} INFO - Processing file /opt/airflow/dags/row_from_api_to_s3.py for tasks to queue
[2026-07-23T21:36:31.905+0000] {logging_mixin.py:190} INFO - [2026-07-23T21:36:31.905+0000] {dagbag.py:588} INFO - Filling up the DagBag from /opt/airflow/dags/row_from_api_to_s3.py
[2026-07-23T21:36:31.936+0000] {logging_mixin.py:190} INFO - [2026-07-23T21:36:31.936+0000] {dagbag.py:387} ERROR - Failed to import: /opt/airflow/dags/row_from_api_to_s3.py
Traceback (most recent call last):
  File "/home/airflow/.local/lib/python3.12/site-packages/airflow/models/dagbag.py", line 383, in parse
    loader.exec_module(new_module)
  File "<frozen importlib._bootstrap_external>", line 999, in exec_module
  File "<frozen importlib._bootstrap>", line 488, in _call_with_frames_removed
  File "/opt/airflow/dags/row_from_api_to_s3.py", line 19, in <module>
    ACCESS_KEY = Variable.get("access_key")
                 ^^^^^^^^^^^^^^^^^^^^^^^^^^
  File "/home/airflow/.local/lib/python3.12/site-packages/airflow/models/variable.py", line 145, in get
    raise KeyError(f"Variable {key} does not exist")
KeyError: 'Variable access_key does not exist'
[2026-07-23T21:36:31.937+0000] {processor.py:927} WARNING - No viable dags retrieved from /opt/airflow/dags/row_from_api_to_s3.py
[2026-07-23T21:36:31.942+0000] {processor.py:208} INFO - Processing /opt/airflow/dags/row_from_api_to_s3.py took 0.046 seconds
[2026-07-23T21:37:02.165+0000] {processor.py:186} INFO - Started process (PID=1395) to work on /opt/airflow/dags/row_from_api_to_s3.py
[2026-07-23T21:37:02.165+0000] {processor.py:914} INFO - Processing file /opt/airflow/dags/row_from_api_to_s3.py for tasks to queue
[2026-07-23T21:37:02.167+0000] {logging_mixin.py:190} INFO - [2026-07-23T21:37:02.167+0000] {dagbag.py:588} INFO - Filling up the DagBag from /opt/airflow/dags/row_from_api_to_s3.py
[2026-07-23T21:37:02.206+0000] {logging_mixin.py:190} INFO - [2026-07-23T21:37:02.205+0000] {dagbag.py:387} ERROR - Failed to import: /opt/airflow/dags/row_from_api_to_s3.py
Traceback (most recent call last):
  File "/home/airflow/.local/lib/python3.12/site-packages/airflow/models/dagbag.py", line 383, in parse
    loader.exec_module(new_module)
  File "<frozen importlib._bootstrap_external>", line 999, in exec_module
  File "<frozen importlib._bootstrap>", line 488, in _call_with_frames_removed
  File "/opt/airflow/dags/row_from_api_to_s3.py", line 19, in <module>
    ACCESS_KEY = Variable.get("access_key")
                 ^^^^^^^^^^^^^^^^^^^^^^^^^^
  File "/home/airflow/.local/lib/python3.12/site-packages/airflow/models/variable.py", line 145, in get
    raise KeyError(f"Variable {key} does not exist")
KeyError: 'Variable access_key does not exist'
[2026-07-23T21:37:02.206+0000] {processor.py:927} WARNING - No viable dags retrieved from /opt/airflow/dags/row_from_api_to_s3.py
[2026-07-23T21:37:02.213+0000] {processor.py:208} INFO - Processing /opt/airflow/dags/row_from_api_to_s3.py took 0.054 seconds
[2026-07-23T21:37:32.469+0000] {processor.py:186} INFO - Started process (PID=1417) to work on /opt/airflow/dags/row_from_api_to_s3.py
[2026-07-23T21:37:32.470+0000] {processor.py:914} INFO - Processing file /opt/airflow/dags/row_from_api_to_s3.py for tasks to queue
[2026-07-23T21:37:32.471+0000] {logging_mixin.py:190} INFO - [2026-07-23T21:37:32.471+0000] {dagbag.py:588} INFO - Filling up the DagBag from /opt/airflow/dags/row_from_api_to_s3.py
[2026-07-23T21:37:32.505+0000] {logging_mixin.py:190} INFO - [2026-07-23T21:37:32.505+0000] {dagbag.py:387} ERROR - Failed to import: /opt/airflow/dags/row_from_api_to_s3.py
Traceback (most recent call last):
  File "/home/airflow/.local/lib/python3.12/site-packages/airflow/models/dagbag.py", line 383, in parse
    loader.exec_module(new_module)
  File "<frozen importlib._bootstrap_external>", line 999, in exec_module
  File "<frozen importlib._bootstrap>", line 488, in _call_with_frames_removed
  File "/opt/airflow/dags/row_from_api_to_s3.py", line 19, in <module>
    ACCESS_KEY = Variable.get("access_key")
                 ^^^^^^^^^^^^^^^^^^^^^^^^^^
  File "/home/airflow/.local/lib/python3.12/site-packages/airflow/models/variable.py", line 145, in get
    raise KeyError(f"Variable {key} does not exist")
KeyError: 'Variable access_key does not exist'
[2026-07-23T21:37:32.506+0000] {processor.py:927} WARNING - No viable dags retrieved from /opt/airflow/dags/row_from_api_to_s3.py
[2026-07-23T21:37:32.512+0000] {processor.py:208} INFO - Processing /opt/airflow/dags/row_from_api_to_s3.py took 0.046 seconds
[2026-07-23T21:38:02.792+0000] {processor.py:186} INFO - Started process (PID=1439) to work on /opt/airflow/dags/row_from_api_to_s3.py
[2026-07-23T21:38:02.792+0000] {processor.py:914} INFO - Processing file /opt/airflow/dags/row_from_api_to_s3.py for tasks to queue
[2026-07-23T21:38:02.793+0000] {logging_mixin.py:190} INFO - [2026-07-23T21:38:02.793+0000] {dagbag.py:588} INFO - Filling up the DagBag from /opt/airflow/dags/row_from_api_to_s3.py
[2026-07-23T21:38:02.827+0000] {logging_mixin.py:190} INFO - [2026-07-23T21:38:02.826+0000] {dagbag.py:387} ERROR - Failed to import: /opt/airflow/dags/row_from_api_to_s3.py
Traceback (most recent call last):
  File "/home/airflow/.local/lib/python3.12/site-packages/airflow/models/dagbag.py", line 383, in parse
    loader.exec_module(new_module)
  File "<frozen importlib._bootstrap_external>", line 999, in exec_module
  File "<frozen importlib._bootstrap>", line 488, in _call_with_frames_removed
  File "/opt/airflow/dags/row_from_api_to_s3.py", line 19, in <module>
    ACCESS_KEY = Variable.get("access_key")
                 ^^^^^^^^^^^^^^^^^^^^^^^^^^
  File "/home/airflow/.local/lib/python3.12/site-packages/airflow/models/variable.py", line 145, in get
    raise KeyError(f"Variable {key} does not exist")
KeyError: 'Variable access_key does not exist'
[2026-07-23T21:38:02.827+0000] {processor.py:927} WARNING - No viable dags retrieved from /opt/airflow/dags/row_from_api_to_s3.py
[2026-07-23T21:38:02.833+0000] {processor.py:208} INFO - Processing /opt/airflow/dags/row_from_api_to_s3.py took 0.047 seconds
[2026-07-23T21:38:33.101+0000] {processor.py:186} INFO - Started process (PID=1461) to work on /opt/airflow/dags/row_from_api_to_s3.py
[2026-07-23T21:38:33.104+0000] {processor.py:914} INFO - Processing file /opt/airflow/dags/row_from_api_to_s3.py for tasks to queue
[2026-07-23T21:38:33.106+0000] {logging_mixin.py:190} INFO - [2026-07-23T21:38:33.105+0000] {dagbag.py:588} INFO - Filling up the DagBag from /opt/airflow/dags/row_from_api_to_s3.py
[2026-07-23T21:38:33.139+0000] {logging_mixin.py:190} INFO - [2026-07-23T21:38:33.139+0000] {dagbag.py:387} ERROR - Failed to import: /opt/airflow/dags/row_from_api_to_s3.py
Traceback (most recent call last):
  File "/home/airflow/.local/lib/python3.12/site-packages/airflow/models/dagbag.py", line 383, in parse
    loader.exec_module(new_module)
  File "<frozen importlib._bootstrap_external>", line 999, in exec_module
  File "<frozen importlib._bootstrap>", line 488, in _call_with_frames_removed
  File "/opt/airflow/dags/row_from_api_to_s3.py", line 19, in <module>
    ACCESS_KEY = Variable.get("access_key")
                 ^^^^^^^^^^^^^^^^^^^^^^^^^^
  File "/home/airflow/.local/lib/python3.12/site-packages/airflow/models/variable.py", line 145, in get
    raise KeyError(f"Variable {key} does not exist")
KeyError: 'Variable access_key does not exist'
[2026-07-23T21:38:33.140+0000] {processor.py:927} WARNING - No viable dags retrieved from /opt/airflow/dags/row_from_api_to_s3.py
[2026-07-23T21:38:33.146+0000] {processor.py:208} INFO - Processing /opt/airflow/dags/row_from_api_to_s3.py took 0.048 seconds
[2026-07-23T21:39:03.430+0000] {processor.py:186} INFO - Started process (PID=1483) to work on /opt/airflow/dags/row_from_api_to_s3.py
[2026-07-23T21:39:03.431+0000] {processor.py:914} INFO - Processing file /opt/airflow/dags/row_from_api_to_s3.py for tasks to queue
[2026-07-23T21:39:03.432+0000] {logging_mixin.py:190} INFO - [2026-07-23T21:39:03.432+0000] {dagbag.py:588} INFO - Filling up the DagBag from /opt/airflow/dags/row_from_api_to_s3.py
[2026-07-23T21:39:03.465+0000] {logging_mixin.py:190} INFO - [2026-07-23T21:39:03.465+0000] {dagbag.py:387} ERROR - Failed to import: /opt/airflow/dags/row_from_api_to_s3.py
Traceback (most recent call last):
  File "/home/airflow/.local/lib/python3.12/site-packages/airflow/models/dagbag.py", line 383, in parse
    loader.exec_module(new_module)
  File "<frozen importlib._bootstrap_external>", line 999, in exec_module
  File "<frozen importlib._bootstrap>", line 488, in _call_with_frames_removed
  File "/opt/airflow/dags/row_from_api_to_s3.py", line 19, in <module>
    ACCESS_KEY = Variable.get("access_key")
                 ^^^^^^^^^^^^^^^^^^^^^^^^^^
  File "/home/airflow/.local/lib/python3.12/site-packages/airflow/models/variable.py", line 145, in get
    raise KeyError(f"Variable {key} does not exist")
KeyError: 'Variable access_key does not exist'
[2026-07-23T21:39:03.466+0000] {processor.py:927} WARNING - No viable dags retrieved from /opt/airflow/dags/row_from_api_to_s3.py
[2026-07-23T21:39:03.472+0000] {processor.py:208} INFO - Processing /opt/airflow/dags/row_from_api_to_s3.py took 0.055 seconds
[2026-07-23T21:39:33.736+0000] {processor.py:186} INFO - Started process (PID=1505) to work on /opt/airflow/dags/row_from_api_to_s3.py
[2026-07-23T21:39:33.739+0000] {processor.py:914} INFO - Processing file /opt/airflow/dags/row_from_api_to_s3.py for tasks to queue
[2026-07-23T21:39:33.741+0000] {logging_mixin.py:190} INFO - [2026-07-23T21:39:33.740+0000] {dagbag.py:588} INFO - Filling up the DagBag from /opt/airflow/dags/row_from_api_to_s3.py
[2026-07-23T21:39:33.772+0000] {logging_mixin.py:190} INFO - [2026-07-23T21:39:33.772+0000] {dagbag.py:387} ERROR - Failed to import: /opt/airflow/dags/row_from_api_to_s3.py
Traceback (most recent call last):
  File "/home/airflow/.local/lib/python3.12/site-packages/airflow/models/dagbag.py", line 383, in parse
    loader.exec_module(new_module)
  File "<frozen importlib._bootstrap_external>", line 999, in exec_module
  File "<frozen importlib._bootstrap>", line 488, in _call_with_frames_removed
  File "/opt/airflow/dags/row_from_api_to_s3.py", line 19, in <module>
    ACCESS_KEY = Variable.get("access_key")
                 ^^^^^^^^^^^^^^^^^^^^^^^^^^
  File "/home/airflow/.local/lib/python3.12/site-packages/airflow/models/variable.py", line 145, in get
    raise KeyError(f"Variable {key} does not exist")
KeyError: 'Variable access_key does not exist'
[2026-07-23T21:39:33.773+0000] {processor.py:927} WARNING - No viable dags retrieved from /opt/airflow/dags/row_from_api_to_s3.py
[2026-07-23T21:39:33.779+0000] {processor.py:208} INFO - Processing /opt/airflow/dags/row_from_api_to_s3.py took 0.046 seconds
[2026-07-23T21:40:04.089+0000] {processor.py:186} INFO - Started process (PID=1527) to work on /opt/airflow/dags/row_from_api_to_s3.py
[2026-07-23T21:40:04.089+0000] {processor.py:914} INFO - Processing file /opt/airflow/dags/row_from_api_to_s3.py for tasks to queue
[2026-07-23T21:40:04.090+0000] {logging_mixin.py:190} INFO - [2026-07-23T21:40:04.090+0000] {dagbag.py:588} INFO - Filling up the DagBag from /opt/airflow/dags/row_from_api_to_s3.py
[2026-07-23T21:40:04.124+0000] {logging_mixin.py:190} INFO - [2026-07-23T21:40:04.123+0000] {dagbag.py:387} ERROR - Failed to import: /opt/airflow/dags/row_from_api_to_s3.py
Traceback (most recent call last):
  File "/home/airflow/.local/lib/python3.12/site-packages/airflow/models/dagbag.py", line 383, in parse
    loader.exec_module(new_module)
  File "<frozen importlib._bootstrap_external>", line 999, in exec_module
  File "<frozen importlib._bootstrap>", line 488, in _call_with_frames_removed
  File "/opt/airflow/dags/row_from_api_to_s3.py", line 19, in <module>
    ACCESS_KEY = Variable.get("access_key")
                 ^^^^^^^^^^^^^^^^^^^^^^^^^^
  File "/home/airflow/.local/lib/python3.12/site-packages/airflow/models/variable.py", line 145, in get
    raise KeyError(f"Variable {key} does not exist")
KeyError: 'Variable access_key does not exist'
[2026-07-23T21:40:04.124+0000] {processor.py:927} WARNING - No viable dags retrieved from /opt/airflow/dags/row_from_api_to_s3.py
[2026-07-23T21:40:04.130+0000] {processor.py:208} INFO - Processing /opt/airflow/dags/row_from_api_to_s3.py took 0.045 seconds
[2026-07-23T21:40:34.344+0000] {processor.py:186} INFO - Started process (PID=1549) to work on /opt/airflow/dags/row_from_api_to_s3.py
[2026-07-23T21:40:34.347+0000] {processor.py:914} INFO - Processing file /opt/airflow/dags/row_from_api_to_s3.py for tasks to queue
[2026-07-23T21:40:34.349+0000] {logging_mixin.py:190} INFO - [2026-07-23T21:40:34.349+0000] {dagbag.py:588} INFO - Filling up the DagBag from /opt/airflow/dags/row_from_api_to_s3.py
[2026-07-23T21:40:34.385+0000] {logging_mixin.py:190} INFO - [2026-07-23T21:40:34.384+0000] {dagbag.py:387} ERROR - Failed to import: /opt/airflow/dags/row_from_api_to_s3.py
Traceback (most recent call last):
  File "/home/airflow/.local/lib/python3.12/site-packages/airflow/models/dagbag.py", line 383, in parse
    loader.exec_module(new_module)
  File "<frozen importlib._bootstrap_external>", line 999, in exec_module
  File "<frozen importlib._bootstrap>", line 488, in _call_with_frames_removed
  File "/opt/airflow/dags/row_from_api_to_s3.py", line 19, in <module>
    ACCESS_KEY = Variable.get("access_key")
                 ^^^^^^^^^^^^^^^^^^^^^^^^^^
  File "/home/airflow/.local/lib/python3.12/site-packages/airflow/models/variable.py", line 145, in get
    raise KeyError(f"Variable {key} does not exist")
KeyError: 'Variable access_key does not exist'
[2026-07-23T21:40:34.385+0000] {processor.py:927} WARNING - No viable dags retrieved from /opt/airflow/dags/row_from_api_to_s3.py
[2026-07-23T21:40:34.391+0000] {processor.py:208} INFO - Processing /opt/airflow/dags/row_from_api_to_s3.py took 0.060 seconds
