[2026-07-25T15:24:41.445+0000] {local_task_job_runner.py:123} INFO - ::group::Pre task execution logs
[2026-07-25T15:24:41.458+0000] {taskinstance.py:2614} INFO - Dependencies all met for dep_context=non-requeueable deps ti=<TaskInstance: raw_from_api_to_s3.get_and_transfer_api_data_to_s3 scheduled__2026-07-24T02:00:00+00:00 [queued]>
[2026-07-25T15:24:41.463+0000] {taskinstance.py:2614} INFO - Dependencies all met for dep_context=requeueable deps ti=<TaskInstance: raw_from_api_to_s3.get_and_transfer_api_data_to_s3 scheduled__2026-07-24T02:00:00+00:00 [queued]>
[2026-07-25T15:24:41.463+0000] {taskinstance.py:2867} INFO - Starting attempt 2 of 5
[2026-07-25T15:24:41.470+0000] {taskinstance.py:2890} INFO - Executing <Task(PythonOperator): get_and_transfer_api_data_to_s3> on 2026-07-24 02:00:00+00:00
[2026-07-25T15:24:41.474+0000] {warnings.py:112} WARNING - /home/***/.local/lib/python3.12/site-packages/***/task/task_runner/standard_task_runner.py:70: DeprecationWarning: This process (pid=12178) is multi-threaded, use of fork() may lead to deadlocks in the child.
  pid = os.fork()

[2026-07-25T15:24:41.475+0000] {standard_task_runner.py:72} INFO - Started process 12200 to run task
[2026-07-25T15:24:41.476+0000] {standard_task_runner.py:104} INFO - Running: ['***', 'tasks', 'run', 'raw_from_api_to_s3', 'get_and_transfer_api_data_to_s3', 'scheduled__2026-07-24T02:00:00+00:00', '--job-id', '84', '--raw', '--subdir', 'DAGS_FOLDER/row_from_api_to_s3.py', '--cfg-path', '/tmp/tmpbnmywu_h']
[2026-07-25T15:24:41.477+0000] {standard_task_runner.py:105} INFO - Job 84: Subtask get_and_transfer_api_data_to_s3
[2026-07-25T15:24:41.501+0000] {task_command.py:467} INFO - Running <TaskInstance: raw_from_api_to_s3.get_and_transfer_api_data_to_s3 scheduled__2026-07-24T02:00:00+00:00 [running]> on host e9d1c282f90e
[2026-07-25T15:24:41.548+0000] {taskinstance.py:3134} INFO - Exporting env vars: AIRFLOW_CTX_DAG_OWNER='e.alekseev' AIRFLOW_CTX_DAG_ID='raw_from_api_to_s3' AIRFLOW_CTX_TASK_ID='get_and_transfer_api_data_to_s3' AIRFLOW_CTX_EXECUTION_DATE='2026-07-24T02:00:00+00:00' AIRFLOW_CTX_TRY_NUMBER='2' AIRFLOW_CTX_DAG_RUN_ID='scheduled__2026-07-24T02:00:00+00:00'
[2026-07-25T15:24:41.549+0000] {taskinstance.py:732} INFO - ::endgroup::
[2026-07-25T15:24:41.557+0000] {row_from_api_to_s3.py:49} INFO - 💻 Start load for dates: 2026-07-24/2026-07-25
[2026-07-25T15:24:42.669+0000] {row_from_api_to_s3.py:75} INFO - ✅ Download for date success: 2026-07-24
[2026-07-25T15:24:42.670+0000] {python.py:240} INFO - Done. Returned value was: None
[2026-07-25T15:24:42.676+0000] {taskinstance.py:341} INFO - ::group::Post task execution logs
[2026-07-25T15:24:42.676+0000] {taskinstance.py:353} INFO - Marking task as SUCCESS. dag_id=raw_from_api_to_s3, task_id=get_and_transfer_api_data_to_s3, run_id=scheduled__2026-07-24T02:00:00+00:00, execution_date=20260724T020000, start_date=20260725T152441, end_date=20260725T152442
[2026-07-25T15:24:42.734+0000] {local_task_job_runner.py:266} INFO - Task exited with return code 0
[2026-07-25T15:24:42.747+0000] {taskinstance.py:3901} INFO - 0 downstream tasks scheduled from follow-on schedule check
[2026-07-25T15:24:42.749+0000] {local_task_job_runner.py:245} INFO - ::endgroup::
