[2026-07-24T20:17:26.708+0000] {local_task_job_runner.py:123} INFO - ::group::Pre task execution logs
[2026-07-24T20:17:26.720+0000] {taskinstance.py:2614} INFO - Dependencies all met for dep_context=non-requeueable deps ti=<TaskInstance: raw_from_s3_to_pg.get_and_transfer_raw_data_to_ods_pg scheduled__2026-07-16T02:00:00+00:00 [queued]>
[2026-07-24T20:17:26.726+0000] {taskinstance.py:2614} INFO - Dependencies all met for dep_context=requeueable deps ti=<TaskInstance: raw_from_s3_to_pg.get_and_transfer_raw_data_to_ods_pg scheduled__2026-07-16T02:00:00+00:00 [queued]>
[2026-07-24T20:17:26.727+0000] {taskinstance.py:2867} INFO - Starting attempt 1 of 4
[2026-07-24T20:17:26.734+0000] {taskinstance.py:2890} INFO - Executing <Task(PythonOperator): get_and_transfer_raw_data_to_ods_pg> on 2026-07-16 02:00:00+00:00
[2026-07-24T20:17:26.738+0000] {warnings.py:112} WARNING - /home/***/.local/lib/python3.12/site-packages/***/task/task_runner/standard_task_runner.py:70: DeprecationWarning: This process (pid=10396) is multi-threaded, use of fork() may lead to deadlocks in the child.
  pid = os.fork()

[2026-07-24T20:17:26.739+0000] {standard_task_runner.py:72} INFO - Started process 10412 to run task
[2026-07-24T20:17:26.739+0000] {standard_task_runner.py:104} INFO - Running: ['***', 'tasks', 'run', 'raw_from_s3_to_pg', 'get_and_transfer_raw_data_to_ods_pg', 'scheduled__2026-07-16T02:00:00+00:00', '--job-id', '43', '--raw', '--subdir', 'DAGS_FOLDER/raw_from_s3_to_pg.py', '--cfg-path', '/tmp/tmptbzwj99g']
[2026-07-24T20:17:26.740+0000] {standard_task_runner.py:105} INFO - Job 43: Subtask get_and_transfer_raw_data_to_ods_pg
[2026-07-24T20:17:26.766+0000] {task_command.py:467} INFO - Running <TaskInstance: raw_from_s3_to_pg.get_and_transfer_raw_data_to_ods_pg scheduled__2026-07-16T02:00:00+00:00 [running]> on host e9d1c282f90e
[2026-07-24T20:17:26.818+0000] {taskinstance.py:3134} INFO - Exporting env vars: AIRFLOW_CTX_DAG_OWNER='e.alekseev' AIRFLOW_CTX_DAG_ID='raw_from_s3_to_pg' AIRFLOW_CTX_TASK_ID='get_and_transfer_raw_data_to_ods_pg' AIRFLOW_CTX_EXECUTION_DATE='2026-07-16T02:00:00+00:00' AIRFLOW_CTX_TRY_NUMBER='1' AIRFLOW_CTX_DAG_RUN_ID='scheduled__2026-07-16T02:00:00+00:00'
[2026-07-24T20:17:26.818+0000] {taskinstance.py:732} INFO - ::endgroup::
[2026-07-24T20:17:26.826+0000] {raw_from_s3_to_pg.py:55} INFO - 💻 Start load for dates: 2026-07-16/2026-07-17
[2026-07-24T20:17:26.907+0000] {raw_from_s3_to_pg.py:133} INFO - ✅ Download for date success: 2026-07-16
[2026-07-24T20:17:26.907+0000] {python.py:240} INFO - Done. Returned value was: None
[2026-07-24T20:17:26.914+0000] {taskinstance.py:341} INFO - ::group::Post task execution logs
[2026-07-24T20:17:26.914+0000] {taskinstance.py:353} INFO - Marking task as SUCCESS. dag_id=raw_from_s3_to_pg, task_id=get_and_transfer_raw_data_to_ods_pg, run_id=scheduled__2026-07-16T02:00:00+00:00, execution_date=20260716T020000, start_date=20260724T201726, end_date=20260724T201726
[2026-07-24T20:17:26.952+0000] {local_task_job_runner.py:266} INFO - Task exited with return code 0
[2026-07-24T20:17:26.968+0000] {taskinstance.py:3901} INFO - 0 downstream tasks scheduled from follow-on schedule check
[2026-07-24T20:17:26.970+0000] {local_task_job_runner.py:245} INFO - ::endgroup::
