[2026-07-24T17:58:39.489+0000] {local_task_job_runner.py:123} INFO - ::group::Pre task execution logs
[2026-07-24T17:58:39.501+0000] {taskinstance.py:2614} INFO - Dependencies all met for dep_context=non-requeueable deps ti=<TaskInstance: raw_from_api_to_s3.get_and_transfer_api_data_to_s3 scheduled__2026-07-10T02:00:00+00:00 [queued]>
[2026-07-24T17:58:39.506+0000] {taskinstance.py:2614} INFO - Dependencies all met for dep_context=requeueable deps ti=<TaskInstance: raw_from_api_to_s3.get_and_transfer_api_data_to_s3 scheduled__2026-07-10T02:00:00+00:00 [queued]>
[2026-07-24T17:58:39.506+0000] {taskinstance.py:2867} INFO - Starting attempt 4 of 7
[2026-07-24T17:58:39.514+0000] {taskinstance.py:2890} INFO - Executing <Task(PythonOperator): get_and_transfer_api_data_to_s3> on 2026-07-10 02:00:00+00:00
[2026-07-24T17:58:39.518+0000] {warnings.py:112} WARNING - /home/***/.local/lib/python3.12/site-packages/***/task/task_runner/standard_task_runner.py:70: DeprecationWarning: This process (pid=6476) is multi-threaded, use of fork() may lead to deadlocks in the child.
  pid = os.fork()

[2026-07-24T17:58:39.518+0000] {standard_task_runner.py:72} INFO - Started process 6492 to run task
[2026-07-24T17:58:39.519+0000] {standard_task_runner.py:104} INFO - Running: ['***', 'tasks', 'run', 'raw_from_api_to_s3', 'get_and_transfer_api_data_to_s3', 'scheduled__2026-07-10T02:00:00+00:00', '--job-id', '8', '--raw', '--subdir', 'DAGS_FOLDER/row_from_api_to_s3.py', '--cfg-path', '/tmp/tmpztjzz178']
[2026-07-24T17:58:39.520+0000] {standard_task_runner.py:105} INFO - Job 8: Subtask get_and_transfer_api_data_to_s3
[2026-07-24T17:58:39.549+0000] {task_command.py:467} INFO - Running <TaskInstance: raw_from_api_to_s3.get_and_transfer_api_data_to_s3 scheduled__2026-07-10T02:00:00+00:00 [running]> on host e9d1c282f90e
[2026-07-24T17:58:39.597+0000] {taskinstance.py:3134} INFO - Exporting env vars: AIRFLOW_CTX_DAG_OWNER='e.alekseev' AIRFLOW_CTX_DAG_ID='raw_from_api_to_s3' AIRFLOW_CTX_TASK_ID='get_and_transfer_api_data_to_s3' AIRFLOW_CTX_EXECUTION_DATE='2026-07-10T02:00:00+00:00' AIRFLOW_CTX_TRY_NUMBER='4' AIRFLOW_CTX_DAG_RUN_ID='scheduled__2026-07-10T02:00:00+00:00'
[2026-07-24T17:58:39.597+0000] {taskinstance.py:732} INFO - ::endgroup::
[2026-07-24T17:58:39.606+0000] {row_from_api_to_s3.py:49} INFO - 💻 Start load for dates: 2026-07-10/2026-07-11
[2026-07-24T17:58:41.101+0000] {taskinstance.py:3313} ERROR - Task failed with exception
Traceback (most recent call last):
  File "/home/airflow/.local/lib/python3.12/site-packages/airflow/models/taskinstance.py", line 768, in _execute_task
    result = _execute_callable(context=context, **execute_callable_kwargs)
             ^^^^^^^^^^^^^^^^^^^^^^^^^^^^^^^^^^^^^^^^^^^^^^^^^^^^^^^^^^^^^
  File "/home/airflow/.local/lib/python3.12/site-packages/airflow/models/taskinstance.py", line 734, in _execute_callable
    return ExecutionCallableRunner(
           ^^^^^^^^^^^^^^^^^^^^^^^^
  File "/home/airflow/.local/lib/python3.12/site-packages/airflow/utils/operator_helpers.py", line 252, in run
    return self.func(*args, **kwargs)
           ^^^^^^^^^^^^^^^^^^^^^^^^^^
  File "/home/airflow/.local/lib/python3.12/site-packages/airflow/models/baseoperator.py", line 424, in wrapper
    return func(self, *args, **kwargs)
           ^^^^^^^^^^^^^^^^^^^^^^^^^^^
  File "/home/airflow/.local/lib/python3.12/site-packages/airflow/operators/python.py", line 238, in execute
    return_value = self.execute_callable()
                   ^^^^^^^^^^^^^^^^^^^^^^^
  File "/home/airflow/.local/lib/python3.12/site-packages/airflow/operators/python.py", line 256, in execute_callable
    return runner.run(*self.op_args, **self.op_kwargs)
           ^^^^^^^^^^^^^^^^^^^^^^^^^^^^^^^^^^^^^^^^^^^
  File "/home/airflow/.local/lib/python3.12/site-packages/airflow/utils/operator_helpers.py", line 252, in run
    return self.func(*args, **kwargs)
           ^^^^^^^^^^^^^^^^^^^^^^^^^^
  File "/opt/airflow/dags/row_from_api_to_s3.py", line 52, in get_and_transfer_api_data_to_s3
    con.sql(
_duckdb.HTTPException: HTTP Error: Unable to connect to URL s3://prod/raw/earthquake/2026-07-10/2026-07-10_00-00-00.gz.parquet: Forbidden (HTTP code 403)

SignatureDoesNotMatch: The request signature we calculated does not match the signature you provided. Check your key and signing method.
[2026-07-24T17:58:41.110+0000] {taskinstance.py:1226} INFO - Marking task as UP_FOR_RETRY. dag_id=raw_from_api_to_s3, task_id=get_and_transfer_api_data_to_s3, run_id=scheduled__2026-07-10T02:00:00+00:00, execution_date=20260710T020000, start_date=20260724T175839, end_date=20260724T175841
[2026-07-24T17:58:41.134+0000] {taskinstance.py:341} INFO - ::group::Post task execution logs
[2026-07-24T17:58:41.134+0000] {standard_task_runner.py:124} ERROR - Failed to execute job 8 for task get_and_transfer_api_data_to_s3 (HTTP Error: Unable to connect to URL s3://prod/raw/earthquake/2026-07-10/2026-07-10_00-00-00.gz.parquet: Forbidden (HTTP code 403)

SignatureDoesNotMatch: The request signature we calculated does not match the signature you provided. Check your key and signing method.; 6492)
Traceback (most recent call last):
  File "/home/airflow/.local/lib/python3.12/site-packages/airflow/task/task_runner/standard_task_runner.py", line 117, in _start_by_fork
    ret = args.func(args, dag=self.dag)
          ^^^^^^^^^^^^^^^^^^^^^^^^^^^^^
  File "/home/airflow/.local/lib/python3.12/site-packages/airflow/cli/cli_config.py", line 49, in command
    return func(*args, **kwargs)
           ^^^^^^^^^^^^^^^^^^^^^
  File "/home/airflow/.local/lib/python3.12/site-packages/airflow/utils/cli.py", line 116, in wrapper
    return f(*args, **kwargs)
           ^^^^^^^^^^^^^^^^^^
  File "/home/airflow/.local/lib/python3.12/site-packages/airflow/cli/commands/task_command.py", line 483, in task_run
    task_return_code = _run_task_by_selected_method(args, _dag, ti)
                       ^^^^^^^^^^^^^^^^^^^^^^^^^^^^^^^^^^^^^^^^^^^^
  File "/home/airflow/.local/lib/python3.12/site-packages/airflow/cli/commands/task_command.py", line 256, in _run_task_by_selected_method
    return _run_raw_task(args, ti)
           ^^^^^^^^^^^^^^^^^^^^^^^
  File "/home/airflow/.local/lib/python3.12/site-packages/airflow/cli/commands/task_command.py", line 341, in _run_raw_task
    return ti._run_raw_task(
           ^^^^^^^^^^^^^^^^^
  File "/home/airflow/.local/lib/python3.12/site-packages/airflow/utils/session.py", line 97, in wrapper
    return func(*args, session=session, **kwargs)
           ^^^^^^^^^^^^^^^^^^^^^^^^^^^^^^^^^^^^^^
  File "/home/airflow/.local/lib/python3.12/site-packages/airflow/models/taskinstance.py", line 3006, in _run_raw_task
    return _run_raw_task(
           ^^^^^^^^^^^^^^
  File "/home/airflow/.local/lib/python3.12/site-packages/airflow/models/taskinstance.py", line 274, in _run_raw_task
    TaskInstance._execute_task_with_callbacks(
  File "/home/airflow/.local/lib/python3.12/site-packages/airflow/models/taskinstance.py", line 3161, in _execute_task_with_callbacks
    result = self._execute_task(context, task_orig)
             ^^^^^^^^^^^^^^^^^^^^^^^^^^^^^^^^^^^^^^
  File "/home/airflow/.local/lib/python3.12/site-packages/airflow/models/taskinstance.py", line 3185, in _execute_task
    return _execute_task(self, context, task_orig)
           ^^^^^^^^^^^^^^^^^^^^^^^^^^^^^^^^^^^^^^^
  File "/home/airflow/.local/lib/python3.12/site-packages/airflow/models/taskinstance.py", line 768, in _execute_task
    result = _execute_callable(context=context, **execute_callable_kwargs)
             ^^^^^^^^^^^^^^^^^^^^^^^^^^^^^^^^^^^^^^^^^^^^^^^^^^^^^^^^^^^^^
  File "/home/airflow/.local/lib/python3.12/site-packages/airflow/models/taskinstance.py", line 734, in _execute_callable
    return ExecutionCallableRunner(
           ^^^^^^^^^^^^^^^^^^^^^^^^
  File "/home/airflow/.local/lib/python3.12/site-packages/airflow/utils/operator_helpers.py", line 252, in run
    return self.func(*args, **kwargs)
           ^^^^^^^^^^^^^^^^^^^^^^^^^^
  File "/home/airflow/.local/lib/python3.12/site-packages/airflow/models/baseoperator.py", line 424, in wrapper
    return func(self, *args, **kwargs)
           ^^^^^^^^^^^^^^^^^^^^^^^^^^^
  File "/home/airflow/.local/lib/python3.12/site-packages/airflow/operators/python.py", line 238, in execute
    return_value = self.execute_callable()
                   ^^^^^^^^^^^^^^^^^^^^^^^
  File "/home/airflow/.local/lib/python3.12/site-packages/airflow/operators/python.py", line 256, in execute_callable
    return runner.run(*self.op_args, **self.op_kwargs)
           ^^^^^^^^^^^^^^^^^^^^^^^^^^^^^^^^^^^^^^^^^^^
  File "/home/airflow/.local/lib/python3.12/site-packages/airflow/utils/operator_helpers.py", line 252, in run
    return self.func(*args, **kwargs)
           ^^^^^^^^^^^^^^^^^^^^^^^^^^
  File "/opt/airflow/dags/row_from_api_to_s3.py", line 52, in get_and_transfer_api_data_to_s3
    con.sql(
_duckdb.HTTPException: HTTP Error: Unable to connect to URL s3://prod/raw/earthquake/2026-07-10/2026-07-10_00-00-00.gz.parquet: Forbidden (HTTP code 403)

SignatureDoesNotMatch: The request signature we calculated does not match the signature you provided. Check your key and signing method.
[2026-07-24T17:58:41.178+0000] {local_task_job_runner.py:266} INFO - Task exited with return code 1
[2026-07-24T17:58:41.211+0000] {taskinstance.py:3901} INFO - 0 downstream tasks scheduled from follow-on schedule check
[2026-07-24T17:58:41.214+0000] {local_task_job_runner.py:245} INFO - ::endgroup::
[2026-07-24T18:31:02.674+0000] {local_task_job_runner.py:123} INFO - ::group::Pre task execution logs
[2026-07-24T18:31:02.689+0000] {taskinstance.py:2614} INFO - Dependencies all met for dep_context=non-requeueable deps ti=<TaskInstance: raw_from_api_to_s3.get_and_transfer_api_data_to_s3 scheduled__2026-07-10T02:00:00+00:00 [queued]>
[2026-07-24T18:31:02.695+0000] {taskinstance.py:2614} INFO - Dependencies all met for dep_context=requeueable deps ti=<TaskInstance: raw_from_api_to_s3.get_and_transfer_api_data_to_s3 scheduled__2026-07-10T02:00:00+00:00 [queued]>
[2026-07-24T18:31:02.695+0000] {taskinstance.py:2867} INFO - Starting attempt 4 of 7
[2026-07-24T18:31:02.702+0000] {taskinstance.py:2890} INFO - Executing <Task(PythonOperator): get_and_transfer_api_data_to_s3> on 2026-07-10 02:00:00+00:00
[2026-07-24T18:31:02.706+0000] {warnings.py:112} WARNING - /home/***/.local/lib/python3.12/site-packages/***/task/task_runner/standard_task_runner.py:70: DeprecationWarning: This process (pid=7189) is multi-threaded, use of fork() may lead to deadlocks in the child.
  pid = os.fork()

[2026-07-24T18:31:02.707+0000] {standard_task_runner.py:72} INFO - Started process 7205 to run task
[2026-07-24T18:31:02.707+0000] {standard_task_runner.py:104} INFO - Running: ['***', 'tasks', 'run', 'raw_from_api_to_s3', 'get_and_transfer_api_data_to_s3', 'scheduled__2026-07-10T02:00:00+00:00', '--job-id', '13', '--raw', '--subdir', 'DAGS_FOLDER/row_from_api_to_s3.py', '--cfg-path', '/tmp/tmpl8vlrjws']
[2026-07-24T18:31:02.708+0000] {standard_task_runner.py:105} INFO - Job 13: Subtask get_and_transfer_api_data_to_s3
[2026-07-24T18:31:02.740+0000] {task_command.py:467} INFO - Running <TaskInstance: raw_from_api_to_s3.get_and_transfer_api_data_to_s3 scheduled__2026-07-10T02:00:00+00:00 [running]> on host e9d1c282f90e
[2026-07-24T18:31:02.798+0000] {taskinstance.py:3134} INFO - Exporting env vars: AIRFLOW_CTX_DAG_OWNER='e.alekseev' AIRFLOW_CTX_DAG_ID='raw_from_api_to_s3' AIRFLOW_CTX_TASK_ID='get_and_transfer_api_data_to_s3' AIRFLOW_CTX_EXECUTION_DATE='2026-07-10T02:00:00+00:00' AIRFLOW_CTX_TRY_NUMBER='4' AIRFLOW_CTX_DAG_RUN_ID='scheduled__2026-07-10T02:00:00+00:00'
[2026-07-24T18:31:02.798+0000] {taskinstance.py:732} INFO - ::endgroup::
[2026-07-24T18:31:02.806+0000] {row_from_api_to_s3.py:49} INFO - 💻 Start load for dates: 2026-07-10/2026-07-11
[2026-07-24T18:31:03.858+0000] {row_from_api_to_s3.py:75} INFO - ✅ Download for date success: 2026-07-10
[2026-07-24T18:31:03.858+0000] {python.py:240} INFO - Done. Returned value was: None
[2026-07-24T18:31:03.866+0000] {taskinstance.py:341} INFO - ::group::Post task execution logs
[2026-07-24T18:31:03.866+0000] {taskinstance.py:353} INFO - Marking task as SUCCESS. dag_id=raw_from_api_to_s3, task_id=get_and_transfer_api_data_to_s3, run_id=scheduled__2026-07-10T02:00:00+00:00, execution_date=20260710T020000, start_date=20260724T183102, end_date=20260724T183103
[2026-07-24T18:31:03.885+0000] {local_task_job_runner.py:266} INFO - Task exited with return code 0
[2026-07-24T18:31:03.895+0000] {taskinstance.py:3901} INFO - 0 downstream tasks scheduled from follow-on schedule check
[2026-07-24T18:31:03.897+0000] {local_task_job_runner.py:245} INFO - ::endgroup::
