[2026-07-24T18:32:16.479+0000] {local_task_job_runner.py:123} INFO - ::group::Pre task execution logs
[2026-07-24T18:32:16.498+0000] {taskinstance.py:2614} INFO - Dependencies all met for dep_context=non-requeueable deps ti=<TaskInstance: raw_from_api_to_s3.get_and_transfer_api_data_to_s3 scheduled__2026-07-18T02:00:00+00:00 [queued]>
[2026-07-24T18:32:16.507+0000] {taskinstance.py:2614} INFO - Dependencies all met for dep_context=requeueable deps ti=<TaskInstance: raw_from_api_to_s3.get_and_transfer_api_data_to_s3 scheduled__2026-07-18T02:00:00+00:00 [queued]>
[2026-07-24T18:32:16.508+0000] {taskinstance.py:2867} INFO - Starting attempt 1 of 4
[2026-07-24T18:32:16.516+0000] {taskinstance.py:2890} INFO - Executing <Task(PythonOperator): get_and_transfer_api_data_to_s3> on 2026-07-18 02:00:00+00:00
[2026-07-24T18:32:16.520+0000] {warnings.py:112} WARNING - /home/***/.local/lib/python3.12/site-packages/***/task/task_runner/standard_task_runner.py:70: DeprecationWarning: This process (pid=7711) is multi-threaded, use of fork() may lead to deadlocks in the child.
  pid = os.fork()

[2026-07-24T18:32:16.520+0000] {standard_task_runner.py:72} INFO - Started process 7727 to run task
[2026-07-24T18:32:16.521+0000] {standard_task_runner.py:104} INFO - Running: ['***', 'tasks', 'run', 'raw_from_api_to_s3', 'get_and_transfer_api_data_to_s3', 'scheduled__2026-07-18T02:00:00+00:00', '--job-id', '22', '--raw', '--subdir', 'DAGS_FOLDER/row_from_api_to_s3.py', '--cfg-path', '/tmp/tmpdnje_stp']
[2026-07-24T18:32:16.522+0000] {standard_task_runner.py:105} INFO - Job 22: Subtask get_and_transfer_api_data_to_s3
[2026-07-24T18:32:16.561+0000] {task_command.py:467} INFO - Running <TaskInstance: raw_from_api_to_s3.get_and_transfer_api_data_to_s3 scheduled__2026-07-18T02:00:00+00:00 [running]> on host e9d1c282f90e
[2026-07-24T18:32:16.627+0000] {taskinstance.py:3134} INFO - Exporting env vars: AIRFLOW_CTX_DAG_OWNER='e.alekseev' AIRFLOW_CTX_DAG_ID='raw_from_api_to_s3' AIRFLOW_CTX_TASK_ID='get_and_transfer_api_data_to_s3' AIRFLOW_CTX_EXECUTION_DATE='2026-07-18T02:00:00+00:00' AIRFLOW_CTX_TRY_NUMBER='1' AIRFLOW_CTX_DAG_RUN_ID='scheduled__2026-07-18T02:00:00+00:00'
[2026-07-24T18:32:16.628+0000] {taskinstance.py:732} INFO - ::endgroup::
[2026-07-24T18:32:16.635+0000] {row_from_api_to_s3.py:49} INFO - 💻 Start load for dates: 2026-07-18/2026-07-19
[2026-07-24T18:32:17.555+0000] {row_from_api_to_s3.py:75} INFO - ✅ Download for date success: 2026-07-18
[2026-07-24T18:32:17.555+0000] {python.py:240} INFO - Done. Returned value was: None
[2026-07-24T18:32:17.563+0000] {taskinstance.py:341} INFO - ::group::Post task execution logs
[2026-07-24T18:32:17.563+0000] {taskinstance.py:353} INFO - Marking task as SUCCESS. dag_id=raw_from_api_to_s3, task_id=get_and_transfer_api_data_to_s3, run_id=scheduled__2026-07-18T02:00:00+00:00, execution_date=20260718T020000, start_date=20260724T183216, end_date=20260724T183217
[2026-07-24T18:32:17.620+0000] {local_task_job_runner.py:266} INFO - Task exited with return code 0
[2026-07-24T18:32:17.659+0000] {taskinstance.py:3901} INFO - 0 downstream tasks scheduled from follow-on schedule check
[2026-07-24T18:32:17.662+0000] {local_task_job_runner.py:245} INFO - ::endgroup::
