[2026-07-24T18:32:41.069+0000] {local_task_job_runner.py:123} INFO - ::group::Pre task execution logs
[2026-07-24T18:32:41.082+0000] {taskinstance.py:2614} INFO - Dependencies all met for dep_context=non-requeueable deps ti=<TaskInstance: raw_from_api_to_s3.get_and_transfer_api_data_to_s3 scheduled__2026-07-23T02:00:00+00:00 [queued]>
[2026-07-24T18:32:41.087+0000] {taskinstance.py:2614} INFO - Dependencies all met for dep_context=requeueable deps ti=<TaskInstance: raw_from_api_to_s3.get_and_transfer_api_data_to_s3 scheduled__2026-07-23T02:00:00+00:00 [queued]>
[2026-07-24T18:32:41.087+0000] {taskinstance.py:2867} INFO - Starting attempt 1 of 4
[2026-07-24T18:32:41.094+0000] {taskinstance.py:2890} INFO - Executing <Task(PythonOperator): get_and_transfer_api_data_to_s3> on 2026-07-23 02:00:00+00:00
[2026-07-24T18:32:41.098+0000] {warnings.py:112} WARNING - /home/***/.local/lib/python3.12/site-packages/***/task/task_runner/standard_task_runner.py:70: DeprecationWarning: This process (pid=7998) is multi-threaded, use of fork() may lead to deadlocks in the child.
  pid = os.fork()

[2026-07-24T18:32:41.098+0000] {standard_task_runner.py:72} INFO - Started process 8014 to run task
[2026-07-24T18:32:41.099+0000] {standard_task_runner.py:104} INFO - Running: ['***', 'tasks', 'run', 'raw_from_api_to_s3', 'get_and_transfer_api_data_to_s3', 'scheduled__2026-07-23T02:00:00+00:00', '--job-id', '27', '--raw', '--subdir', 'DAGS_FOLDER/row_from_api_to_s3.py', '--cfg-path', '/tmp/tmphs6n0a94']
[2026-07-24T18:32:41.100+0000] {standard_task_runner.py:105} INFO - Job 27: Subtask get_and_transfer_api_data_to_s3
[2026-07-24T18:32:41.128+0000] {task_command.py:467} INFO - Running <TaskInstance: raw_from_api_to_s3.get_and_transfer_api_data_to_s3 scheduled__2026-07-23T02:00:00+00:00 [running]> on host e9d1c282f90e
[2026-07-24T18:32:41.172+0000] {taskinstance.py:3134} INFO - Exporting env vars: AIRFLOW_CTX_DAG_OWNER='e.alekseev' AIRFLOW_CTX_DAG_ID='raw_from_api_to_s3' AIRFLOW_CTX_TASK_ID='get_and_transfer_api_data_to_s3' AIRFLOW_CTX_EXECUTION_DATE='2026-07-23T02:00:00+00:00' AIRFLOW_CTX_TRY_NUMBER='1' AIRFLOW_CTX_DAG_RUN_ID='scheduled__2026-07-23T02:00:00+00:00'
[2026-07-24T18:32:41.173+0000] {taskinstance.py:732} INFO - ::endgroup::
[2026-07-24T18:32:41.180+0000] {row_from_api_to_s3.py:49} INFO - 💻 Start load for dates: 2026-07-23/2026-07-24
[2026-07-24T18:32:42.037+0000] {row_from_api_to_s3.py:75} INFO - ✅ Download for date success: 2026-07-23
[2026-07-24T18:32:42.038+0000] {python.py:240} INFO - Done. Returned value was: None
[2026-07-24T18:32:42.045+0000] {taskinstance.py:341} INFO - ::group::Post task execution logs
[2026-07-24T18:32:42.045+0000] {taskinstance.py:353} INFO - Marking task as SUCCESS. dag_id=raw_from_api_to_s3, task_id=get_and_transfer_api_data_to_s3, run_id=scheduled__2026-07-23T02:00:00+00:00, execution_date=20260723T020000, start_date=20260724T183241, end_date=20260724T183242
[2026-07-24T18:32:42.076+0000] {local_task_job_runner.py:266} INFO - Task exited with return code 0
[2026-07-24T18:32:42.096+0000] {taskinstance.py:3901} INFO - 0 downstream tasks scheduled from follow-on schedule check
[2026-07-24T18:32:42.098+0000] {local_task_job_runner.py:245} INFO - ::endgroup::
