[2026-07-25T14:59:55.305+0000] {local_task_job_runner.py:123} INFO - ::group::Pre task execution logs
[2026-07-25T14:59:55.317+0000] {taskinstance.py:2614} INFO - Dependencies all met for dep_context=non-requeueable deps ti=<TaskInstance: raw_from_s3_to_pg.sensor_on_raw_layer scheduled__2026-07-24T02:00:00+00:00 [queued]>
[2026-07-25T14:59:55.322+0000] {taskinstance.py:2614} INFO - Dependencies all met for dep_context=requeueable deps ti=<TaskInstance: raw_from_s3_to_pg.sensor_on_raw_layer scheduled__2026-07-24T02:00:00+00:00 [queued]>
[2026-07-25T14:59:55.322+0000] {taskinstance.py:2867} INFO - Starting attempt 1 of 4
[2026-07-25T14:59:55.328+0000] {taskinstance.py:2890} INFO - Executing <Task(ExternalTaskSensor): sensor_on_raw_layer> on 2026-07-24 02:00:00+00:00
[2026-07-25T14:59:55.332+0000] {warnings.py:112} WARNING - /home/***/.local/lib/python3.12/site-packages/***/task/task_runner/standard_task_runner.py:70: DeprecationWarning: This process (pid=11340) is multi-threaded, use of fork() may lead to deadlocks in the child.
  pid = os.fork()

[2026-07-25T14:59:55.334+0000] {standard_task_runner.py:72} INFO - Started process 11373 to run task
[2026-07-25T14:59:55.334+0000] {standard_task_runner.py:104} INFO - Running: ['***', 'tasks', 'run', 'raw_from_s3_to_pg', 'sensor_on_raw_layer', 'scheduled__2026-07-24T02:00:00+00:00', '--job-id', '59', '--raw', '--subdir', 'DAGS_FOLDER/raw_from_s3_to_pg.py', '--cfg-path', '/tmp/tmpeeaz1w1h']
[2026-07-25T14:59:55.334+0000] {standard_task_runner.py:105} INFO - Job 59: Subtask sensor_on_raw_layer
[2026-07-25T14:59:55.367+0000] {task_command.py:467} INFO - Running <TaskInstance: raw_from_s3_to_pg.sensor_on_raw_layer scheduled__2026-07-24T02:00:00+00:00 [running]> on host e9d1c282f90e
[2026-07-25T14:59:55.412+0000] {taskinstance.py:3134} INFO - Exporting env vars: AIRFLOW_CTX_DAG_OWNER='e.alekseev' AIRFLOW_CTX_DAG_ID='raw_from_s3_to_pg' AIRFLOW_CTX_TASK_ID='sensor_on_raw_layer' AIRFLOW_CTX_EXECUTION_DATE='2026-07-24T02:00:00+00:00' AIRFLOW_CTX_TRY_NUMBER='1' AIRFLOW_CTX_DAG_RUN_ID='scheduled__2026-07-24T02:00:00+00:00'
[2026-07-25T14:59:55.413+0000] {taskinstance.py:732} INFO - ::endgroup::
[2026-07-25T14:59:55.421+0000] {baseoperator.py:423} WARNING - ExternalTaskSensor.execute cannot be called outside TaskInstance!
[2026-07-25T14:59:55.426+0000] {external_task.py:274} INFO - Poking for DAG 'raw_from_api_to_s3' on 2026-07-24T02:00:00+00:00 ... 
[2026-07-25T14:59:55.426+0000] {warnings.py:112} WARNING - /home/***/.local/lib/python3.12/site-packages/***/utils/session.py:97: DeprecationWarning: This method is deprecated and will be removed in future.
  return func(*args, session=session, **kwargs)

[2026-07-25T14:59:55.445+0000] {taskinstance.py:310} INFO - Rescheduling task, marking task as UP_FOR_RESCHEDULE
[2026-07-25T14:59:55.445+0000] {taskinstance.py:341} INFO - ::group::Post task execution logs
[2026-07-25T14:59:55.469+0000] {local_task_job_runner.py:266} INFO - Task exited with return code 0
[2026-07-25T14:59:55.485+0000] {taskinstance.py:3901} INFO - 0 downstream tasks scheduled from follow-on schedule check
[2026-07-25T14:59:55.487+0000] {local_task_job_runner.py:245} INFO - ::endgroup::
[2026-07-25T15:00:56.491+0000] {local_task_job_runner.py:123} INFO - ::group::Pre task execution logs
[2026-07-25T15:00:56.509+0000] {taskinstance.py:2614} INFO - Dependencies all met for dep_context=non-requeueable deps ti=<TaskInstance: raw_from_s3_to_pg.sensor_on_raw_layer scheduled__2026-07-24T02:00:00+00:00 [queued]>
[2026-07-25T15:00:56.516+0000] {taskinstance.py:2614} INFO - Dependencies all met for dep_context=requeueable deps ti=<TaskInstance: raw_from_s3_to_pg.sensor_on_raw_layer scheduled__2026-07-24T02:00:00+00:00 [queued]>
[2026-07-25T15:00:56.516+0000] {taskinstance.py:2867} INFO - Starting attempt 1 of 4
[2026-07-25T15:00:56.523+0000] {taskinstance.py:2890} INFO - Executing <Task(ExternalTaskSensor): sensor_on_raw_layer> on 2026-07-24 02:00:00+00:00
[2026-07-25T15:00:56.527+0000] {warnings.py:112} WARNING - /home/***/.local/lib/python3.12/site-packages/***/task/task_runner/standard_task_runner.py:70: DeprecationWarning: This process (pid=11430) is multi-threaded, use of fork() may lead to deadlocks in the child.
  pid = os.fork()

[2026-07-25T15:00:56.527+0000] {standard_task_runner.py:72} INFO - Started process 11446 to run task
[2026-07-25T15:00:56.529+0000] {standard_task_runner.py:104} INFO - Running: ['***', 'tasks', 'run', 'raw_from_s3_to_pg', 'sensor_on_raw_layer', 'scheduled__2026-07-24T02:00:00+00:00', '--job-id', '60', '--raw', '--subdir', 'DAGS_FOLDER/raw_from_s3_to_pg.py', '--cfg-path', '/tmp/tmph5t9es8q']
[2026-07-25T15:00:56.530+0000] {standard_task_runner.py:105} INFO - Job 60: Subtask sensor_on_raw_layer
[2026-07-25T15:00:56.558+0000] {task_command.py:467} INFO - Running <TaskInstance: raw_from_s3_to_pg.sensor_on_raw_layer scheduled__2026-07-24T02:00:00+00:00 [running]> on host e9d1c282f90e
[2026-07-25T15:00:56.606+0000] {taskinstance.py:3134} INFO - Exporting env vars: AIRFLOW_CTX_DAG_OWNER='e.alekseev' AIRFLOW_CTX_DAG_ID='raw_from_s3_to_pg' AIRFLOW_CTX_TASK_ID='sensor_on_raw_layer' AIRFLOW_CTX_EXECUTION_DATE='2026-07-24T02:00:00+00:00' AIRFLOW_CTX_TRY_NUMBER='1' AIRFLOW_CTX_DAG_RUN_ID='scheduled__2026-07-24T02:00:00+00:00'
[2026-07-25T15:00:56.606+0000] {taskinstance.py:732} INFO - ::endgroup::
[2026-07-25T15:00:56.613+0000] {baseoperator.py:423} WARNING - ExternalTaskSensor.execute cannot be called outside TaskInstance!
[2026-07-25T15:00:56.620+0000] {external_task.py:274} INFO - Poking for DAG 'raw_from_api_to_s3' on 2026-07-24T02:00:00+00:00 ... 
[2026-07-25T15:00:56.620+0000] {warnings.py:112} WARNING - /home/***/.local/lib/python3.12/site-packages/***/utils/session.py:97: DeprecationWarning: This method is deprecated and will be removed in future.
  return func(*args, session=session, **kwargs)

[2026-07-25T15:00:56.638+0000] {taskinstance.py:310} INFO - Rescheduling task, marking task as UP_FOR_RESCHEDULE
[2026-07-25T15:00:56.638+0000] {taskinstance.py:341} INFO - ::group::Post task execution logs
[2026-07-25T15:00:56.661+0000] {local_task_job_runner.py:266} INFO - Task exited with return code 0
[2026-07-25T15:00:56.686+0000] {taskinstance.py:3901} INFO - 0 downstream tasks scheduled from follow-on schedule check
[2026-07-25T15:00:56.688+0000] {local_task_job_runner.py:245} INFO - ::endgroup::
[2026-07-25T15:01:57.713+0000] {local_task_job_runner.py:123} INFO - ::group::Pre task execution logs
[2026-07-25T15:01:57.724+0000] {taskinstance.py:2614} INFO - Dependencies all met for dep_context=non-requeueable deps ti=<TaskInstance: raw_from_s3_to_pg.sensor_on_raw_layer scheduled__2026-07-24T02:00:00+00:00 [queued]>
[2026-07-25T15:01:57.729+0000] {taskinstance.py:2614} INFO - Dependencies all met for dep_context=requeueable deps ti=<TaskInstance: raw_from_s3_to_pg.sensor_on_raw_layer scheduled__2026-07-24T02:00:00+00:00 [queued]>
[2026-07-25T15:01:57.729+0000] {taskinstance.py:2867} INFO - Starting attempt 1 of 4
[2026-07-25T15:01:57.735+0000] {taskinstance.py:2890} INFO - Executing <Task(ExternalTaskSensor): sensor_on_raw_layer> on 2026-07-24 02:00:00+00:00
[2026-07-25T15:01:57.739+0000] {warnings.py:112} WARNING - /home/***/.local/lib/python3.12/site-packages/***/task/task_runner/standard_task_runner.py:70: DeprecationWarning: This process (pid=11462) is multi-threaded, use of fork() may lead to deadlocks in the child.
  pid = os.fork()

[2026-07-25T15:01:57.739+0000] {standard_task_runner.py:72} INFO - Started process 11478 to run task
[2026-07-25T15:01:57.740+0000] {standard_task_runner.py:104} INFO - Running: ['***', 'tasks', 'run', 'raw_from_s3_to_pg', 'sensor_on_raw_layer', 'scheduled__2026-07-24T02:00:00+00:00', '--job-id', '61', '--raw', '--subdir', 'DAGS_FOLDER/raw_from_s3_to_pg.py', '--cfg-path', '/tmp/tmpxxba6h_3']
[2026-07-25T15:01:57.741+0000] {standard_task_runner.py:105} INFO - Job 61: Subtask sensor_on_raw_layer
[2026-07-25T15:01:57.768+0000] {task_command.py:467} INFO - Running <TaskInstance: raw_from_s3_to_pg.sensor_on_raw_layer scheduled__2026-07-24T02:00:00+00:00 [running]> on host e9d1c282f90e
[2026-07-25T15:01:57.810+0000] {taskinstance.py:3134} INFO - Exporting env vars: AIRFLOW_CTX_DAG_OWNER='e.alekseev' AIRFLOW_CTX_DAG_ID='raw_from_s3_to_pg' AIRFLOW_CTX_TASK_ID='sensor_on_raw_layer' AIRFLOW_CTX_EXECUTION_DATE='2026-07-24T02:00:00+00:00' AIRFLOW_CTX_TRY_NUMBER='1' AIRFLOW_CTX_DAG_RUN_ID='scheduled__2026-07-24T02:00:00+00:00'
[2026-07-25T15:01:57.811+0000] {taskinstance.py:732} INFO - ::endgroup::
[2026-07-25T15:01:57.818+0000] {baseoperator.py:423} WARNING - ExternalTaskSensor.execute cannot be called outside TaskInstance!
[2026-07-25T15:01:57.822+0000] {external_task.py:274} INFO - Poking for DAG 'raw_from_api_to_s3' on 2026-07-24T02:00:00+00:00 ... 
[2026-07-25T15:01:57.822+0000] {warnings.py:112} WARNING - /home/***/.local/lib/python3.12/site-packages/***/utils/session.py:97: DeprecationWarning: This method is deprecated and will be removed in future.
  return func(*args, session=session, **kwargs)

[2026-07-25T15:01:57.837+0000] {taskinstance.py:310} INFO - Rescheduling task, marking task as UP_FOR_RESCHEDULE
[2026-07-25T15:01:57.838+0000] {taskinstance.py:341} INFO - ::group::Post task execution logs
[2026-07-25T15:01:57.873+0000] {local_task_job_runner.py:266} INFO - Task exited with return code 0
[2026-07-25T15:01:57.896+0000] {taskinstance.py:3901} INFO - 0 downstream tasks scheduled from follow-on schedule check
[2026-07-25T15:01:57.898+0000] {local_task_job_runner.py:245} INFO - ::endgroup::
[2026-07-25T15:02:58.932+0000] {local_task_job_runner.py:123} INFO - ::group::Pre task execution logs
[2026-07-25T15:02:58.945+0000] {taskinstance.py:2614} INFO - Dependencies all met for dep_context=non-requeueable deps ti=<TaskInstance: raw_from_s3_to_pg.sensor_on_raw_layer scheduled__2026-07-24T02:00:00+00:00 [queued]>
[2026-07-25T15:02:58.951+0000] {taskinstance.py:2614} INFO - Dependencies all met for dep_context=requeueable deps ti=<TaskInstance: raw_from_s3_to_pg.sensor_on_raw_layer scheduled__2026-07-24T02:00:00+00:00 [queued]>
[2026-07-25T15:02:58.951+0000] {taskinstance.py:2867} INFO - Starting attempt 1 of 4
[2026-07-25T15:02:58.958+0000] {taskinstance.py:2890} INFO - Executing <Task(ExternalTaskSensor): sensor_on_raw_layer> on 2026-07-24 02:00:00+00:00
[2026-07-25T15:02:58.961+0000] {warnings.py:112} WARNING - /home/***/.local/lib/python3.12/site-packages/***/task/task_runner/standard_task_runner.py:70: DeprecationWarning: This process (pid=11494) is multi-threaded, use of fork() may lead to deadlocks in the child.
  pid = os.fork()

[2026-07-25T15:02:58.962+0000] {standard_task_runner.py:72} INFO - Started process 11510 to run task
[2026-07-25T15:02:58.963+0000] {standard_task_runner.py:104} INFO - Running: ['***', 'tasks', 'run', 'raw_from_s3_to_pg', 'sensor_on_raw_layer', 'scheduled__2026-07-24T02:00:00+00:00', '--job-id', '62', '--raw', '--subdir', 'DAGS_FOLDER/raw_from_s3_to_pg.py', '--cfg-path', '/tmp/tmp33p6f3yq']
[2026-07-25T15:02:58.964+0000] {standard_task_runner.py:105} INFO - Job 62: Subtask sensor_on_raw_layer
[2026-07-25T15:02:58.992+0000] {task_command.py:467} INFO - Running <TaskInstance: raw_from_s3_to_pg.sensor_on_raw_layer scheduled__2026-07-24T02:00:00+00:00 [running]> on host e9d1c282f90e
[2026-07-25T15:02:59.038+0000] {taskinstance.py:3134} INFO - Exporting env vars: AIRFLOW_CTX_DAG_OWNER='e.alekseev' AIRFLOW_CTX_DAG_ID='raw_from_s3_to_pg' AIRFLOW_CTX_TASK_ID='sensor_on_raw_layer' AIRFLOW_CTX_EXECUTION_DATE='2026-07-24T02:00:00+00:00' AIRFLOW_CTX_TRY_NUMBER='1' AIRFLOW_CTX_DAG_RUN_ID='scheduled__2026-07-24T02:00:00+00:00'
[2026-07-25T15:02:59.039+0000] {taskinstance.py:732} INFO - ::endgroup::
[2026-07-25T15:02:59.046+0000] {baseoperator.py:423} WARNING - ExternalTaskSensor.execute cannot be called outside TaskInstance!
[2026-07-25T15:02:59.051+0000] {external_task.py:274} INFO - Poking for DAG 'raw_from_api_to_s3' on 2026-07-24T02:00:00+00:00 ... 
[2026-07-25T15:02:59.052+0000] {warnings.py:112} WARNING - /home/***/.local/lib/python3.12/site-packages/***/utils/session.py:97: DeprecationWarning: This method is deprecated and will be removed in future.
  return func(*args, session=session, **kwargs)

[2026-07-25T15:02:59.071+0000] {taskinstance.py:310} INFO - Rescheduling task, marking task as UP_FOR_RESCHEDULE
[2026-07-25T15:02:59.071+0000] {taskinstance.py:341} INFO - ::group::Post task execution logs
[2026-07-25T15:02:59.095+0000] {local_task_job_runner.py:266} INFO - Task exited with return code 0
[2026-07-25T15:02:59.113+0000] {taskinstance.py:3901} INFO - 0 downstream tasks scheduled from follow-on schedule check
[2026-07-25T15:02:59.115+0000] {local_task_job_runner.py:245} INFO - ::endgroup::
[2026-07-25T15:04:00.051+0000] {local_task_job_runner.py:123} INFO - ::group::Pre task execution logs
[2026-07-25T15:04:00.064+0000] {taskinstance.py:2614} INFO - Dependencies all met for dep_context=non-requeueable deps ti=<TaskInstance: raw_from_s3_to_pg.sensor_on_raw_layer scheduled__2026-07-24T02:00:00+00:00 [queued]>
[2026-07-25T15:04:00.069+0000] {taskinstance.py:2614} INFO - Dependencies all met for dep_context=requeueable deps ti=<TaskInstance: raw_from_s3_to_pg.sensor_on_raw_layer scheduled__2026-07-24T02:00:00+00:00 [queued]>
[2026-07-25T15:04:00.069+0000] {taskinstance.py:2867} INFO - Starting attempt 1 of 4
[2026-07-25T15:04:00.075+0000] {taskinstance.py:2890} INFO - Executing <Task(ExternalTaskSensor): sensor_on_raw_layer> on 2026-07-24 02:00:00+00:00
[2026-07-25T15:04:00.079+0000] {warnings.py:112} WARNING - /home/***/.local/lib/python3.12/site-packages/***/task/task_runner/standard_task_runner.py:70: DeprecationWarning: This process (pid=11526) is multi-threaded, use of fork() may lead to deadlocks in the child.
  pid = os.fork()

[2026-07-25T15:04:00.080+0000] {standard_task_runner.py:72} INFO - Started process 11542 to run task
[2026-07-25T15:04:00.080+0000] {standard_task_runner.py:104} INFO - Running: ['***', 'tasks', 'run', 'raw_from_s3_to_pg', 'sensor_on_raw_layer', 'scheduled__2026-07-24T02:00:00+00:00', '--job-id', '63', '--raw', '--subdir', 'DAGS_FOLDER/raw_from_s3_to_pg.py', '--cfg-path', '/tmp/tmpzpcigc6_']
[2026-07-25T15:04:00.081+0000] {standard_task_runner.py:105} INFO - Job 63: Subtask sensor_on_raw_layer
[2026-07-25T15:04:00.113+0000] {task_command.py:467} INFO - Running <TaskInstance: raw_from_s3_to_pg.sensor_on_raw_layer scheduled__2026-07-24T02:00:00+00:00 [running]> on host e9d1c282f90e
[2026-07-25T15:04:00.156+0000] {taskinstance.py:3134} INFO - Exporting env vars: AIRFLOW_CTX_DAG_OWNER='e.alekseev' AIRFLOW_CTX_DAG_ID='raw_from_s3_to_pg' AIRFLOW_CTX_TASK_ID='sensor_on_raw_layer' AIRFLOW_CTX_EXECUTION_DATE='2026-07-24T02:00:00+00:00' AIRFLOW_CTX_TRY_NUMBER='1' AIRFLOW_CTX_DAG_RUN_ID='scheduled__2026-07-24T02:00:00+00:00'
[2026-07-25T15:04:00.156+0000] {taskinstance.py:732} INFO - ::endgroup::
[2026-07-25T15:04:00.163+0000] {baseoperator.py:423} WARNING - ExternalTaskSensor.execute cannot be called outside TaskInstance!
[2026-07-25T15:04:00.168+0000] {external_task.py:274} INFO - Poking for DAG 'raw_from_api_to_s3' on 2026-07-24T02:00:00+00:00 ... 
[2026-07-25T15:04:00.168+0000] {warnings.py:112} WARNING - /home/***/.local/lib/python3.12/site-packages/***/utils/session.py:97: DeprecationWarning: This method is deprecated and will be removed in future.
  return func(*args, session=session, **kwargs)

[2026-07-25T15:04:00.184+0000] {taskinstance.py:310} INFO - Rescheduling task, marking task as UP_FOR_RESCHEDULE
[2026-07-25T15:04:00.184+0000] {taskinstance.py:341} INFO - ::group::Post task execution logs
[2026-07-25T15:04:00.213+0000] {local_task_job_runner.py:266} INFO - Task exited with return code 0
[2026-07-25T15:04:00.259+0000] {taskinstance.py:3901} INFO - 0 downstream tasks scheduled from follow-on schedule check
[2026-07-25T15:04:00.262+0000] {local_task_job_runner.py:245} INFO - ::endgroup::
[2026-07-25T15:05:00.699+0000] {local_task_job_runner.py:123} INFO - ::group::Pre task execution logs
[2026-07-25T15:05:00.721+0000] {taskinstance.py:2614} INFO - Dependencies all met for dep_context=non-requeueable deps ti=<TaskInstance: raw_from_s3_to_pg.sensor_on_raw_layer scheduled__2026-07-24T02:00:00+00:00 [queued]>
[2026-07-25T15:05:00.727+0000] {taskinstance.py:2614} INFO - Dependencies all met for dep_context=requeueable deps ti=<TaskInstance: raw_from_s3_to_pg.sensor_on_raw_layer scheduled__2026-07-24T02:00:00+00:00 [queued]>
[2026-07-25T15:05:00.727+0000] {taskinstance.py:2867} INFO - Starting attempt 1 of 4
[2026-07-25T15:05:00.734+0000] {taskinstance.py:2890} INFO - Executing <Task(ExternalTaskSensor): sensor_on_raw_layer> on 2026-07-24 02:00:00+00:00
[2026-07-25T15:05:00.738+0000] {warnings.py:112} WARNING - /home/***/.local/lib/python3.12/site-packages/***/task/task_runner/standard_task_runner.py:70: DeprecationWarning: This process (pid=11558) is multi-threaded, use of fork() may lead to deadlocks in the child.
  pid = os.fork()

[2026-07-25T15:05:00.738+0000] {standard_task_runner.py:72} INFO - Started process 11574 to run task
[2026-07-25T15:05:00.739+0000] {standard_task_runner.py:104} INFO - Running: ['***', 'tasks', 'run', 'raw_from_s3_to_pg', 'sensor_on_raw_layer', 'scheduled__2026-07-24T02:00:00+00:00', '--job-id', '64', '--raw', '--subdir', 'DAGS_FOLDER/raw_from_s3_to_pg.py', '--cfg-path', '/tmp/tmpc7am2u8g']
[2026-07-25T15:05:00.740+0000] {standard_task_runner.py:105} INFO - Job 64: Subtask sensor_on_raw_layer
[2026-07-25T15:05:00.783+0000] {task_command.py:467} INFO - Running <TaskInstance: raw_from_s3_to_pg.sensor_on_raw_layer scheduled__2026-07-24T02:00:00+00:00 [running]> on host e9d1c282f90e
[2026-07-25T15:05:00.821+0000] {taskinstance.py:3134} INFO - Exporting env vars: AIRFLOW_CTX_DAG_OWNER='e.alekseev' AIRFLOW_CTX_DAG_ID='raw_from_s3_to_pg' AIRFLOW_CTX_TASK_ID='sensor_on_raw_layer' AIRFLOW_CTX_EXECUTION_DATE='2026-07-24T02:00:00+00:00' AIRFLOW_CTX_TRY_NUMBER='1' AIRFLOW_CTX_DAG_RUN_ID='scheduled__2026-07-24T02:00:00+00:00'
[2026-07-25T15:05:00.822+0000] {taskinstance.py:732} INFO - ::endgroup::
[2026-07-25T15:05:00.828+0000] {baseoperator.py:423} WARNING - ExternalTaskSensor.execute cannot be called outside TaskInstance!
[2026-07-25T15:05:00.833+0000] {external_task.py:274} INFO - Poking for DAG 'raw_from_api_to_s3' on 2026-07-24T02:00:00+00:00 ... 
[2026-07-25T15:05:00.834+0000] {warnings.py:112} WARNING - /home/***/.local/lib/python3.12/site-packages/***/utils/session.py:97: DeprecationWarning: This method is deprecated and will be removed in future.
  return func(*args, session=session, **kwargs)

[2026-07-25T15:05:00.856+0000] {taskinstance.py:310} INFO - Rescheduling task, marking task as UP_FOR_RESCHEDULE
[2026-07-25T15:05:00.856+0000] {taskinstance.py:341} INFO - ::group::Post task execution logs
[2026-07-25T15:05:00.872+0000] {local_task_job_runner.py:266} INFO - Task exited with return code 0
[2026-07-25T15:05:00.896+0000] {taskinstance.py:3901} INFO - 0 downstream tasks scheduled from follow-on schedule check
[2026-07-25T15:05:00.898+0000] {local_task_job_runner.py:245} INFO - ::endgroup::
[2026-07-25T15:06:01.780+0000] {local_task_job_runner.py:123} INFO - ::group::Pre task execution logs
[2026-07-25T15:06:01.796+0000] {taskinstance.py:2614} INFO - Dependencies all met for dep_context=non-requeueable deps ti=<TaskInstance: raw_from_s3_to_pg.sensor_on_raw_layer scheduled__2026-07-24T02:00:00+00:00 [queued]>
[2026-07-25T15:06:01.805+0000] {taskinstance.py:2614} INFO - Dependencies all met for dep_context=requeueable deps ti=<TaskInstance: raw_from_s3_to_pg.sensor_on_raw_layer scheduled__2026-07-24T02:00:00+00:00 [queued]>
[2026-07-25T15:06:01.805+0000] {taskinstance.py:2867} INFO - Starting attempt 1 of 4
[2026-07-25T15:06:01.812+0000] {taskinstance.py:2890} INFO - Executing <Task(ExternalTaskSensor): sensor_on_raw_layer> on 2026-07-24 02:00:00+00:00
[2026-07-25T15:06:01.815+0000] {warnings.py:112} WARNING - /home/***/.local/lib/python3.12/site-packages/***/task/task_runner/standard_task_runner.py:70: DeprecationWarning: This process (pid=11590) is multi-threaded, use of fork() may lead to deadlocks in the child.
  pid = os.fork()

[2026-07-25T15:06:01.816+0000] {standard_task_runner.py:72} INFO - Started process 11606 to run task
[2026-07-25T15:06:01.816+0000] {standard_task_runner.py:104} INFO - Running: ['***', 'tasks', 'run', 'raw_from_s3_to_pg', 'sensor_on_raw_layer', 'scheduled__2026-07-24T02:00:00+00:00', '--job-id', '65', '--raw', '--subdir', 'DAGS_FOLDER/raw_from_s3_to_pg.py', '--cfg-path', '/tmp/tmpx31v7p2q']
[2026-07-25T15:06:01.817+0000] {standard_task_runner.py:105} INFO - Job 65: Subtask sensor_on_raw_layer
[2026-07-25T15:06:01.851+0000] {task_command.py:467} INFO - Running <TaskInstance: raw_from_s3_to_pg.sensor_on_raw_layer scheduled__2026-07-24T02:00:00+00:00 [running]> on host e9d1c282f90e
[2026-07-25T15:06:01.894+0000] {taskinstance.py:3134} INFO - Exporting env vars: AIRFLOW_CTX_DAG_OWNER='e.alekseev' AIRFLOW_CTX_DAG_ID='raw_from_s3_to_pg' AIRFLOW_CTX_TASK_ID='sensor_on_raw_layer' AIRFLOW_CTX_EXECUTION_DATE='2026-07-24T02:00:00+00:00' AIRFLOW_CTX_TRY_NUMBER='1' AIRFLOW_CTX_DAG_RUN_ID='scheduled__2026-07-24T02:00:00+00:00'
[2026-07-25T15:06:01.895+0000] {taskinstance.py:732} INFO - ::endgroup::
[2026-07-25T15:06:01.902+0000] {baseoperator.py:423} WARNING - ExternalTaskSensor.execute cannot be called outside TaskInstance!
[2026-07-25T15:06:01.907+0000] {external_task.py:274} INFO - Poking for DAG 'raw_from_api_to_s3' on 2026-07-24T02:00:00+00:00 ... 
[2026-07-25T15:06:01.907+0000] {warnings.py:112} WARNING - /home/***/.local/lib/python3.12/site-packages/***/utils/session.py:97: DeprecationWarning: This method is deprecated and will be removed in future.
  return func(*args, session=session, **kwargs)

[2026-07-25T15:06:01.930+0000] {taskinstance.py:310} INFO - Rescheduling task, marking task as UP_FOR_RESCHEDULE
[2026-07-25T15:06:01.930+0000] {taskinstance.py:341} INFO - ::group::Post task execution logs
[2026-07-25T15:06:01.949+0000] {local_task_job_runner.py:266} INFO - Task exited with return code 0
[2026-07-25T15:06:01.976+0000] {taskinstance.py:3901} INFO - 0 downstream tasks scheduled from follow-on schedule check
[2026-07-25T15:06:01.979+0000] {local_task_job_runner.py:245} INFO - ::endgroup::
[2026-07-25T15:07:02.307+0000] {local_task_job_runner.py:123} INFO - ::group::Pre task execution logs
[2026-07-25T15:07:02.320+0000] {taskinstance.py:2614} INFO - Dependencies all met for dep_context=non-requeueable deps ti=<TaskInstance: raw_from_s3_to_pg.sensor_on_raw_layer scheduled__2026-07-24T02:00:00+00:00 [queued]>
[2026-07-25T15:07:02.325+0000] {taskinstance.py:2614} INFO - Dependencies all met for dep_context=requeueable deps ti=<TaskInstance: raw_from_s3_to_pg.sensor_on_raw_layer scheduled__2026-07-24T02:00:00+00:00 [queued]>
[2026-07-25T15:07:02.326+0000] {taskinstance.py:2867} INFO - Starting attempt 1 of 4
[2026-07-25T15:07:02.333+0000] {taskinstance.py:2890} INFO - Executing <Task(ExternalTaskSensor): sensor_on_raw_layer> on 2026-07-24 02:00:00+00:00
[2026-07-25T15:07:02.337+0000] {warnings.py:112} WARNING - /home/***/.local/lib/python3.12/site-packages/***/task/task_runner/standard_task_runner.py:70: DeprecationWarning: This process (pid=11622) is multi-threaded, use of fork() may lead to deadlocks in the child.
  pid = os.fork()

[2026-07-25T15:07:02.338+0000] {standard_task_runner.py:72} INFO - Started process 11638 to run task
[2026-07-25T15:07:02.339+0000] {standard_task_runner.py:104} INFO - Running: ['***', 'tasks', 'run', 'raw_from_s3_to_pg', 'sensor_on_raw_layer', 'scheduled__2026-07-24T02:00:00+00:00', '--job-id', '66', '--raw', '--subdir', 'DAGS_FOLDER/raw_from_s3_to_pg.py', '--cfg-path', '/tmp/tmpia6zcoe7']
[2026-07-25T15:07:02.339+0000] {standard_task_runner.py:105} INFO - Job 66: Subtask sensor_on_raw_layer
[2026-07-25T15:07:02.371+0000] {task_command.py:467} INFO - Running <TaskInstance: raw_from_s3_to_pg.sensor_on_raw_layer scheduled__2026-07-24T02:00:00+00:00 [running]> on host e9d1c282f90e
[2026-07-25T15:07:02.436+0000] {taskinstance.py:3134} INFO - Exporting env vars: AIRFLOW_CTX_DAG_OWNER='e.alekseev' AIRFLOW_CTX_DAG_ID='raw_from_s3_to_pg' AIRFLOW_CTX_TASK_ID='sensor_on_raw_layer' AIRFLOW_CTX_EXECUTION_DATE='2026-07-24T02:00:00+00:00' AIRFLOW_CTX_TRY_NUMBER='1' AIRFLOW_CTX_DAG_RUN_ID='scheduled__2026-07-24T02:00:00+00:00'
[2026-07-25T15:07:02.437+0000] {taskinstance.py:732} INFO - ::endgroup::
[2026-07-25T15:07:02.448+0000] {baseoperator.py:423} WARNING - ExternalTaskSensor.execute cannot be called outside TaskInstance!
[2026-07-25T15:07:02.453+0000] {external_task.py:274} INFO - Poking for DAG 'raw_from_api_to_s3' on 2026-07-24T02:00:00+00:00 ... 
[2026-07-25T15:07:02.453+0000] {warnings.py:112} WARNING - /home/***/.local/lib/python3.12/site-packages/***/utils/session.py:97: DeprecationWarning: This method is deprecated and will be removed in future.
  return func(*args, session=session, **kwargs)

[2026-07-25T15:07:02.472+0000] {taskinstance.py:310} INFO - Rescheduling task, marking task as UP_FOR_RESCHEDULE
[2026-07-25T15:07:02.473+0000] {taskinstance.py:341} INFO - ::group::Post task execution logs
[2026-07-25T15:07:02.511+0000] {local_task_job_runner.py:266} INFO - Task exited with return code 0
[2026-07-25T15:07:02.538+0000] {taskinstance.py:3901} INFO - 0 downstream tasks scheduled from follow-on schedule check
[2026-07-25T15:07:02.540+0000] {local_task_job_runner.py:245} INFO - ::endgroup::
[2026-07-25T15:08:03.439+0000] {local_task_job_runner.py:123} INFO - ::group::Pre task execution logs
[2026-07-25T15:08:03.452+0000] {taskinstance.py:2614} INFO - Dependencies all met for dep_context=non-requeueable deps ti=<TaskInstance: raw_from_s3_to_pg.sensor_on_raw_layer scheduled__2026-07-24T02:00:00+00:00 [queued]>
[2026-07-25T15:08:03.457+0000] {taskinstance.py:2614} INFO - Dependencies all met for dep_context=requeueable deps ti=<TaskInstance: raw_from_s3_to_pg.sensor_on_raw_layer scheduled__2026-07-24T02:00:00+00:00 [queued]>
[2026-07-25T15:08:03.457+0000] {taskinstance.py:2867} INFO - Starting attempt 1 of 4
[2026-07-25T15:08:03.464+0000] {taskinstance.py:2890} INFO - Executing <Task(ExternalTaskSensor): sensor_on_raw_layer> on 2026-07-24 02:00:00+00:00
[2026-07-25T15:08:03.468+0000] {warnings.py:112} WARNING - /home/***/.local/lib/python3.12/site-packages/***/task/task_runner/standard_task_runner.py:70: DeprecationWarning: This process (pid=11654) is multi-threaded, use of fork() may lead to deadlocks in the child.
  pid = os.fork()

[2026-07-25T15:08:03.468+0000] {standard_task_runner.py:72} INFO - Started process 11670 to run task
[2026-07-25T15:08:03.469+0000] {standard_task_runner.py:104} INFO - Running: ['***', 'tasks', 'run', 'raw_from_s3_to_pg', 'sensor_on_raw_layer', 'scheduled__2026-07-24T02:00:00+00:00', '--job-id', '67', '--raw', '--subdir', 'DAGS_FOLDER/raw_from_s3_to_pg.py', '--cfg-path', '/tmp/tmpuf7itfeh']
[2026-07-25T15:08:03.470+0000] {standard_task_runner.py:105} INFO - Job 67: Subtask sensor_on_raw_layer
[2026-07-25T15:08:03.499+0000] {task_command.py:467} INFO - Running <TaskInstance: raw_from_s3_to_pg.sensor_on_raw_layer scheduled__2026-07-24T02:00:00+00:00 [running]> on host e9d1c282f90e
[2026-07-25T15:08:03.548+0000] {taskinstance.py:3134} INFO - Exporting env vars: AIRFLOW_CTX_DAG_OWNER='e.alekseev' AIRFLOW_CTX_DAG_ID='raw_from_s3_to_pg' AIRFLOW_CTX_TASK_ID='sensor_on_raw_layer' AIRFLOW_CTX_EXECUTION_DATE='2026-07-24T02:00:00+00:00' AIRFLOW_CTX_TRY_NUMBER='1' AIRFLOW_CTX_DAG_RUN_ID='scheduled__2026-07-24T02:00:00+00:00'
[2026-07-25T15:08:03.548+0000] {taskinstance.py:732} INFO - ::endgroup::
[2026-07-25T15:08:03.555+0000] {baseoperator.py:423} WARNING - ExternalTaskSensor.execute cannot be called outside TaskInstance!
[2026-07-25T15:08:03.563+0000] {external_task.py:274} INFO - Poking for DAG 'raw_from_api_to_s3' on 2026-07-24T02:00:00+00:00 ... 
[2026-07-25T15:08:03.563+0000] {warnings.py:112} WARNING - /home/***/.local/lib/python3.12/site-packages/***/utils/session.py:97: DeprecationWarning: This method is deprecated and will be removed in future.
  return func(*args, session=session, **kwargs)

[2026-07-25T15:08:03.589+0000] {taskinstance.py:310} INFO - Rescheduling task, marking task as UP_FOR_RESCHEDULE
[2026-07-25T15:08:03.589+0000] {taskinstance.py:341} INFO - ::group::Post task execution logs
[2026-07-25T15:08:03.602+0000] {local_task_job_runner.py:266} INFO - Task exited with return code 0
[2026-07-25T15:08:03.635+0000] {taskinstance.py:3901} INFO - 0 downstream tasks scheduled from follow-on schedule check
[2026-07-25T15:08:03.638+0000] {local_task_job_runner.py:245} INFO - ::endgroup::
[2026-07-25T15:09:04.223+0000] {local_task_job_runner.py:123} INFO - ::group::Pre task execution logs
[2026-07-25T15:09:04.238+0000] {taskinstance.py:2614} INFO - Dependencies all met for dep_context=non-requeueable deps ti=<TaskInstance: raw_from_s3_to_pg.sensor_on_raw_layer scheduled__2026-07-24T02:00:00+00:00 [queued]>
[2026-07-25T15:09:04.243+0000] {taskinstance.py:2614} INFO - Dependencies all met for dep_context=requeueable deps ti=<TaskInstance: raw_from_s3_to_pg.sensor_on_raw_layer scheduled__2026-07-24T02:00:00+00:00 [queued]>
[2026-07-25T15:09:04.243+0000] {taskinstance.py:2867} INFO - Starting attempt 1 of 4
[2026-07-25T15:09:04.250+0000] {taskinstance.py:2890} INFO - Executing <Task(ExternalTaskSensor): sensor_on_raw_layer> on 2026-07-24 02:00:00+00:00
[2026-07-25T15:09:04.253+0000] {warnings.py:112} WARNING - /home/***/.local/lib/python3.12/site-packages/***/task/task_runner/standard_task_runner.py:70: DeprecationWarning: This process (pid=11686) is multi-threaded, use of fork() may lead to deadlocks in the child.
  pid = os.fork()

[2026-07-25T15:09:04.254+0000] {standard_task_runner.py:72} INFO - Started process 11702 to run task
[2026-07-25T15:09:04.255+0000] {standard_task_runner.py:104} INFO - Running: ['***', 'tasks', 'run', 'raw_from_s3_to_pg', 'sensor_on_raw_layer', 'scheduled__2026-07-24T02:00:00+00:00', '--job-id', '68', '--raw', '--subdir', 'DAGS_FOLDER/raw_from_s3_to_pg.py', '--cfg-path', '/tmp/tmpvmu5fxus']
[2026-07-25T15:09:04.255+0000] {standard_task_runner.py:105} INFO - Job 68: Subtask sensor_on_raw_layer
[2026-07-25T15:09:04.291+0000] {task_command.py:467} INFO - Running <TaskInstance: raw_from_s3_to_pg.sensor_on_raw_layer scheduled__2026-07-24T02:00:00+00:00 [running]> on host e9d1c282f90e
[2026-07-25T15:09:04.335+0000] {taskinstance.py:3134} INFO - Exporting env vars: AIRFLOW_CTX_DAG_OWNER='e.alekseev' AIRFLOW_CTX_DAG_ID='raw_from_s3_to_pg' AIRFLOW_CTX_TASK_ID='sensor_on_raw_layer' AIRFLOW_CTX_EXECUTION_DATE='2026-07-24T02:00:00+00:00' AIRFLOW_CTX_TRY_NUMBER='1' AIRFLOW_CTX_DAG_RUN_ID='scheduled__2026-07-24T02:00:00+00:00'
[2026-07-25T15:09:04.335+0000] {taskinstance.py:732} INFO - ::endgroup::
[2026-07-25T15:09:04.343+0000] {baseoperator.py:423} WARNING - ExternalTaskSensor.execute cannot be called outside TaskInstance!
[2026-07-25T15:09:04.348+0000] {external_task.py:274} INFO - Poking for DAG 'raw_from_api_to_s3' on 2026-07-24T02:00:00+00:00 ... 
[2026-07-25T15:09:04.349+0000] {warnings.py:112} WARNING - /home/***/.local/lib/python3.12/site-packages/***/utils/session.py:97: DeprecationWarning: This method is deprecated and will be removed in future.
  return func(*args, session=session, **kwargs)

[2026-07-25T15:09:04.369+0000] {taskinstance.py:310} INFO - Rescheduling task, marking task as UP_FOR_RESCHEDULE
[2026-07-25T15:09:04.369+0000] {taskinstance.py:341} INFO - ::group::Post task execution logs
[2026-07-25T15:09:04.387+0000] {local_task_job_runner.py:266} INFO - Task exited with return code 0
[2026-07-25T15:09:04.428+0000] {taskinstance.py:3901} INFO - 0 downstream tasks scheduled from follow-on schedule check
[2026-07-25T15:09:04.430+0000] {local_task_job_runner.py:245} INFO - ::endgroup::
[2026-07-25T15:10:04.655+0000] {local_task_job_runner.py:123} INFO - ::group::Pre task execution logs
[2026-07-25T15:10:04.666+0000] {taskinstance.py:2614} INFO - Dependencies all met for dep_context=non-requeueable deps ti=<TaskInstance: raw_from_s3_to_pg.sensor_on_raw_layer scheduled__2026-07-24T02:00:00+00:00 [queued]>
[2026-07-25T15:10:04.671+0000] {taskinstance.py:2614} INFO - Dependencies all met for dep_context=requeueable deps ti=<TaskInstance: raw_from_s3_to_pg.sensor_on_raw_layer scheduled__2026-07-24T02:00:00+00:00 [queued]>
[2026-07-25T15:10:04.671+0000] {taskinstance.py:2867} INFO - Starting attempt 1 of 4
[2026-07-25T15:10:04.678+0000] {taskinstance.py:2890} INFO - Executing <Task(ExternalTaskSensor): sensor_on_raw_layer> on 2026-07-24 02:00:00+00:00
[2026-07-25T15:10:04.682+0000] {warnings.py:112} WARNING - /home/***/.local/lib/python3.12/site-packages/***/task/task_runner/standard_task_runner.py:70: DeprecationWarning: This process (pid=11718) is multi-threaded, use of fork() may lead to deadlocks in the child.
  pid = os.fork()

[2026-07-25T15:10:04.682+0000] {standard_task_runner.py:72} INFO - Started process 11734 to run task
[2026-07-25T15:10:04.683+0000] {standard_task_runner.py:104} INFO - Running: ['***', 'tasks', 'run', 'raw_from_s3_to_pg', 'sensor_on_raw_layer', 'scheduled__2026-07-24T02:00:00+00:00', '--job-id', '69', '--raw', '--subdir', 'DAGS_FOLDER/raw_from_s3_to_pg.py', '--cfg-path', '/tmp/tmp1u7pjnch']
[2026-07-25T15:10:04.684+0000] {standard_task_runner.py:105} INFO - Job 69: Subtask sensor_on_raw_layer
[2026-07-25T15:10:04.717+0000] {task_command.py:467} INFO - Running <TaskInstance: raw_from_s3_to_pg.sensor_on_raw_layer scheduled__2026-07-24T02:00:00+00:00 [running]> on host e9d1c282f90e
[2026-07-25T15:10:04.764+0000] {taskinstance.py:3134} INFO - Exporting env vars: AIRFLOW_CTX_DAG_OWNER='e.alekseev' AIRFLOW_CTX_DAG_ID='raw_from_s3_to_pg' AIRFLOW_CTX_TASK_ID='sensor_on_raw_layer' AIRFLOW_CTX_EXECUTION_DATE='2026-07-24T02:00:00+00:00' AIRFLOW_CTX_TRY_NUMBER='1' AIRFLOW_CTX_DAG_RUN_ID='scheduled__2026-07-24T02:00:00+00:00'
[2026-07-25T15:10:04.764+0000] {taskinstance.py:732} INFO - ::endgroup::
[2026-07-25T15:10:04.771+0000] {baseoperator.py:423} WARNING - ExternalTaskSensor.execute cannot be called outside TaskInstance!
[2026-07-25T15:10:04.775+0000] {external_task.py:274} INFO - Poking for DAG 'raw_from_api_to_s3' on 2026-07-24T02:00:00+00:00 ... 
[2026-07-25T15:10:04.775+0000] {warnings.py:112} WARNING - /home/***/.local/lib/python3.12/site-packages/***/utils/session.py:97: DeprecationWarning: This method is deprecated and will be removed in future.
  return func(*args, session=session, **kwargs)

[2026-07-25T15:10:04.792+0000] {taskinstance.py:310} INFO - Rescheduling task, marking task as UP_FOR_RESCHEDULE
[2026-07-25T15:10:04.793+0000] {taskinstance.py:341} INFO - ::group::Post task execution logs
[2026-07-25T15:10:04.816+0000] {local_task_job_runner.py:266} INFO - Task exited with return code 0
[2026-07-25T15:10:04.839+0000] {taskinstance.py:3901} INFO - 0 downstream tasks scheduled from follow-on schedule check
[2026-07-25T15:10:04.841+0000] {local_task_job_runner.py:245} INFO - ::endgroup::
[2026-07-25T15:11:05.798+0000] {local_task_job_runner.py:123} INFO - ::group::Pre task execution logs
[2026-07-25T15:11:05.816+0000] {taskinstance.py:2614} INFO - Dependencies all met for dep_context=non-requeueable deps ti=<TaskInstance: raw_from_s3_to_pg.sensor_on_raw_layer scheduled__2026-07-24T02:00:00+00:00 [queued]>
[2026-07-25T15:11:05.823+0000] {taskinstance.py:2614} INFO - Dependencies all met for dep_context=requeueable deps ti=<TaskInstance: raw_from_s3_to_pg.sensor_on_raw_layer scheduled__2026-07-24T02:00:00+00:00 [queued]>
[2026-07-25T15:11:05.823+0000] {taskinstance.py:2867} INFO - Starting attempt 1 of 4
[2026-07-25T15:11:05.829+0000] {taskinstance.py:2890} INFO - Executing <Task(ExternalTaskSensor): sensor_on_raw_layer> on 2026-07-24 02:00:00+00:00
[2026-07-25T15:11:05.833+0000] {warnings.py:112} WARNING - /home/***/.local/lib/python3.12/site-packages/***/task/task_runner/standard_task_runner.py:70: DeprecationWarning: This process (pid=11750) is multi-threaded, use of fork() may lead to deadlocks in the child.
  pid = os.fork()

[2026-07-25T15:11:05.833+0000] {standard_task_runner.py:72} INFO - Started process 11766 to run task
[2026-07-25T15:11:05.834+0000] {standard_task_runner.py:104} INFO - Running: ['***', 'tasks', 'run', 'raw_from_s3_to_pg', 'sensor_on_raw_layer', 'scheduled__2026-07-24T02:00:00+00:00', '--job-id', '70', '--raw', '--subdir', 'DAGS_FOLDER/raw_from_s3_to_pg.py', '--cfg-path', '/tmp/tmp08s8y5ox']
[2026-07-25T15:11:05.835+0000] {standard_task_runner.py:105} INFO - Job 70: Subtask sensor_on_raw_layer
[2026-07-25T15:11:05.867+0000] {task_command.py:467} INFO - Running <TaskInstance: raw_from_s3_to_pg.sensor_on_raw_layer scheduled__2026-07-24T02:00:00+00:00 [running]> on host e9d1c282f90e
[2026-07-25T15:11:05.905+0000] {taskinstance.py:3134} INFO - Exporting env vars: AIRFLOW_CTX_DAG_OWNER='e.alekseev' AIRFLOW_CTX_DAG_ID='raw_from_s3_to_pg' AIRFLOW_CTX_TASK_ID='sensor_on_raw_layer' AIRFLOW_CTX_EXECUTION_DATE='2026-07-24T02:00:00+00:00' AIRFLOW_CTX_TRY_NUMBER='1' AIRFLOW_CTX_DAG_RUN_ID='scheduled__2026-07-24T02:00:00+00:00'
[2026-07-25T15:11:05.906+0000] {taskinstance.py:732} INFO - ::endgroup::
[2026-07-25T15:11:05.913+0000] {baseoperator.py:423} WARNING - ExternalTaskSensor.execute cannot be called outside TaskInstance!
[2026-07-25T15:11:05.918+0000] {external_task.py:274} INFO - Poking for DAG 'raw_from_api_to_s3' on 2026-07-24T02:00:00+00:00 ... 
[2026-07-25T15:11:05.918+0000] {warnings.py:112} WARNING - /home/***/.local/lib/python3.12/site-packages/***/utils/session.py:97: DeprecationWarning: This method is deprecated and will be removed in future.
  return func(*args, session=session, **kwargs)

[2026-07-25T15:11:05.937+0000] {taskinstance.py:310} INFO - Rescheduling task, marking task as UP_FOR_RESCHEDULE
[2026-07-25T15:11:05.937+0000] {taskinstance.py:341} INFO - ::group::Post task execution logs
[2026-07-25T15:11:05.967+0000] {local_task_job_runner.py:266} INFO - Task exited with return code 0
[2026-07-25T15:11:06.002+0000] {taskinstance.py:3901} INFO - 0 downstream tasks scheduled from follow-on schedule check
[2026-07-25T15:11:06.004+0000] {local_task_job_runner.py:245} INFO - ::endgroup::
[2026-07-25T15:12:06.383+0000] {local_task_job_runner.py:123} INFO - ::group::Pre task execution logs
[2026-07-25T15:12:06.396+0000] {taskinstance.py:2614} INFO - Dependencies all met for dep_context=non-requeueable deps ti=<TaskInstance: raw_from_s3_to_pg.sensor_on_raw_layer scheduled__2026-07-24T02:00:00+00:00 [queued]>
[2026-07-25T15:12:06.401+0000] {taskinstance.py:2614} INFO - Dependencies all met for dep_context=requeueable deps ti=<TaskInstance: raw_from_s3_to_pg.sensor_on_raw_layer scheduled__2026-07-24T02:00:00+00:00 [queued]>
[2026-07-25T15:12:06.402+0000] {taskinstance.py:2867} INFO - Starting attempt 1 of 4
[2026-07-25T15:12:06.409+0000] {taskinstance.py:2890} INFO - Executing <Task(ExternalTaskSensor): sensor_on_raw_layer> on 2026-07-24 02:00:00+00:00
[2026-07-25T15:12:06.413+0000] {warnings.py:112} WARNING - /home/***/.local/lib/python3.12/site-packages/***/task/task_runner/standard_task_runner.py:70: DeprecationWarning: This process (pid=11783) is multi-threaded, use of fork() may lead to deadlocks in the child.
  pid = os.fork()

[2026-07-25T15:12:06.413+0000] {standard_task_runner.py:72} INFO - Started process 11799 to run task
[2026-07-25T15:12:06.414+0000] {standard_task_runner.py:104} INFO - Running: ['***', 'tasks', 'run', 'raw_from_s3_to_pg', 'sensor_on_raw_layer', 'scheduled__2026-07-24T02:00:00+00:00', '--job-id', '71', '--raw', '--subdir', 'DAGS_FOLDER/raw_from_s3_to_pg.py', '--cfg-path', '/tmp/tmpznn1agg5']
[2026-07-25T15:12:06.415+0000] {standard_task_runner.py:105} INFO - Job 71: Subtask sensor_on_raw_layer
[2026-07-25T15:12:06.445+0000] {task_command.py:467} INFO - Running <TaskInstance: raw_from_s3_to_pg.sensor_on_raw_layer scheduled__2026-07-24T02:00:00+00:00 [running]> on host e9d1c282f90e
[2026-07-25T15:12:06.489+0000] {taskinstance.py:3134} INFO - Exporting env vars: AIRFLOW_CTX_DAG_OWNER='e.alekseev' AIRFLOW_CTX_DAG_ID='raw_from_s3_to_pg' AIRFLOW_CTX_TASK_ID='sensor_on_raw_layer' AIRFLOW_CTX_EXECUTION_DATE='2026-07-24T02:00:00+00:00' AIRFLOW_CTX_TRY_NUMBER='1' AIRFLOW_CTX_DAG_RUN_ID='scheduled__2026-07-24T02:00:00+00:00'
[2026-07-25T15:12:06.490+0000] {taskinstance.py:732} INFO - ::endgroup::
[2026-07-25T15:12:06.499+0000] {baseoperator.py:423} WARNING - ExternalTaskSensor.execute cannot be called outside TaskInstance!
[2026-07-25T15:12:06.504+0000] {external_task.py:274} INFO - Poking for DAG 'raw_from_api_to_s3' on 2026-07-24T02:00:00+00:00 ... 
[2026-07-25T15:12:06.505+0000] {warnings.py:112} WARNING - /home/***/.local/lib/python3.12/site-packages/***/utils/session.py:97: DeprecationWarning: This method is deprecated and will be removed in future.
  return func(*args, session=session, **kwargs)

[2026-07-25T15:12:06.519+0000] {taskinstance.py:310} INFO - Rescheduling task, marking task as UP_FOR_RESCHEDULE
[2026-07-25T15:12:06.519+0000] {taskinstance.py:341} INFO - ::group::Post task execution logs
[2026-07-25T15:12:06.547+0000] {local_task_job_runner.py:266} INFO - Task exited with return code 0
[2026-07-25T15:12:06.563+0000] {taskinstance.py:3901} INFO - 0 downstream tasks scheduled from follow-on schedule check
[2026-07-25T15:12:06.565+0000] {local_task_job_runner.py:245} INFO - ::endgroup::
[2026-07-25T15:13:06.849+0000] {local_task_job_runner.py:123} INFO - ::group::Pre task execution logs
[2026-07-25T15:13:06.861+0000] {taskinstance.py:2614} INFO - Dependencies all met for dep_context=non-requeueable deps ti=<TaskInstance: raw_from_s3_to_pg.sensor_on_raw_layer scheduled__2026-07-24T02:00:00+00:00 [queued]>
[2026-07-25T15:13:06.866+0000] {taskinstance.py:2614} INFO - Dependencies all met for dep_context=requeueable deps ti=<TaskInstance: raw_from_s3_to_pg.sensor_on_raw_layer scheduled__2026-07-24T02:00:00+00:00 [queued]>
[2026-07-25T15:13:06.867+0000] {taskinstance.py:2867} INFO - Starting attempt 1 of 4
[2026-07-25T15:13:06.873+0000] {taskinstance.py:2890} INFO - Executing <Task(ExternalTaskSensor): sensor_on_raw_layer> on 2026-07-24 02:00:00+00:00
[2026-07-25T15:13:06.877+0000] {warnings.py:112} WARNING - /home/***/.local/lib/python3.12/site-packages/***/task/task_runner/standard_task_runner.py:70: DeprecationWarning: This process (pid=11808) is multi-threaded, use of fork() may lead to deadlocks in the child.
  pid = os.fork()

[2026-07-25T15:13:06.878+0000] {standard_task_runner.py:72} INFO - Started process 11824 to run task
[2026-07-25T15:13:06.879+0000] {standard_task_runner.py:104} INFO - Running: ['***', 'tasks', 'run', 'raw_from_s3_to_pg', 'sensor_on_raw_layer', 'scheduled__2026-07-24T02:00:00+00:00', '--job-id', '72', '--raw', '--subdir', 'DAGS_FOLDER/raw_from_s3_to_pg.py', '--cfg-path', '/tmp/tmp_n22z20r']
[2026-07-25T15:13:06.879+0000] {standard_task_runner.py:105} INFO - Job 72: Subtask sensor_on_raw_layer
[2026-07-25T15:13:06.907+0000] {task_command.py:467} INFO - Running <TaskInstance: raw_from_s3_to_pg.sensor_on_raw_layer scheduled__2026-07-24T02:00:00+00:00 [running]> on host e9d1c282f90e
[2026-07-25T15:13:06.956+0000] {taskinstance.py:3134} INFO - Exporting env vars: AIRFLOW_CTX_DAG_OWNER='e.alekseev' AIRFLOW_CTX_DAG_ID='raw_from_s3_to_pg' AIRFLOW_CTX_TASK_ID='sensor_on_raw_layer' AIRFLOW_CTX_EXECUTION_DATE='2026-07-24T02:00:00+00:00' AIRFLOW_CTX_TRY_NUMBER='1' AIRFLOW_CTX_DAG_RUN_ID='scheduled__2026-07-24T02:00:00+00:00'
[2026-07-25T15:13:06.956+0000] {taskinstance.py:732} INFO - ::endgroup::
[2026-07-25T15:13:06.963+0000] {baseoperator.py:423} WARNING - ExternalTaskSensor.execute cannot be called outside TaskInstance!
[2026-07-25T15:13:06.968+0000] {external_task.py:274} INFO - Poking for DAG 'raw_from_api_to_s3' on 2026-07-24T02:00:00+00:00 ... 
[2026-07-25T15:13:06.969+0000] {warnings.py:112} WARNING - /home/***/.local/lib/python3.12/site-packages/***/utils/session.py:97: DeprecationWarning: This method is deprecated and will be removed in future.
  return func(*args, session=session, **kwargs)

[2026-07-25T15:13:06.987+0000] {taskinstance.py:310} INFO - Rescheduling task, marking task as UP_FOR_RESCHEDULE
[2026-07-25T15:13:06.987+0000] {taskinstance.py:341} INFO - ::group::Post task execution logs
[2026-07-25T15:13:07.011+0000] {local_task_job_runner.py:266} INFO - Task exited with return code 0
[2026-07-25T15:13:07.053+0000] {taskinstance.py:3901} INFO - 0 downstream tasks scheduled from follow-on schedule check
[2026-07-25T15:13:07.055+0000] {local_task_job_runner.py:245} INFO - ::endgroup::
[2026-07-25T15:14:08.148+0000] {local_task_job_runner.py:123} INFO - ::group::Pre task execution logs
[2026-07-25T15:14:08.162+0000] {taskinstance.py:2614} INFO - Dependencies all met for dep_context=non-requeueable deps ti=<TaskInstance: raw_from_s3_to_pg.sensor_on_raw_layer scheduled__2026-07-24T02:00:00+00:00 [queued]>
[2026-07-25T15:14:08.167+0000] {taskinstance.py:2614} INFO - Dependencies all met for dep_context=requeueable deps ti=<TaskInstance: raw_from_s3_to_pg.sensor_on_raw_layer scheduled__2026-07-24T02:00:00+00:00 [queued]>
[2026-07-25T15:14:08.167+0000] {taskinstance.py:2867} INFO - Starting attempt 1 of 4
[2026-07-25T15:14:08.174+0000] {taskinstance.py:2890} INFO - Executing <Task(ExternalTaskSensor): sensor_on_raw_layer> on 2026-07-24 02:00:00+00:00
[2026-07-25T15:14:08.177+0000] {warnings.py:112} WARNING - /home/***/.local/lib/python3.12/site-packages/***/task/task_runner/standard_task_runner.py:70: DeprecationWarning: This process (pid=11840) is multi-threaded, use of fork() may lead to deadlocks in the child.
  pid = os.fork()

[2026-07-25T15:14:08.178+0000] {standard_task_runner.py:72} INFO - Started process 11856 to run task
[2026-07-25T15:14:08.179+0000] {standard_task_runner.py:104} INFO - Running: ['***', 'tasks', 'run', 'raw_from_s3_to_pg', 'sensor_on_raw_layer', 'scheduled__2026-07-24T02:00:00+00:00', '--job-id', '73', '--raw', '--subdir', 'DAGS_FOLDER/raw_from_s3_to_pg.py', '--cfg-path', '/tmp/tmp_oqu9srr']
[2026-07-25T15:14:08.179+0000] {standard_task_runner.py:105} INFO - Job 73: Subtask sensor_on_raw_layer
[2026-07-25T15:14:08.213+0000] {task_command.py:467} INFO - Running <TaskInstance: raw_from_s3_to_pg.sensor_on_raw_layer scheduled__2026-07-24T02:00:00+00:00 [running]> on host e9d1c282f90e
[2026-07-25T15:14:08.259+0000] {taskinstance.py:3134} INFO - Exporting env vars: AIRFLOW_CTX_DAG_OWNER='e.alekseev' AIRFLOW_CTX_DAG_ID='raw_from_s3_to_pg' AIRFLOW_CTX_TASK_ID='sensor_on_raw_layer' AIRFLOW_CTX_EXECUTION_DATE='2026-07-24T02:00:00+00:00' AIRFLOW_CTX_TRY_NUMBER='1' AIRFLOW_CTX_DAG_RUN_ID='scheduled__2026-07-24T02:00:00+00:00'
[2026-07-25T15:14:08.259+0000] {taskinstance.py:732} INFO - ::endgroup::
[2026-07-25T15:14:08.265+0000] {baseoperator.py:423} WARNING - ExternalTaskSensor.execute cannot be called outside TaskInstance!
[2026-07-25T15:14:08.270+0000] {external_task.py:274} INFO - Poking for DAG 'raw_from_api_to_s3' on 2026-07-24T02:00:00+00:00 ... 
[2026-07-25T15:14:08.270+0000] {warnings.py:112} WARNING - /home/***/.local/lib/python3.12/site-packages/***/utils/session.py:97: DeprecationWarning: This method is deprecated and will be removed in future.
  return func(*args, session=session, **kwargs)

[2026-07-25T15:14:08.287+0000] {taskinstance.py:310} INFO - Rescheduling task, marking task as UP_FOR_RESCHEDULE
[2026-07-25T15:14:08.287+0000] {taskinstance.py:341} INFO - ::group::Post task execution logs
[2026-07-25T15:14:08.312+0000] {local_task_job_runner.py:266} INFO - Task exited with return code 0
[2026-07-25T15:14:08.344+0000] {taskinstance.py:3901} INFO - 0 downstream tasks scheduled from follow-on schedule check
[2026-07-25T15:14:08.346+0000] {local_task_job_runner.py:245} INFO - ::endgroup::
[2026-07-25T15:15:08.910+0000] {local_task_job_runner.py:123} INFO - ::group::Pre task execution logs
[2026-07-25T15:15:08.923+0000] {taskinstance.py:2614} INFO - Dependencies all met for dep_context=non-requeueable deps ti=<TaskInstance: raw_from_s3_to_pg.sensor_on_raw_layer scheduled__2026-07-24T02:00:00+00:00 [queued]>
[2026-07-25T15:15:08.929+0000] {taskinstance.py:2614} INFO - Dependencies all met for dep_context=requeueable deps ti=<TaskInstance: raw_from_s3_to_pg.sensor_on_raw_layer scheduled__2026-07-24T02:00:00+00:00 [queued]>
[2026-07-25T15:15:08.929+0000] {taskinstance.py:2867} INFO - Starting attempt 1 of 4
[2026-07-25T15:15:08.937+0000] {taskinstance.py:2890} INFO - Executing <Task(ExternalTaskSensor): sensor_on_raw_layer> on 2026-07-24 02:00:00+00:00
[2026-07-25T15:15:08.940+0000] {warnings.py:112} WARNING - /home/***/.local/lib/python3.12/site-packages/***/task/task_runner/standard_task_runner.py:70: DeprecationWarning: This process (pid=11872) is multi-threaded, use of fork() may lead to deadlocks in the child.
  pid = os.fork()

[2026-07-25T15:15:08.941+0000] {standard_task_runner.py:72} INFO - Started process 11888 to run task
[2026-07-25T15:15:08.942+0000] {standard_task_runner.py:104} INFO - Running: ['***', 'tasks', 'run', 'raw_from_s3_to_pg', 'sensor_on_raw_layer', 'scheduled__2026-07-24T02:00:00+00:00', '--job-id', '74', '--raw', '--subdir', 'DAGS_FOLDER/raw_from_s3_to_pg.py', '--cfg-path', '/tmp/tmpy1wl00yk']
[2026-07-25T15:15:08.942+0000] {standard_task_runner.py:105} INFO - Job 74: Subtask sensor_on_raw_layer
[2026-07-25T15:15:08.973+0000] {task_command.py:467} INFO - Running <TaskInstance: raw_from_s3_to_pg.sensor_on_raw_layer scheduled__2026-07-24T02:00:00+00:00 [running]> on host e9d1c282f90e
[2026-07-25T15:15:09.030+0000] {taskinstance.py:3134} INFO - Exporting env vars: AIRFLOW_CTX_DAG_OWNER='e.alekseev' AIRFLOW_CTX_DAG_ID='raw_from_s3_to_pg' AIRFLOW_CTX_TASK_ID='sensor_on_raw_layer' AIRFLOW_CTX_EXECUTION_DATE='2026-07-24T02:00:00+00:00' AIRFLOW_CTX_TRY_NUMBER='1' AIRFLOW_CTX_DAG_RUN_ID='scheduled__2026-07-24T02:00:00+00:00'
[2026-07-25T15:15:09.030+0000] {taskinstance.py:732} INFO - ::endgroup::
[2026-07-25T15:15:09.037+0000] {baseoperator.py:423} WARNING - ExternalTaskSensor.execute cannot be called outside TaskInstance!
[2026-07-25T15:15:09.042+0000] {external_task.py:274} INFO - Poking for DAG 'raw_from_api_to_s3' on 2026-07-24T02:00:00+00:00 ... 
[2026-07-25T15:15:09.043+0000] {warnings.py:112} WARNING - /home/***/.local/lib/python3.12/site-packages/***/utils/session.py:97: DeprecationWarning: This method is deprecated and will be removed in future.
  return func(*args, session=session, **kwargs)

[2026-07-25T15:15:09.065+0000] {taskinstance.py:310} INFO - Rescheduling task, marking task as UP_FOR_RESCHEDULE
[2026-07-25T15:15:09.065+0000] {taskinstance.py:341} INFO - ::group::Post task execution logs
[2026-07-25T15:15:09.075+0000] {local_task_job_runner.py:266} INFO - Task exited with return code 0
[2026-07-25T15:15:09.096+0000] {taskinstance.py:3901} INFO - 0 downstream tasks scheduled from follow-on schedule check
[2026-07-25T15:15:09.098+0000] {local_task_job_runner.py:245} INFO - ::endgroup::
[2026-07-25T15:16:09.772+0000] {local_task_job_runner.py:123} INFO - ::group::Pre task execution logs
[2026-07-25T15:16:09.783+0000] {taskinstance.py:2614} INFO - Dependencies all met for dep_context=non-requeueable deps ti=<TaskInstance: raw_from_s3_to_pg.sensor_on_raw_layer scheduled__2026-07-24T02:00:00+00:00 [queued]>
[2026-07-25T15:16:09.789+0000] {taskinstance.py:2614} INFO - Dependencies all met for dep_context=requeueable deps ti=<TaskInstance: raw_from_s3_to_pg.sensor_on_raw_layer scheduled__2026-07-24T02:00:00+00:00 [queued]>
[2026-07-25T15:16:09.789+0000] {taskinstance.py:2867} INFO - Starting attempt 1 of 4
[2026-07-25T15:16:09.796+0000] {taskinstance.py:2890} INFO - Executing <Task(ExternalTaskSensor): sensor_on_raw_layer> on 2026-07-24 02:00:00+00:00
[2026-07-25T15:16:09.799+0000] {warnings.py:112} WARNING - /home/***/.local/lib/python3.12/site-packages/***/task/task_runner/standard_task_runner.py:70: DeprecationWarning: This process (pid=11904) is multi-threaded, use of fork() may lead to deadlocks in the child.
  pid = os.fork()

[2026-07-25T15:16:09.800+0000] {standard_task_runner.py:72} INFO - Started process 11920 to run task
[2026-07-25T15:16:09.801+0000] {standard_task_runner.py:104} INFO - Running: ['***', 'tasks', 'run', 'raw_from_s3_to_pg', 'sensor_on_raw_layer', 'scheduled__2026-07-24T02:00:00+00:00', '--job-id', '75', '--raw', '--subdir', 'DAGS_FOLDER/raw_from_s3_to_pg.py', '--cfg-path', '/tmp/tmpxliowpee']
[2026-07-25T15:16:09.802+0000] {standard_task_runner.py:105} INFO - Job 75: Subtask sensor_on_raw_layer
[2026-07-25T15:16:09.850+0000] {task_command.py:467} INFO - Running <TaskInstance: raw_from_s3_to_pg.sensor_on_raw_layer scheduled__2026-07-24T02:00:00+00:00 [running]> on host e9d1c282f90e
[2026-07-25T15:16:09.900+0000] {taskinstance.py:3134} INFO - Exporting env vars: AIRFLOW_CTX_DAG_OWNER='e.alekseev' AIRFLOW_CTX_DAG_ID='raw_from_s3_to_pg' AIRFLOW_CTX_TASK_ID='sensor_on_raw_layer' AIRFLOW_CTX_EXECUTION_DATE='2026-07-24T02:00:00+00:00' AIRFLOW_CTX_TRY_NUMBER='1' AIRFLOW_CTX_DAG_RUN_ID='scheduled__2026-07-24T02:00:00+00:00'
[2026-07-25T15:16:09.901+0000] {taskinstance.py:732} INFO - ::endgroup::
[2026-07-25T15:16:09.908+0000] {baseoperator.py:423} WARNING - ExternalTaskSensor.execute cannot be called outside TaskInstance!
[2026-07-25T15:16:09.912+0000] {external_task.py:274} INFO - Poking for DAG 'raw_from_api_to_s3' on 2026-07-24T02:00:00+00:00 ... 
[2026-07-25T15:16:09.912+0000] {warnings.py:112} WARNING - /home/***/.local/lib/python3.12/site-packages/***/utils/session.py:97: DeprecationWarning: This method is deprecated and will be removed in future.
  return func(*args, session=session, **kwargs)

[2026-07-25T15:16:09.935+0000] {taskinstance.py:310} INFO - Rescheduling task, marking task as UP_FOR_RESCHEDULE
[2026-07-25T15:16:09.935+0000] {taskinstance.py:341} INFO - ::group::Post task execution logs
[2026-07-25T15:16:09.974+0000] {local_task_job_runner.py:266} INFO - Task exited with return code 0
[2026-07-25T15:16:10.014+0000] {taskinstance.py:3901} INFO - 0 downstream tasks scheduled from follow-on schedule check
[2026-07-25T15:16:10.017+0000] {local_task_job_runner.py:245} INFO - ::endgroup::
[2026-07-25T15:17:10.546+0000] {local_task_job_runner.py:123} INFO - ::group::Pre task execution logs
[2026-07-25T15:17:10.558+0000] {taskinstance.py:2614} INFO - Dependencies all met for dep_context=non-requeueable deps ti=<TaskInstance: raw_from_s3_to_pg.sensor_on_raw_layer scheduled__2026-07-24T02:00:00+00:00 [queued]>
[2026-07-25T15:17:10.564+0000] {taskinstance.py:2614} INFO - Dependencies all met for dep_context=requeueable deps ti=<TaskInstance: raw_from_s3_to_pg.sensor_on_raw_layer scheduled__2026-07-24T02:00:00+00:00 [queued]>
[2026-07-25T15:17:10.564+0000] {taskinstance.py:2867} INFO - Starting attempt 1 of 4
[2026-07-25T15:17:10.571+0000] {taskinstance.py:2890} INFO - Executing <Task(ExternalTaskSensor): sensor_on_raw_layer> on 2026-07-24 02:00:00+00:00
[2026-07-25T15:17:10.574+0000] {warnings.py:112} WARNING - /home/***/.local/lib/python3.12/site-packages/***/task/task_runner/standard_task_runner.py:70: DeprecationWarning: This process (pid=11936) is multi-threaded, use of fork() may lead to deadlocks in the child.
  pid = os.fork()

[2026-07-25T15:17:10.575+0000] {standard_task_runner.py:72} INFO - Started process 11952 to run task
[2026-07-25T15:17:10.576+0000] {standard_task_runner.py:104} INFO - Running: ['***', 'tasks', 'run', 'raw_from_s3_to_pg', 'sensor_on_raw_layer', 'scheduled__2026-07-24T02:00:00+00:00', '--job-id', '76', '--raw', '--subdir', 'DAGS_FOLDER/raw_from_s3_to_pg.py', '--cfg-path', '/tmp/tmp48bjqy5l']
[2026-07-25T15:17:10.577+0000] {standard_task_runner.py:105} INFO - Job 76: Subtask sensor_on_raw_layer
[2026-07-25T15:17:10.606+0000] {task_command.py:467} INFO - Running <TaskInstance: raw_from_s3_to_pg.sensor_on_raw_layer scheduled__2026-07-24T02:00:00+00:00 [running]> on host e9d1c282f90e
[2026-07-25T15:17:10.656+0000] {taskinstance.py:3134} INFO - Exporting env vars: AIRFLOW_CTX_DAG_OWNER='e.alekseev' AIRFLOW_CTX_DAG_ID='raw_from_s3_to_pg' AIRFLOW_CTX_TASK_ID='sensor_on_raw_layer' AIRFLOW_CTX_EXECUTION_DATE='2026-07-24T02:00:00+00:00' AIRFLOW_CTX_TRY_NUMBER='1' AIRFLOW_CTX_DAG_RUN_ID='scheduled__2026-07-24T02:00:00+00:00'
[2026-07-25T15:17:10.656+0000] {taskinstance.py:732} INFO - ::endgroup::
[2026-07-25T15:17:10.663+0000] {baseoperator.py:423} WARNING - ExternalTaskSensor.execute cannot be called outside TaskInstance!
[2026-07-25T15:17:10.667+0000] {external_task.py:274} INFO - Poking for DAG 'raw_from_api_to_s3' on 2026-07-24T02:00:00+00:00 ... 
[2026-07-25T15:17:10.668+0000] {warnings.py:112} WARNING - /home/***/.local/lib/python3.12/site-packages/***/utils/session.py:97: DeprecationWarning: This method is deprecated and will be removed in future.
  return func(*args, session=session, **kwargs)

[2026-07-25T15:17:10.685+0000] {taskinstance.py:310} INFO - Rescheduling task, marking task as UP_FOR_RESCHEDULE
[2026-07-25T15:17:10.686+0000] {taskinstance.py:341} INFO - ::group::Post task execution logs
[2026-07-25T15:17:10.708+0000] {local_task_job_runner.py:266} INFO - Task exited with return code 0
[2026-07-25T15:17:10.727+0000] {taskinstance.py:3901} INFO - 0 downstream tasks scheduled from follow-on schedule check
[2026-07-25T15:17:10.729+0000] {local_task_job_runner.py:245} INFO - ::endgroup::
[2026-07-25T15:18:11.350+0000] {local_task_job_runner.py:123} INFO - ::group::Pre task execution logs
[2026-07-25T15:18:11.364+0000] {taskinstance.py:2614} INFO - Dependencies all met for dep_context=non-requeueable deps ti=<TaskInstance: raw_from_s3_to_pg.sensor_on_raw_layer scheduled__2026-07-24T02:00:00+00:00 [queued]>
[2026-07-25T15:18:11.369+0000] {taskinstance.py:2614} INFO - Dependencies all met for dep_context=requeueable deps ti=<TaskInstance: raw_from_s3_to_pg.sensor_on_raw_layer scheduled__2026-07-24T02:00:00+00:00 [queued]>
[2026-07-25T15:18:11.369+0000] {taskinstance.py:2867} INFO - Starting attempt 1 of 4
[2026-07-25T15:18:11.376+0000] {taskinstance.py:2890} INFO - Executing <Task(ExternalTaskSensor): sensor_on_raw_layer> on 2026-07-24 02:00:00+00:00
[2026-07-25T15:18:11.380+0000] {warnings.py:112} WARNING - /home/***/.local/lib/python3.12/site-packages/***/task/task_runner/standard_task_runner.py:70: DeprecationWarning: This process (pid=11968) is multi-threaded, use of fork() may lead to deadlocks in the child.
  pid = os.fork()

[2026-07-25T15:18:11.380+0000] {standard_task_runner.py:72} INFO - Started process 11984 to run task
[2026-07-25T15:18:11.381+0000] {standard_task_runner.py:104} INFO - Running: ['***', 'tasks', 'run', 'raw_from_s3_to_pg', 'sensor_on_raw_layer', 'scheduled__2026-07-24T02:00:00+00:00', '--job-id', '77', '--raw', '--subdir', 'DAGS_FOLDER/raw_from_s3_to_pg.py', '--cfg-path', '/tmp/tmpvheeccp8']
[2026-07-25T15:18:11.382+0000] {standard_task_runner.py:105} INFO - Job 77: Subtask sensor_on_raw_layer
[2026-07-25T15:18:11.411+0000] {task_command.py:467} INFO - Running <TaskInstance: raw_from_s3_to_pg.sensor_on_raw_layer scheduled__2026-07-24T02:00:00+00:00 [running]> on host e9d1c282f90e
[2026-07-25T15:18:11.462+0000] {taskinstance.py:3134} INFO - Exporting env vars: AIRFLOW_CTX_DAG_OWNER='e.alekseev' AIRFLOW_CTX_DAG_ID='raw_from_s3_to_pg' AIRFLOW_CTX_TASK_ID='sensor_on_raw_layer' AIRFLOW_CTX_EXECUTION_DATE='2026-07-24T02:00:00+00:00' AIRFLOW_CTX_TRY_NUMBER='1' AIRFLOW_CTX_DAG_RUN_ID='scheduled__2026-07-24T02:00:00+00:00'
[2026-07-25T15:18:11.462+0000] {taskinstance.py:732} INFO - ::endgroup::
[2026-07-25T15:18:11.469+0000] {baseoperator.py:423} WARNING - ExternalTaskSensor.execute cannot be called outside TaskInstance!
[2026-07-25T15:18:11.474+0000] {external_task.py:274} INFO - Poking for DAG 'raw_from_api_to_s3' on 2026-07-24T02:00:00+00:00 ... 
[2026-07-25T15:18:11.474+0000] {warnings.py:112} WARNING - /home/***/.local/lib/python3.12/site-packages/***/utils/session.py:97: DeprecationWarning: This method is deprecated and will be removed in future.
  return func(*args, session=session, **kwargs)

[2026-07-25T15:18:11.493+0000] {taskinstance.py:310} INFO - Rescheduling task, marking task as UP_FOR_RESCHEDULE
[2026-07-25T15:18:11.493+0000] {taskinstance.py:341} INFO - ::group::Post task execution logs
[2026-07-25T15:18:11.514+0000] {local_task_job_runner.py:266} INFO - Task exited with return code 0
[2026-07-25T15:18:11.536+0000] {taskinstance.py:3901} INFO - 0 downstream tasks scheduled from follow-on schedule check
[2026-07-25T15:18:11.538+0000] {local_task_job_runner.py:245} INFO - ::endgroup::
[2026-07-25T15:19:12.194+0000] {local_task_job_runner.py:123} INFO - ::group::Pre task execution logs
[2026-07-25T15:19:12.206+0000] {taskinstance.py:2614} INFO - Dependencies all met for dep_context=non-requeueable deps ti=<TaskInstance: raw_from_s3_to_pg.sensor_on_raw_layer scheduled__2026-07-24T02:00:00+00:00 [queued]>
[2026-07-25T15:19:12.211+0000] {taskinstance.py:2614} INFO - Dependencies all met for dep_context=requeueable deps ti=<TaskInstance: raw_from_s3_to_pg.sensor_on_raw_layer scheduled__2026-07-24T02:00:00+00:00 [queued]>
[2026-07-25T15:19:12.211+0000] {taskinstance.py:2867} INFO - Starting attempt 1 of 4
[2026-07-25T15:19:12.217+0000] {taskinstance.py:2890} INFO - Executing <Task(ExternalTaskSensor): sensor_on_raw_layer> on 2026-07-24 02:00:00+00:00
[2026-07-25T15:19:12.221+0000] {warnings.py:112} WARNING - /home/***/.local/lib/python3.12/site-packages/***/task/task_runner/standard_task_runner.py:70: DeprecationWarning: This process (pid=12000) is multi-threaded, use of fork() may lead to deadlocks in the child.
  pid = os.fork()

[2026-07-25T15:19:12.221+0000] {standard_task_runner.py:72} INFO - Started process 12016 to run task
[2026-07-25T15:19:12.222+0000] {standard_task_runner.py:104} INFO - Running: ['***', 'tasks', 'run', 'raw_from_s3_to_pg', 'sensor_on_raw_layer', 'scheduled__2026-07-24T02:00:00+00:00', '--job-id', '78', '--raw', '--subdir', 'DAGS_FOLDER/raw_from_s3_to_pg.py', '--cfg-path', '/tmp/tmpnqapth_t']
[2026-07-25T15:19:12.223+0000] {standard_task_runner.py:105} INFO - Job 78: Subtask sensor_on_raw_layer
[2026-07-25T15:19:12.251+0000] {task_command.py:467} INFO - Running <TaskInstance: raw_from_s3_to_pg.sensor_on_raw_layer scheduled__2026-07-24T02:00:00+00:00 [running]> on host e9d1c282f90e
[2026-07-25T15:19:12.295+0000] {taskinstance.py:3134} INFO - Exporting env vars: AIRFLOW_CTX_DAG_OWNER='e.alekseev' AIRFLOW_CTX_DAG_ID='raw_from_s3_to_pg' AIRFLOW_CTX_TASK_ID='sensor_on_raw_layer' AIRFLOW_CTX_EXECUTION_DATE='2026-07-24T02:00:00+00:00' AIRFLOW_CTX_TRY_NUMBER='1' AIRFLOW_CTX_DAG_RUN_ID='scheduled__2026-07-24T02:00:00+00:00'
[2026-07-25T15:19:12.295+0000] {taskinstance.py:732} INFO - ::endgroup::
[2026-07-25T15:19:12.302+0000] {baseoperator.py:423} WARNING - ExternalTaskSensor.execute cannot be called outside TaskInstance!
[2026-07-25T15:19:12.307+0000] {external_task.py:274} INFO - Poking for DAG 'raw_from_api_to_s3' on 2026-07-24T02:00:00+00:00 ... 
[2026-07-25T15:19:12.308+0000] {warnings.py:112} WARNING - /home/***/.local/lib/python3.12/site-packages/***/utils/session.py:97: DeprecationWarning: This method is deprecated and will be removed in future.
  return func(*args, session=session, **kwargs)

[2026-07-25T15:19:12.327+0000] {taskinstance.py:310} INFO - Rescheduling task, marking task as UP_FOR_RESCHEDULE
[2026-07-25T15:19:12.327+0000] {taskinstance.py:341} INFO - ::group::Post task execution logs
[2026-07-25T15:19:12.355+0000] {local_task_job_runner.py:266} INFO - Task exited with return code 0
[2026-07-25T15:19:12.407+0000] {taskinstance.py:3901} INFO - 0 downstream tasks scheduled from follow-on schedule check
[2026-07-25T15:19:12.411+0000] {local_task_job_runner.py:245} INFO - ::endgroup::
[2026-07-25T15:20:13.029+0000] {local_task_job_runner.py:123} INFO - ::group::Pre task execution logs
[2026-07-25T15:20:13.043+0000] {taskinstance.py:2614} INFO - Dependencies all met for dep_context=non-requeueable deps ti=<TaskInstance: raw_from_s3_to_pg.sensor_on_raw_layer scheduled__2026-07-24T02:00:00+00:00 [queued]>
[2026-07-25T15:20:13.048+0000] {taskinstance.py:2614} INFO - Dependencies all met for dep_context=requeueable deps ti=<TaskInstance: raw_from_s3_to_pg.sensor_on_raw_layer scheduled__2026-07-24T02:00:00+00:00 [queued]>
[2026-07-25T15:20:13.048+0000] {taskinstance.py:2867} INFO - Starting attempt 1 of 4
[2026-07-25T15:20:13.055+0000] {taskinstance.py:2890} INFO - Executing <Task(ExternalTaskSensor): sensor_on_raw_layer> on 2026-07-24 02:00:00+00:00
[2026-07-25T15:20:13.058+0000] {warnings.py:112} WARNING - /home/***/.local/lib/python3.12/site-packages/***/task/task_runner/standard_task_runner.py:70: DeprecationWarning: This process (pid=12032) is multi-threaded, use of fork() may lead to deadlocks in the child.
  pid = os.fork()

[2026-07-25T15:20:13.059+0000] {standard_task_runner.py:72} INFO - Started process 12048 to run task
[2026-07-25T15:20:13.060+0000] {standard_task_runner.py:104} INFO - Running: ['***', 'tasks', 'run', 'raw_from_s3_to_pg', 'sensor_on_raw_layer', 'scheduled__2026-07-24T02:00:00+00:00', '--job-id', '79', '--raw', '--subdir', 'DAGS_FOLDER/raw_from_s3_to_pg.py', '--cfg-path', '/tmp/tmppbdu2lcb']
[2026-07-25T15:20:13.061+0000] {standard_task_runner.py:105} INFO - Job 79: Subtask sensor_on_raw_layer
[2026-07-25T15:20:13.102+0000] {task_command.py:467} INFO - Running <TaskInstance: raw_from_s3_to_pg.sensor_on_raw_layer scheduled__2026-07-24T02:00:00+00:00 [running]> on host e9d1c282f90e
[2026-07-25T15:20:13.146+0000] {taskinstance.py:3134} INFO - Exporting env vars: AIRFLOW_CTX_DAG_OWNER='e.alekseev' AIRFLOW_CTX_DAG_ID='raw_from_s3_to_pg' AIRFLOW_CTX_TASK_ID='sensor_on_raw_layer' AIRFLOW_CTX_EXECUTION_DATE='2026-07-24T02:00:00+00:00' AIRFLOW_CTX_TRY_NUMBER='1' AIRFLOW_CTX_DAG_RUN_ID='scheduled__2026-07-24T02:00:00+00:00'
[2026-07-25T15:20:13.146+0000] {taskinstance.py:732} INFO - ::endgroup::
[2026-07-25T15:20:13.153+0000] {baseoperator.py:423} WARNING - ExternalTaskSensor.execute cannot be called outside TaskInstance!
[2026-07-25T15:20:13.158+0000] {external_task.py:274} INFO - Poking for DAG 'raw_from_api_to_s3' on 2026-07-24T02:00:00+00:00 ... 
[2026-07-25T15:20:13.158+0000] {warnings.py:112} WARNING - /home/***/.local/lib/python3.12/site-packages/***/utils/session.py:97: DeprecationWarning: This method is deprecated and will be removed in future.
  return func(*args, session=session, **kwargs)

[2026-07-25T15:20:13.174+0000] {taskinstance.py:310} INFO - Rescheduling task, marking task as UP_FOR_RESCHEDULE
[2026-07-25T15:20:13.175+0000] {taskinstance.py:341} INFO - ::group::Post task execution logs
[2026-07-25T15:20:13.192+0000] {local_task_job_runner.py:266} INFO - Task exited with return code 0
[2026-07-25T15:20:13.221+0000] {taskinstance.py:3901} INFO - 0 downstream tasks scheduled from follow-on schedule check
[2026-07-25T15:20:13.223+0000] {local_task_job_runner.py:245} INFO - ::endgroup::
[2026-07-25T15:21:13.792+0000] {local_task_job_runner.py:123} INFO - ::group::Pre task execution logs
[2026-07-25T15:21:13.806+0000] {taskinstance.py:2614} INFO - Dependencies all met for dep_context=non-requeueable deps ti=<TaskInstance: raw_from_s3_to_pg.sensor_on_raw_layer scheduled__2026-07-24T02:00:00+00:00 [queued]>
[2026-07-25T15:21:13.811+0000] {taskinstance.py:2614} INFO - Dependencies all met for dep_context=requeueable deps ti=<TaskInstance: raw_from_s3_to_pg.sensor_on_raw_layer scheduled__2026-07-24T02:00:00+00:00 [queued]>
[2026-07-25T15:21:13.812+0000] {taskinstance.py:2867} INFO - Starting attempt 1 of 4
[2026-07-25T15:21:13.820+0000] {taskinstance.py:2890} INFO - Executing <Task(ExternalTaskSensor): sensor_on_raw_layer> on 2026-07-24 02:00:00+00:00
[2026-07-25T15:21:13.824+0000] {warnings.py:112} WARNING - /home/***/.local/lib/python3.12/site-packages/***/task/task_runner/standard_task_runner.py:70: DeprecationWarning: This process (pid=12064) is multi-threaded, use of fork() may lead to deadlocks in the child.
  pid = os.fork()

[2026-07-25T15:21:13.825+0000] {standard_task_runner.py:72} INFO - Started process 12080 to run task
[2026-07-25T15:21:13.826+0000] {standard_task_runner.py:104} INFO - Running: ['***', 'tasks', 'run', 'raw_from_s3_to_pg', 'sensor_on_raw_layer', 'scheduled__2026-07-24T02:00:00+00:00', '--job-id', '80', '--raw', '--subdir', 'DAGS_FOLDER/raw_from_s3_to_pg.py', '--cfg-path', '/tmp/tmplqvwkgz4']
[2026-07-25T15:21:13.826+0000] {standard_task_runner.py:105} INFO - Job 80: Subtask sensor_on_raw_layer
[2026-07-25T15:21:13.855+0000] {task_command.py:467} INFO - Running <TaskInstance: raw_from_s3_to_pg.sensor_on_raw_layer scheduled__2026-07-24T02:00:00+00:00 [running]> on host e9d1c282f90e
[2026-07-25T15:21:13.902+0000] {taskinstance.py:3134} INFO - Exporting env vars: AIRFLOW_CTX_DAG_OWNER='e.alekseev' AIRFLOW_CTX_DAG_ID='raw_from_s3_to_pg' AIRFLOW_CTX_TASK_ID='sensor_on_raw_layer' AIRFLOW_CTX_EXECUTION_DATE='2026-07-24T02:00:00+00:00' AIRFLOW_CTX_TRY_NUMBER='1' AIRFLOW_CTX_DAG_RUN_ID='scheduled__2026-07-24T02:00:00+00:00'
[2026-07-25T15:21:13.902+0000] {taskinstance.py:732} INFO - ::endgroup::
[2026-07-25T15:21:13.910+0000] {baseoperator.py:423} WARNING - ExternalTaskSensor.execute cannot be called outside TaskInstance!
[2026-07-25T15:21:13.916+0000] {external_task.py:274} INFO - Poking for DAG 'raw_from_api_to_s3' on 2026-07-24T02:00:00+00:00 ... 
[2026-07-25T15:21:13.916+0000] {warnings.py:112} WARNING - /home/***/.local/lib/python3.12/site-packages/***/utils/session.py:97: DeprecationWarning: This method is deprecated and will be removed in future.
  return func(*args, session=session, **kwargs)

[2026-07-25T15:21:13.933+0000] {taskinstance.py:310} INFO - Rescheduling task, marking task as UP_FOR_RESCHEDULE
[2026-07-25T15:21:13.933+0000] {taskinstance.py:341} INFO - ::group::Post task execution logs
[2026-07-25T15:21:13.958+0000] {local_task_job_runner.py:266} INFO - Task exited with return code 0
[2026-07-25T15:21:13.975+0000] {taskinstance.py:3901} INFO - 0 downstream tasks scheduled from follow-on schedule check
[2026-07-25T15:21:13.977+0000] {local_task_job_runner.py:245} INFO - ::endgroup::
[2026-07-25T15:22:14.704+0000] {local_task_job_runner.py:123} INFO - ::group::Pre task execution logs
[2026-07-25T15:22:14.722+0000] {taskinstance.py:2614} INFO - Dependencies all met for dep_context=non-requeueable deps ti=<TaskInstance: raw_from_s3_to_pg.sensor_on_raw_layer scheduled__2026-07-24T02:00:00+00:00 [queued]>
[2026-07-25T15:22:14.728+0000] {taskinstance.py:2614} INFO - Dependencies all met for dep_context=requeueable deps ti=<TaskInstance: raw_from_s3_to_pg.sensor_on_raw_layer scheduled__2026-07-24T02:00:00+00:00 [queued]>
[2026-07-25T15:22:14.728+0000] {taskinstance.py:2867} INFO - Starting attempt 1 of 4
[2026-07-25T15:22:14.736+0000] {taskinstance.py:2890} INFO - Executing <Task(ExternalTaskSensor): sensor_on_raw_layer> on 2026-07-24 02:00:00+00:00
[2026-07-25T15:22:14.740+0000] {warnings.py:112} WARNING - /home/***/.local/lib/python3.12/site-packages/***/task/task_runner/standard_task_runner.py:70: DeprecationWarning: This process (pid=12096) is multi-threaded, use of fork() may lead to deadlocks in the child.
  pid = os.fork()

[2026-07-25T15:22:14.740+0000] {standard_task_runner.py:72} INFO - Started process 12112 to run task
[2026-07-25T15:22:14.741+0000] {standard_task_runner.py:104} INFO - Running: ['***', 'tasks', 'run', 'raw_from_s3_to_pg', 'sensor_on_raw_layer', 'scheduled__2026-07-24T02:00:00+00:00', '--job-id', '81', '--raw', '--subdir', 'DAGS_FOLDER/raw_from_s3_to_pg.py', '--cfg-path', '/tmp/tmpgsu7j58d']
[2026-07-25T15:22:14.742+0000] {standard_task_runner.py:105} INFO - Job 81: Subtask sensor_on_raw_layer
[2026-07-25T15:22:14.772+0000] {task_command.py:467} INFO - Running <TaskInstance: raw_from_s3_to_pg.sensor_on_raw_layer scheduled__2026-07-24T02:00:00+00:00 [running]> on host e9d1c282f90e
[2026-07-25T15:22:14.819+0000] {taskinstance.py:3134} INFO - Exporting env vars: AIRFLOW_CTX_DAG_OWNER='e.alekseev' AIRFLOW_CTX_DAG_ID='raw_from_s3_to_pg' AIRFLOW_CTX_TASK_ID='sensor_on_raw_layer' AIRFLOW_CTX_EXECUTION_DATE='2026-07-24T02:00:00+00:00' AIRFLOW_CTX_TRY_NUMBER='1' AIRFLOW_CTX_DAG_RUN_ID='scheduled__2026-07-24T02:00:00+00:00'
[2026-07-25T15:22:14.819+0000] {taskinstance.py:732} INFO - ::endgroup::
[2026-07-25T15:22:14.828+0000] {baseoperator.py:423} WARNING - ExternalTaskSensor.execute cannot be called outside TaskInstance!
[2026-07-25T15:22:14.833+0000] {external_task.py:274} INFO - Poking for DAG 'raw_from_api_to_s3' on 2026-07-24T02:00:00+00:00 ... 
[2026-07-25T15:22:14.834+0000] {warnings.py:112} WARNING - /home/***/.local/lib/python3.12/site-packages/***/utils/session.py:97: DeprecationWarning: This method is deprecated and will be removed in future.
  return func(*args, session=session, **kwargs)

[2026-07-25T15:22:14.850+0000] {taskinstance.py:310} INFO - Rescheduling task, marking task as UP_FOR_RESCHEDULE
[2026-07-25T15:22:14.850+0000] {taskinstance.py:341} INFO - ::group::Post task execution logs
[2026-07-25T15:22:14.874+0000] {local_task_job_runner.py:266} INFO - Task exited with return code 0
[2026-07-25T15:22:14.894+0000] {taskinstance.py:3901} INFO - 0 downstream tasks scheduled from follow-on schedule check
[2026-07-25T15:22:14.896+0000] {local_task_job_runner.py:245} INFO - ::endgroup::
[2026-07-25T15:23:15.448+0000] {local_task_job_runner.py:123} INFO - ::group::Pre task execution logs
[2026-07-25T15:23:15.463+0000] {taskinstance.py:2614} INFO - Dependencies all met for dep_context=non-requeueable deps ti=<TaskInstance: raw_from_s3_to_pg.sensor_on_raw_layer scheduled__2026-07-24T02:00:00+00:00 [queued]>
[2026-07-25T15:23:15.469+0000] {taskinstance.py:2614} INFO - Dependencies all met for dep_context=requeueable deps ti=<TaskInstance: raw_from_s3_to_pg.sensor_on_raw_layer scheduled__2026-07-24T02:00:00+00:00 [queued]>
[2026-07-25T15:23:15.469+0000] {taskinstance.py:2867} INFO - Starting attempt 1 of 4
[2026-07-25T15:23:15.476+0000] {taskinstance.py:2890} INFO - Executing <Task(ExternalTaskSensor): sensor_on_raw_layer> on 2026-07-24 02:00:00+00:00
[2026-07-25T15:23:15.480+0000] {warnings.py:112} WARNING - /home/***/.local/lib/python3.12/site-packages/***/task/task_runner/standard_task_runner.py:70: DeprecationWarning: This process (pid=12128) is multi-threaded, use of fork() may lead to deadlocks in the child.
  pid = os.fork()

[2026-07-25T15:23:15.481+0000] {standard_task_runner.py:72} INFO - Started process 12144 to run task
[2026-07-25T15:23:15.481+0000] {standard_task_runner.py:104} INFO - Running: ['***', 'tasks', 'run', 'raw_from_s3_to_pg', 'sensor_on_raw_layer', 'scheduled__2026-07-24T02:00:00+00:00', '--job-id', '82', '--raw', '--subdir', 'DAGS_FOLDER/raw_from_s3_to_pg.py', '--cfg-path', '/tmp/tmpqtm84n8v']
[2026-07-25T15:23:15.482+0000] {standard_task_runner.py:105} INFO - Job 82: Subtask sensor_on_raw_layer
[2026-07-25T15:23:15.508+0000] {task_command.py:467} INFO - Running <TaskInstance: raw_from_s3_to_pg.sensor_on_raw_layer scheduled__2026-07-24T02:00:00+00:00 [running]> on host e9d1c282f90e
[2026-07-25T15:23:15.550+0000] {taskinstance.py:3134} INFO - Exporting env vars: AIRFLOW_CTX_DAG_OWNER='e.alekseev' AIRFLOW_CTX_DAG_ID='raw_from_s3_to_pg' AIRFLOW_CTX_TASK_ID='sensor_on_raw_layer' AIRFLOW_CTX_EXECUTION_DATE='2026-07-24T02:00:00+00:00' AIRFLOW_CTX_TRY_NUMBER='1' AIRFLOW_CTX_DAG_RUN_ID='scheduled__2026-07-24T02:00:00+00:00'
[2026-07-25T15:23:15.551+0000] {taskinstance.py:732} INFO - ::endgroup::
[2026-07-25T15:23:15.559+0000] {baseoperator.py:423} WARNING - ExternalTaskSensor.execute cannot be called outside TaskInstance!
[2026-07-25T15:23:15.564+0000] {external_task.py:274} INFO - Poking for DAG 'raw_from_api_to_s3' on 2026-07-24T02:00:00+00:00 ... 
[2026-07-25T15:23:15.565+0000] {warnings.py:112} WARNING - /home/***/.local/lib/python3.12/site-packages/***/utils/session.py:97: DeprecationWarning: This method is deprecated and will be removed in future.
  return func(*args, session=session, **kwargs)

[2026-07-25T15:23:15.584+0000] {taskinstance.py:310} INFO - Rescheduling task, marking task as UP_FOR_RESCHEDULE
[2026-07-25T15:23:15.584+0000] {taskinstance.py:341} INFO - ::group::Post task execution logs
[2026-07-25T15:23:15.614+0000] {local_task_job_runner.py:266} INFO - Task exited with return code 0
[2026-07-25T15:23:15.648+0000] {taskinstance.py:3901} INFO - 0 downstream tasks scheduled from follow-on schedule check
[2026-07-25T15:23:15.650+0000] {local_task_job_runner.py:245} INFO - ::endgroup::
[2026-07-25T15:24:16.127+0000] {local_task_job_runner.py:123} INFO - ::group::Pre task execution logs
[2026-07-25T15:24:16.139+0000] {taskinstance.py:2614} INFO - Dependencies all met for dep_context=non-requeueable deps ti=<TaskInstance: raw_from_s3_to_pg.sensor_on_raw_layer scheduled__2026-07-24T02:00:00+00:00 [queued]>
[2026-07-25T15:24:16.144+0000] {taskinstance.py:2614} INFO - Dependencies all met for dep_context=requeueable deps ti=<TaskInstance: raw_from_s3_to_pg.sensor_on_raw_layer scheduled__2026-07-24T02:00:00+00:00 [queued]>
[2026-07-25T15:24:16.144+0000] {taskinstance.py:2867} INFO - Starting attempt 1 of 4
[2026-07-25T15:24:16.150+0000] {taskinstance.py:2890} INFO - Executing <Task(ExternalTaskSensor): sensor_on_raw_layer> on 2026-07-24 02:00:00+00:00
[2026-07-25T15:24:16.153+0000] {warnings.py:112} WARNING - /home/***/.local/lib/python3.12/site-packages/***/task/task_runner/standard_task_runner.py:70: DeprecationWarning: This process (pid=12160) is multi-threaded, use of fork() may lead to deadlocks in the child.
  pid = os.fork()

[2026-07-25T15:24:16.154+0000] {standard_task_runner.py:72} INFO - Started process 12176 to run task
[2026-07-25T15:24:16.155+0000] {standard_task_runner.py:104} INFO - Running: ['***', 'tasks', 'run', 'raw_from_s3_to_pg', 'sensor_on_raw_layer', 'scheduled__2026-07-24T02:00:00+00:00', '--job-id', '83', '--raw', '--subdir', 'DAGS_FOLDER/raw_from_s3_to_pg.py', '--cfg-path', '/tmp/tmpzz8dq7vc']
[2026-07-25T15:24:16.156+0000] {standard_task_runner.py:105} INFO - Job 83: Subtask sensor_on_raw_layer
[2026-07-25T15:24:16.192+0000] {task_command.py:467} INFO - Running <TaskInstance: raw_from_s3_to_pg.sensor_on_raw_layer scheduled__2026-07-24T02:00:00+00:00 [running]> on host e9d1c282f90e
[2026-07-25T15:24:16.255+0000] {taskinstance.py:3134} INFO - Exporting env vars: AIRFLOW_CTX_DAG_OWNER='e.alekseev' AIRFLOW_CTX_DAG_ID='raw_from_s3_to_pg' AIRFLOW_CTX_TASK_ID='sensor_on_raw_layer' AIRFLOW_CTX_EXECUTION_DATE='2026-07-24T02:00:00+00:00' AIRFLOW_CTX_TRY_NUMBER='1' AIRFLOW_CTX_DAG_RUN_ID='scheduled__2026-07-24T02:00:00+00:00'
[2026-07-25T15:24:16.256+0000] {taskinstance.py:732} INFO - ::endgroup::
[2026-07-25T15:24:16.263+0000] {baseoperator.py:423} WARNING - ExternalTaskSensor.execute cannot be called outside TaskInstance!
[2026-07-25T15:24:16.269+0000] {external_task.py:274} INFO - Poking for DAG 'raw_from_api_to_s3' on 2026-07-24T02:00:00+00:00 ... 
[2026-07-25T15:24:16.269+0000] {warnings.py:112} WARNING - /home/***/.local/lib/python3.12/site-packages/***/utils/session.py:97: DeprecationWarning: This method is deprecated and will be removed in future.
  return func(*args, session=session, **kwargs)

[2026-07-25T15:24:16.285+0000] {taskinstance.py:310} INFO - Rescheduling task, marking task as UP_FOR_RESCHEDULE
[2026-07-25T15:24:16.285+0000] {taskinstance.py:341} INFO - ::group::Post task execution logs
[2026-07-25T15:24:16.327+0000] {local_task_job_runner.py:266} INFO - Task exited with return code 0
[2026-07-25T15:24:16.366+0000] {taskinstance.py:3901} INFO - 0 downstream tasks scheduled from follow-on schedule check
[2026-07-25T15:24:16.369+0000] {local_task_job_runner.py:245} INFO - ::endgroup::
