[2026-07-25T16:42:11.848+0000] {local_task_job_runner.py:123} INFO - ::group::Pre task execution logs
[2026-07-25T16:42:11.862+0000] {taskinstance.py:2614} INFO - Dependencies all met for dep_context=non-requeueable deps ti=<TaskInstance: fct_count_day_earthquake.drop_from_target_table scheduled__2026-07-10T02:00:00+00:00 [queued]>
[2026-07-25T16:42:11.869+0000] {taskinstance.py:2614} INFO - Dependencies all met for dep_context=requeueable deps ti=<TaskInstance: fct_count_day_earthquake.drop_from_target_table scheduled__2026-07-10T02:00:00+00:00 [queued]>
[2026-07-25T16:42:11.869+0000] {taskinstance.py:2867} INFO - Starting attempt 1 of 4
[2026-07-25T16:42:11.877+0000] {taskinstance.py:2890} INFO - Executing <Task(SQLExecuteQueryOperator): drop_from_target_table> on 2026-07-10 02:00:00+00:00
[2026-07-25T16:42:11.881+0000] {warnings.py:112} WARNING - /home/***/.local/lib/python3.12/site-packages/***/task/task_runner/standard_task_runner.py:70: DeprecationWarning: This process (pid=13401) is multi-threaded, use of fork() may lead to deadlocks in the child.
  pid = os.fork()

[2026-07-25T16:42:11.882+0000] {standard_task_runner.py:72} INFO - Started process 13402 to run task
[2026-07-25T16:42:11.882+0000] {standard_task_runner.py:104} INFO - Running: ['***', 'tasks', 'run', 'fct_count_day_earthquake', 'drop_from_target_table', 'scheduled__2026-07-10T02:00:00+00:00', '--job-id', '91', '--raw', '--subdir', 'DAGS_FOLDER/fct_count_day_eqrthquake.py', '--cfg-path', '/tmp/tmpse2etkm1']
[2026-07-25T16:42:11.883+0000] {standard_task_runner.py:105} INFO - Job 91: Subtask drop_from_target_table
[2026-07-25T16:42:11.914+0000] {task_command.py:467} INFO - Running <TaskInstance: fct_count_day_earthquake.drop_from_target_table scheduled__2026-07-10T02:00:00+00:00 [running]> on host e9d1c282f90e
[2026-07-25T16:42:11.962+0000] {taskinstance.py:3134} INFO - Exporting env vars: AIRFLOW_CTX_DAG_OWNER='e.alekseev' AIRFLOW_CTX_DAG_ID='fct_count_day_earthquake' AIRFLOW_CTX_TASK_ID='drop_from_target_table' AIRFLOW_CTX_EXECUTION_DATE='2026-07-10T02:00:00+00:00' AIRFLOW_CTX_TRY_NUMBER='1' AIRFLOW_CTX_DAG_RUN_ID='scheduled__2026-07-10T02:00:00+00:00'
[2026-07-25T16:42:11.962+0000] {taskinstance.py:732} INFO - ::endgroup::
[2026-07-25T16:42:11.970+0000] {sql.py:295} INFO - Executing: 
        DELETE FROM dm.fct_count_day_earthquake
        WHERE date IN
        (
            SELECT date FROM stg."tmp_fct_count_day_earthquake_2026-07-10"
        )
        
[2026-07-25T16:42:11.975+0000] {base.py:84} INFO - Retrieving connection '***_dwh'
[2026-07-25T16:42:11.981+0000] {base.py:84} INFO - Retrieving connection '***_dwh'
[2026-07-25T16:42:11.984+0000] {sql.py:511} INFO - Running statement: 
        DELETE FROM dm.fct_count_day_earthquake
        WHERE date IN
        (
            SELECT date FROM stg."tmp_fct_count_day_earthquake_2026-07-10"
        )
        , parameters: None
[2026-07-25T16:42:11.985+0000] {taskinstance.py:3313} ERROR - Task failed with exception
Traceback (most recent call last):
  File "/home/airflow/.local/lib/python3.12/site-packages/airflow/models/taskinstance.py", line 768, in _execute_task
    result = _execute_callable(context=context, **execute_callable_kwargs)
             ^^^^^^^^^^^^^^^^^^^^^^^^^^^^^^^^^^^^^^^^^^^^^^^^^^^^^^^^^^^^^
  File "/home/airflow/.local/lib/python3.12/site-packages/airflow/models/taskinstance.py", line 734, in _execute_callable
    return ExecutionCallableRunner(
           ^^^^^^^^^^^^^^^^^^^^^^^^
  File "/home/airflow/.local/lib/python3.12/site-packages/airflow/utils/operator_helpers.py", line 252, in run
    return self.func(*args, **kwargs)
           ^^^^^^^^^^^^^^^^^^^^^^^^^^
  File "/home/airflow/.local/lib/python3.12/site-packages/airflow/models/baseoperator.py", line 424, in wrapper
    return func(self, *args, **kwargs)
           ^^^^^^^^^^^^^^^^^^^^^^^^^^^
  File "/home/airflow/.local/lib/python3.12/site-packages/airflow/providers/common/sql/operators/sql.py", line 301, in execute
    output = hook.run(
             ^^^^^^^^^
  File "/home/airflow/.local/lib/python3.12/site-packages/airflow/providers/common/sql/hooks/sql.py", line 467, in run
    self._run_command(cur, sql_statement, parameters)
  File "/home/airflow/.local/lib/python3.12/site-packages/airflow/providers/common/sql/hooks/sql.py", line 516, in _run_command
    cur.execute(sql_statement)
psycopg2.errors.UndefinedTable: relation "dm.fct_count_day_earthquake" does not exist
LINE 2:         DELETE FROM dm.fct_count_day_earthquake
                            ^

[2026-07-25T16:42:11.992+0000] {taskinstance.py:1226} INFO - Marking task as UP_FOR_RETRY. dag_id=fct_count_day_earthquake, task_id=drop_from_target_table, run_id=scheduled__2026-07-10T02:00:00+00:00, execution_date=20260710T020000, start_date=20260725T164211, end_date=20260725T164211
[2026-07-25T16:42:12.015+0000] {taskinstance.py:341} INFO - ::group::Post task execution logs
[2026-07-25T16:42:12.016+0000] {standard_task_runner.py:124} ERROR - Failed to execute job 91 for task drop_from_target_table (relation "dm.fct_count_day_earthquake" does not exist
LINE 2:         DELETE FROM dm.fct_count_day_earthquake
                            ^
; 13402)
Traceback (most recent call last):
  File "/home/airflow/.local/lib/python3.12/site-packages/airflow/task/task_runner/standard_task_runner.py", line 117, in _start_by_fork
    ret = args.func(args, dag=self.dag)
          ^^^^^^^^^^^^^^^^^^^^^^^^^^^^^
  File "/home/airflow/.local/lib/python3.12/site-packages/airflow/cli/cli_config.py", line 49, in command
    return func(*args, **kwargs)
           ^^^^^^^^^^^^^^^^^^^^^
  File "/home/airflow/.local/lib/python3.12/site-packages/airflow/utils/cli.py", line 116, in wrapper
    return f(*args, **kwargs)
           ^^^^^^^^^^^^^^^^^^
  File "/home/airflow/.local/lib/python3.12/site-packages/airflow/cli/commands/task_command.py", line 483, in task_run
    task_return_code = _run_task_by_selected_method(args, _dag, ti)
                       ^^^^^^^^^^^^^^^^^^^^^^^^^^^^^^^^^^^^^^^^^^^^
  File "/home/airflow/.local/lib/python3.12/site-packages/airflow/cli/commands/task_command.py", line 256, in _run_task_by_selected_method
    return _run_raw_task(args, ti)
           ^^^^^^^^^^^^^^^^^^^^^^^
  File "/home/airflow/.local/lib/python3.12/site-packages/airflow/cli/commands/task_command.py", line 341, in _run_raw_task
    return ti._run_raw_task(
           ^^^^^^^^^^^^^^^^^
  File "/home/airflow/.local/lib/python3.12/site-packages/airflow/utils/session.py", line 97, in wrapper
    return func(*args, session=session, **kwargs)
           ^^^^^^^^^^^^^^^^^^^^^^^^^^^^^^^^^^^^^^
  File "/home/airflow/.local/lib/python3.12/site-packages/airflow/models/taskinstance.py", line 3006, in _run_raw_task
    return _run_raw_task(
           ^^^^^^^^^^^^^^
  File "/home/airflow/.local/lib/python3.12/site-packages/airflow/models/taskinstance.py", line 274, in _run_raw_task
    TaskInstance._execute_task_with_callbacks(
  File "/home/airflow/.local/lib/python3.12/site-packages/airflow/models/taskinstance.py", line 3161, in _execute_task_with_callbacks
    result = self._execute_task(context, task_orig)
             ^^^^^^^^^^^^^^^^^^^^^^^^^^^^^^^^^^^^^^
  File "/home/airflow/.local/lib/python3.12/site-packages/airflow/models/taskinstance.py", line 3185, in _execute_task
    return _execute_task(self, context, task_orig)
           ^^^^^^^^^^^^^^^^^^^^^^^^^^^^^^^^^^^^^^^
  File "/home/airflow/.local/lib/python3.12/site-packages/airflow/models/taskinstance.py", line 768, in _execute_task
    result = _execute_callable(context=context, **execute_callable_kwargs)
             ^^^^^^^^^^^^^^^^^^^^^^^^^^^^^^^^^^^^^^^^^^^^^^^^^^^^^^^^^^^^^
  File "/home/airflow/.local/lib/python3.12/site-packages/airflow/models/taskinstance.py", line 734, in _execute_callable
    return ExecutionCallableRunner(
           ^^^^^^^^^^^^^^^^^^^^^^^^
  File "/home/airflow/.local/lib/python3.12/site-packages/airflow/utils/operator_helpers.py", line 252, in run
    return self.func(*args, **kwargs)
           ^^^^^^^^^^^^^^^^^^^^^^^^^^
  File "/home/airflow/.local/lib/python3.12/site-packages/airflow/models/baseoperator.py", line 424, in wrapper
    return func(self, *args, **kwargs)
           ^^^^^^^^^^^^^^^^^^^^^^^^^^^
  File "/home/airflow/.local/lib/python3.12/site-packages/airflow/providers/common/sql/operators/sql.py", line 301, in execute
    output = hook.run(
             ^^^^^^^^^
  File "/home/airflow/.local/lib/python3.12/site-packages/airflow/providers/common/sql/hooks/sql.py", line 467, in run
    self._run_command(cur, sql_statement, parameters)
  File "/home/airflow/.local/lib/python3.12/site-packages/airflow/providers/common/sql/hooks/sql.py", line 516, in _run_command
    cur.execute(sql_statement)
psycopg2.errors.UndefinedTable: relation "dm.fct_count_day_earthquake" does not exist
LINE 2:         DELETE FROM dm.fct_count_day_earthquake
                            ^

[2026-07-25T16:42:12.055+0000] {local_task_job_runner.py:266} INFO - Task exited with return code 1
[2026-07-25T16:42:12.075+0000] {taskinstance.py:3901} INFO - 0 downstream tasks scheduled from follow-on schedule check
[2026-07-25T16:42:12.077+0000] {local_task_job_runner.py:245} INFO - ::endgroup::
