[2026-07-24T20:16:58.352+0000] {local_task_job_runner.py:123} INFO - ::group::Pre task execution logs
[2026-07-24T20:16:58.364+0000] {taskinstance.py:2614} INFO - Dependencies all met for dep_context=non-requeueable deps ti=<TaskInstance: raw_from_s3_to_pg.get_and_transfer_raw_data_to_ods_pg scheduled__2026-07-10T02:00:00+00:00 [queued]>
[2026-07-24T20:16:58.370+0000] {taskinstance.py:2614} INFO - Dependencies all met for dep_context=requeueable deps ti=<TaskInstance: raw_from_s3_to_pg.get_and_transfer_raw_data_to_ods_pg scheduled__2026-07-10T02:00:00+00:00 [queued]>
[2026-07-24T20:16:58.370+0000] {taskinstance.py:2867} INFO - Starting attempt 3 of 6
[2026-07-24T20:16:58.378+0000] {taskinstance.py:2890} INFO - Executing <Task(PythonOperator): get_and_transfer_raw_data_to_ods_pg> on 2026-07-10 02:00:00+00:00
[2026-07-24T20:16:58.382+0000] {warnings.py:112} WARNING - /home/***/.local/lib/python3.12/site-packages/***/task/task_runner/standard_task_runner.py:70: DeprecationWarning: This process (pid=9706) is multi-threaded, use of fork() may lead to deadlocks in the child.
  pid = os.fork()

[2026-07-24T20:16:58.383+0000] {standard_task_runner.py:72} INFO - Started process 9722 to run task
[2026-07-24T20:16:58.384+0000] {standard_task_runner.py:104} INFO - Running: ['***', 'tasks', 'run', 'raw_from_s3_to_pg', 'get_and_transfer_raw_data_to_ods_pg', 'scheduled__2026-07-10T02:00:00+00:00', '--job-id', '31', '--raw', '--subdir', 'DAGS_FOLDER/raw_from_s3_to_pg.py', '--cfg-path', '/tmp/tmpzgp980o0']
[2026-07-24T20:16:58.384+0000] {standard_task_runner.py:105} INFO - Job 31: Subtask get_and_transfer_raw_data_to_ods_pg
[2026-07-24T20:16:58.413+0000] {task_command.py:467} INFO - Running <TaskInstance: raw_from_s3_to_pg.get_and_transfer_raw_data_to_ods_pg scheduled__2026-07-10T02:00:00+00:00 [running]> on host e9d1c282f90e
[2026-07-24T20:16:58.458+0000] {taskinstance.py:3134} INFO - Exporting env vars: AIRFLOW_CTX_DAG_OWNER='e.alekseev' AIRFLOW_CTX_DAG_ID='raw_from_s3_to_pg' AIRFLOW_CTX_TASK_ID='get_and_transfer_raw_data_to_ods_pg' AIRFLOW_CTX_EXECUTION_DATE='2026-07-10T02:00:00+00:00' AIRFLOW_CTX_TRY_NUMBER='3' AIRFLOW_CTX_DAG_RUN_ID='scheduled__2026-07-10T02:00:00+00:00'
[2026-07-24T20:16:58.458+0000] {taskinstance.py:732} INFO - ::endgroup::
[2026-07-24T20:16:58.466+0000] {raw_from_s3_to_pg.py:55} INFO - 💻 Start load for dates: 2026-07-10/2026-07-11
[2026-07-24T20:16:58.541+0000] {raw_from_s3_to_pg.py:133} INFO - ✅ Download for date success: 2026-07-10
[2026-07-24T20:16:58.542+0000] {python.py:240} INFO - Done. Returned value was: None
[2026-07-24T20:16:58.549+0000] {taskinstance.py:341} INFO - ::group::Post task execution logs
[2026-07-24T20:16:58.550+0000] {taskinstance.py:353} INFO - Marking task as SUCCESS. dag_id=raw_from_s3_to_pg, task_id=get_and_transfer_raw_data_to_ods_pg, run_id=scheduled__2026-07-10T02:00:00+00:00, execution_date=20260710T020000, start_date=20260724T201658, end_date=20260724T201658
[2026-07-24T20:16:58.597+0000] {local_task_job_runner.py:266} INFO - Task exited with return code 0
[2026-07-24T20:16:58.608+0000] {taskinstance.py:3901} INFO - 0 downstream tasks scheduled from follow-on schedule check
[2026-07-24T20:16:58.610+0000] {local_task_job_runner.py:245} INFO - ::endgroup::
