[2026-07-24T20:11:16.196+0000] {local_task_job_runner.py:123} INFO - ::group::Pre task execution logs
[2026-07-24T20:11:16.209+0000] {taskinstance.py:2614} INFO - Dependencies all met for dep_context=non-requeueable deps ti=<TaskInstance: raw_from_s3_to_pg.get_and_transfer_raw_data_to_ods_pg scheduled__2026-07-10T02:00:00+00:00 [queued]>
[2026-07-24T20:11:16.214+0000] {taskinstance.py:2614} INFO - Dependencies all met for dep_context=requeueable deps ti=<TaskInstance: raw_from_s3_to_pg.get_and_transfer_raw_data_to_ods_pg scheduled__2026-07-10T02:00:00+00:00 [queued]>
[2026-07-24T20:11:16.214+0000] {taskinstance.py:2867} INFO - Starting attempt 1 of 4
[2026-07-24T20:11:16.223+0000] {taskinstance.py:2890} INFO - Executing <Task(PythonOperator): get_and_transfer_raw_data_to_ods_pg> on 2026-07-10 02:00:00+00:00
[2026-07-24T20:11:16.227+0000] {warnings.py:112} WARNING - /home/***/.local/lib/python3.12/site-packages/***/task/task_runner/standard_task_runner.py:70: DeprecationWarning: This process (pid=9398) is multi-threaded, use of fork() may lead to deadlocks in the child.
  pid = os.fork()

[2026-07-24T20:11:16.228+0000] {standard_task_runner.py:72} INFO - Started process 9414 to run task
[2026-07-24T20:11:16.229+0000] {standard_task_runner.py:104} INFO - Running: ['***', 'tasks', 'run', 'raw_from_s3_to_pg', 'get_and_transfer_raw_data_to_ods_pg', 'scheduled__2026-07-10T02:00:00+00:00', '--job-id', '29', '--raw', '--subdir', 'DAGS_FOLDER/raw_from_s3_to_pg.py', '--cfg-path', '/tmp/tmpruju4zxp']
[2026-07-24T20:11:16.230+0000] {standard_task_runner.py:105} INFO - Job 29: Subtask get_and_transfer_raw_data_to_ods_pg
[2026-07-24T20:11:16.260+0000] {task_command.py:467} INFO - Running <TaskInstance: raw_from_s3_to_pg.get_and_transfer_raw_data_to_ods_pg scheduled__2026-07-10T02:00:00+00:00 [running]> on host e9d1c282f90e
[2026-07-24T20:11:16.310+0000] {taskinstance.py:3134} INFO - Exporting env vars: AIRFLOW_CTX_DAG_OWNER='e.alekseev' AIRFLOW_CTX_DAG_ID='raw_from_s3_to_pg' AIRFLOW_CTX_TASK_ID='get_and_transfer_raw_data_to_ods_pg' AIRFLOW_CTX_EXECUTION_DATE='2026-07-10T02:00:00+00:00' AIRFLOW_CTX_TRY_NUMBER='1' AIRFLOW_CTX_DAG_RUN_ID='scheduled__2026-07-10T02:00:00+00:00'
[2026-07-24T20:11:16.311+0000] {taskinstance.py:732} INFO - ::endgroup::
[2026-07-24T20:11:16.324+0000] {raw_from_s3_to_pg.py:55} INFO - 💻 Start load for dates: 2026-07-10/2026-07-11
[2026-07-24T20:11:17.880+0000] {taskinstance.py:3313} ERROR - Task failed with exception
Traceback (most recent call last):
  File "/home/airflow/.local/lib/python3.12/site-packages/airflow/models/taskinstance.py", line 768, in _execute_task
    result = _execute_callable(context=context, **execute_callable_kwargs)
             ^^^^^^^^^^^^^^^^^^^^^^^^^^^^^^^^^^^^^^^^^^^^^^^^^^^^^^^^^^^^^
  File "/home/airflow/.local/lib/python3.12/site-packages/airflow/models/taskinstance.py", line 734, in _execute_callable
    return ExecutionCallableRunner(
           ^^^^^^^^^^^^^^^^^^^^^^^^
  File "/home/airflow/.local/lib/python3.12/site-packages/airflow/utils/operator_helpers.py", line 252, in run
    return self.func(*args, **kwargs)
           ^^^^^^^^^^^^^^^^^^^^^^^^^^
  File "/home/airflow/.local/lib/python3.12/site-packages/airflow/models/baseoperator.py", line 424, in wrapper
    return func(self, *args, **kwargs)
           ^^^^^^^^^^^^^^^^^^^^^^^^^^^
  File "/home/airflow/.local/lib/python3.12/site-packages/airflow/operators/python.py", line 238, in execute
    return_value = self.execute_callable()
                   ^^^^^^^^^^^^^^^^^^^^^^^
  File "/home/airflow/.local/lib/python3.12/site-packages/airflow/operators/python.py", line 256, in execute_callable
    return runner.run(*self.op_args, **self.op_kwargs)
           ^^^^^^^^^^^^^^^^^^^^^^^^^^^^^^^^^^^^^^^^^^^
  File "/home/airflow/.local/lib/python3.12/site-packages/airflow/utils/operator_helpers.py", line 252, in run
    return self.func(*args, **kwargs)
           ^^^^^^^^^^^^^^^^^^^^^^^^^^
  File "/opt/airflow/dags/raw_from_s3_to_pg.py", line 58, in get_and_transfer_raw_data_to_ods_pg
    con.sql(
_duckdb.BinderException: Binder Error: Table "fct_earthquake" does not have a column with name "longitude"

Did you mean: "ongitude", "latitude"
[2026-07-24T20:11:17.889+0000] {taskinstance.py:1226} INFO - Marking task as UP_FOR_RETRY. dag_id=raw_from_s3_to_pg, task_id=get_and_transfer_raw_data_to_ods_pg, run_id=scheduled__2026-07-10T02:00:00+00:00, execution_date=20260710T020000, start_date=20260724T201116, end_date=20260724T201117
[2026-07-24T20:11:17.907+0000] {taskinstance.py:341} INFO - ::group::Post task execution logs
[2026-07-24T20:11:17.907+0000] {standard_task_runner.py:124} ERROR - Failed to execute job 29 for task get_and_transfer_raw_data_to_ods_pg (Binder Error: Table "fct_earthquake" does not have a column with name "longitude"

Did you mean: "ongitude", "latitude"; 9414)
Traceback (most recent call last):
  File "/home/airflow/.local/lib/python3.12/site-packages/airflow/task/task_runner/standard_task_runner.py", line 117, in _start_by_fork
    ret = args.func(args, dag=self.dag)
          ^^^^^^^^^^^^^^^^^^^^^^^^^^^^^
  File "/home/airflow/.local/lib/python3.12/site-packages/airflow/cli/cli_config.py", line 49, in command
    return func(*args, **kwargs)
           ^^^^^^^^^^^^^^^^^^^^^
  File "/home/airflow/.local/lib/python3.12/site-packages/airflow/utils/cli.py", line 116, in wrapper
    return f(*args, **kwargs)
           ^^^^^^^^^^^^^^^^^^
  File "/home/airflow/.local/lib/python3.12/site-packages/airflow/cli/commands/task_command.py", line 483, in task_run
    task_return_code = _run_task_by_selected_method(args, _dag, ti)
                       ^^^^^^^^^^^^^^^^^^^^^^^^^^^^^^^^^^^^^^^^^^^^
  File "/home/airflow/.local/lib/python3.12/site-packages/airflow/cli/commands/task_command.py", line 256, in _run_task_by_selected_method
    return _run_raw_task(args, ti)
           ^^^^^^^^^^^^^^^^^^^^^^^
  File "/home/airflow/.local/lib/python3.12/site-packages/airflow/cli/commands/task_command.py", line 341, in _run_raw_task
    return ti._run_raw_task(
           ^^^^^^^^^^^^^^^^^
  File "/home/airflow/.local/lib/python3.12/site-packages/airflow/utils/session.py", line 97, in wrapper
    return func(*args, session=session, **kwargs)
           ^^^^^^^^^^^^^^^^^^^^^^^^^^^^^^^^^^^^^^
  File "/home/airflow/.local/lib/python3.12/site-packages/airflow/models/taskinstance.py", line 3006, in _run_raw_task
    return _run_raw_task(
           ^^^^^^^^^^^^^^
  File "/home/airflow/.local/lib/python3.12/site-packages/airflow/models/taskinstance.py", line 274, in _run_raw_task
    TaskInstance._execute_task_with_callbacks(
  File "/home/airflow/.local/lib/python3.12/site-packages/airflow/models/taskinstance.py", line 3161, in _execute_task_with_callbacks
    result = self._execute_task(context, task_orig)
             ^^^^^^^^^^^^^^^^^^^^^^^^^^^^^^^^^^^^^^
  File "/home/airflow/.local/lib/python3.12/site-packages/airflow/models/taskinstance.py", line 3185, in _execute_task
    return _execute_task(self, context, task_orig)
           ^^^^^^^^^^^^^^^^^^^^^^^^^^^^^^^^^^^^^^^
  File "/home/airflow/.local/lib/python3.12/site-packages/airflow/models/taskinstance.py", line 768, in _execute_task
    result = _execute_callable(context=context, **execute_callable_kwargs)
             ^^^^^^^^^^^^^^^^^^^^^^^^^^^^^^^^^^^^^^^^^^^^^^^^^^^^^^^^^^^^^
  File "/home/airflow/.local/lib/python3.12/site-packages/airflow/models/taskinstance.py", line 734, in _execute_callable
    return ExecutionCallableRunner(
           ^^^^^^^^^^^^^^^^^^^^^^^^
  File "/home/airflow/.local/lib/python3.12/site-packages/airflow/utils/operator_helpers.py", line 252, in run
    return self.func(*args, **kwargs)
           ^^^^^^^^^^^^^^^^^^^^^^^^^^
  File "/home/airflow/.local/lib/python3.12/site-packages/airflow/models/baseoperator.py", line 424, in wrapper
    return func(self, *args, **kwargs)
           ^^^^^^^^^^^^^^^^^^^^^^^^^^^
  File "/home/airflow/.local/lib/python3.12/site-packages/airflow/operators/python.py", line 238, in execute
    return_value = self.execute_callable()
                   ^^^^^^^^^^^^^^^^^^^^^^^
  File "/home/airflow/.local/lib/python3.12/site-packages/airflow/operators/python.py", line 256, in execute_callable
    return runner.run(*self.op_args, **self.op_kwargs)
           ^^^^^^^^^^^^^^^^^^^^^^^^^^^^^^^^^^^^^^^^^^^
  File "/home/airflow/.local/lib/python3.12/site-packages/airflow/utils/operator_helpers.py", line 252, in run
    return self.func(*args, **kwargs)
           ^^^^^^^^^^^^^^^^^^^^^^^^^^
  File "/opt/airflow/dags/raw_from_s3_to_pg.py", line 58, in get_and_transfer_raw_data_to_ods_pg
    con.sql(
_duckdb.BinderException: Binder Error: Table "fct_earthquake" does not have a column with name "longitude"

Did you mean: "ongitude", "latitude"
[2026-07-24T20:11:17.927+0000] {local_task_job_runner.py:266} INFO - Task exited with return code 1
[2026-07-24T20:11:17.940+0000] {taskinstance.py:3901} INFO - 0 downstream tasks scheduled from follow-on schedule check
[2026-07-24T20:11:17.942+0000] {local_task_job_runner.py:245} INFO - ::endgroup::
