[2026-07-25T16:48:51.620+0000] {local_task_job_runner.py:123} INFO - ::group::Pre task execution logs
[2026-07-25T16:48:51.633+0000] {taskinstance.py:2614} INFO - Dependencies all met for dep_context=non-requeueable deps ti=<TaskInstance: fct_count_day_earthquake.create_stg_table scheduled__2026-07-20T02:00:00+00:00 [queued]>
[2026-07-25T16:48:51.639+0000] {taskinstance.py:2614} INFO - Dependencies all met for dep_context=requeueable deps ti=<TaskInstance: fct_count_day_earthquake.create_stg_table scheduled__2026-07-20T02:00:00+00:00 [queued]>
[2026-07-25T16:48:51.639+0000] {taskinstance.py:2867} INFO - Starting attempt 1 of 4
[2026-07-25T16:48:51.648+0000] {taskinstance.py:2890} INFO - Executing <Task(SQLExecuteQueryOperator): create_stg_table> on 2026-07-20 02:00:00+00:00
[2026-07-25T16:48:51.652+0000] {warnings.py:112} WARNING - /home/***/.local/lib/python3.12/site-packages/***/task/task_runner/standard_task_runner.py:70: DeprecationWarning: This process (pid=13672) is multi-threaded, use of fork() may lead to deadlocks in the child.
  pid = os.fork()

[2026-07-25T16:48:51.653+0000] {standard_task_runner.py:72} INFO - Started process 13673 to run task
[2026-07-25T16:48:51.654+0000] {standard_task_runner.py:104} INFO - Running: ['***', 'tasks', 'run', 'fct_count_day_earthquake', 'create_stg_table', 'scheduled__2026-07-20T02:00:00+00:00', '--job-id', '151', '--raw', '--subdir', 'DAGS_FOLDER/fct_count_day_eqrthquake.py', '--cfg-path', '/tmp/tmpzua9u26i']
[2026-07-25T16:48:51.655+0000] {standard_task_runner.py:105} INFO - Job 151: Subtask create_stg_table
[2026-07-25T16:48:51.686+0000] {task_command.py:467} INFO - Running <TaskInstance: fct_count_day_earthquake.create_stg_table scheduled__2026-07-20T02:00:00+00:00 [running]> on host e9d1c282f90e
[2026-07-25T16:48:51.740+0000] {taskinstance.py:3134} INFO - Exporting env vars: AIRFLOW_CTX_DAG_OWNER='e.alekseev' AIRFLOW_CTX_DAG_ID='fct_count_day_earthquake' AIRFLOW_CTX_TASK_ID='create_stg_table' AIRFLOW_CTX_EXECUTION_DATE='2026-07-20T02:00:00+00:00' AIRFLOW_CTX_TRY_NUMBER='1' AIRFLOW_CTX_DAG_RUN_ID='scheduled__2026-07-20T02:00:00+00:00'
[2026-07-25T16:48:51.741+0000] {taskinstance.py:732} INFO - ::endgroup::
[2026-07-25T16:48:51.749+0000] {sql.py:295} INFO - Executing: 
        CREATE TABLE stg."tmp_fct_count_day_earthquake_2026-07-20" AS
        SELECT
            time::date AS date,
            count(*)
        FROM
            ods.fct_earthquake
        WHERE
            time::date = '2026-07-20'
        GROUP BY 1
        
[2026-07-25T16:48:51.755+0000] {base.py:84} INFO - Retrieving connection '***_dwh'
[2026-07-25T16:48:51.760+0000] {base.py:84} INFO - Retrieving connection '***_dwh'
[2026-07-25T16:48:51.763+0000] {sql.py:511} INFO - Running statement: 
        CREATE TABLE stg."tmp_fct_count_day_earthquake_2026-07-20" AS
        SELECT
            time::date AS date,
            count(*)
        FROM
            ods.fct_earthquake
        WHERE
            time::date = '2026-07-20'
        GROUP BY 1
        , parameters: None
[2026-07-25T16:48:51.768+0000] {sql.py:520} INFO - Rows affected: 1
[2026-07-25T16:48:51.769+0000] {warnings.py:112} WARNING - /home/***/.local/lib/python3.12/site-packages/***/providers/common/sql/hooks/sql.py:470: DeprecationWarning: Import of fetch_all_handler from the '***.providers.common.sql.hooks' module is deprecated and will
be removed in the future. Please import it from '***.providers.common.sql.hooks.handlers'.
  result = self._make_common_data_structure(handler(cur))

[2026-07-25T16:48:51.770+0000] {warnings.py:112} WARNING - /home/***/.local/lib/python3.12/site-packages/***/providers/common/sql/hooks/sql.py:471: DeprecationWarning: Import of return_single_query_results from the '***.providers.common.sql.hooks' module is deprecated and will
be removed in the future. Please import it from '***.providers.common.sql.hooks.handlers'.
  if return_single_query_results(sql, return_last, split_statements):

[2026-07-25T16:48:51.770+0000] {warnings.py:112} WARNING - /home/***/.local/lib/python3.12/site-packages/***/providers/common/sql/hooks/sql.py:486: DeprecationWarning: Import of return_single_query_results from the '***.providers.common.sql.hooks' module is deprecated and will
be removed in the future. Please import it from '***.providers.common.sql.hooks.handlers'.
  if return_single_query_results(sql, return_last, split_statements):

[2026-07-25T16:48:51.770+0000] {warnings.py:112} WARNING - /home/***/.local/lib/python3.12/site-packages/***/providers/common/sql/operators/sql.py:311: DeprecationWarning: Import of return_single_query_results from the '***.providers.common.sql.hooks' module is deprecated and will
be removed in the future. Please import it from '***.providers.common.sql.hooks.handlers'.
  if return_single_query_results(self.sql, self.return_last, self.split_statements):

[2026-07-25T16:48:51.777+0000] {taskinstance.py:341} INFO - ::group::Post task execution logs
[2026-07-25T16:48:51.777+0000] {taskinstance.py:353} INFO - Marking task as SUCCESS. dag_id=fct_count_day_earthquake, task_id=create_stg_table, run_id=scheduled__2026-07-20T02:00:00+00:00, execution_date=20260720T020000, start_date=20260725T164851, end_date=20260725T164851
[2026-07-25T16:48:51.826+0000] {local_task_job_runner.py:266} INFO - Task exited with return code 0
[2026-07-25T16:48:51.851+0000] {taskinstance.py:3901} INFO - 1 downstream tasks scheduled from follow-on schedule check
[2026-07-25T16:48:51.853+0000] {local_task_job_runner.py:245} INFO - ::endgroup::
